[0.064s] Invoking command in '/home/xc/桌面/roscar_nav/build/xcar_description': CMAKE_PREFIX_PATH=${CMAKE_PREFIX_PATH}:/opt/ros/humble /usr/bin/cmake /home/xc/桌面/roscar_nav/src/xcar_description -DCMAKE_INSTALL_PREFIX=/home/xc/桌面/roscar_nav/install/xcar_description
[0.497s] -- The C compiler identification is GNU 11.4.0
[1.137s] -- The CXX compiler identification is GNU 11.4.0
[1.172s] -- Detecting C compiler ABI info
[1.732s] -- Detecting C compiler ABI info - done
[1.762s] -- Check for working C compiler: /usr/bin/cc - skipped
[1.766s] -- Detecting C compile features
[1.768s] -- Detecting C compile features - done
[1.781s] -- Detecting CXX compiler ABI info
[2.349s] -- Detecting CXX compiler ABI info - done
[2.377s] -- Check for working CXX compiler: /usr/bin/c++ - skipped
[2.379s] -- Detecting CXX compile features
[2.382s] -- Detecting CXX compile features - done
[2.421s] -- Found ament_cmake: 1.3.12 (/opt/ros/humble/share/ament_cmake/cmake)
[3.359s] -- Found Python3: /usr/bin/python3 (found version "3.10.12") found components: Interpreter 
[4.137s] -- Found ament_lint_auto: 0.12.14 (/opt/ros/humble/share/ament_lint_auto/cmake)
[4.745s] -- Added test 'lint_cmake' to check CMake code style
[4.754s] -- Added test 'xmllint' to check XML markup files
[4.764s] -- Configuring done
[4.789s] -- Generating done
[4.806s] -- Build files have been written to: /home/xc/桌面/roscar_nav/build/xcar_description
[4.822s] Invoked command in '/home/xc/桌面/roscar_nav/build/xcar_description' returned '0': CMAKE_PREFIX_PATH=${CMAKE_PREFIX_PATH}:/opt/ros/humble /usr/bin/cmake /home/xc/桌面/roscar_nav/src/xcar_description -DCMAKE_INSTALL_PREFIX=/home/xc/桌面/roscar_nav/install/xcar_description
[4.835s] Invoking command in '/home/xc/桌面/roscar_nav/build/xcar_description': CMAKE_PREFIX_PATH=${CMAKE_PREFIX_PATH}:/opt/ros/humble /usr/bin/cmake --build /home/xc/桌面/roscar_nav/build/xcar_description -- -j4 -l4
[5.065s] Invoked command in '/home/xc/桌面/roscar_nav/build/xcar_description' returned '0': CMAKE_PREFIX_PATH=${CMAKE_PREFIX_PATH}:/opt/ros/humble /usr/bin/cmake --build /home/xc/桌面/roscar_nav/build/xcar_description -- -j4 -l4
[5.146s] Invoking command in '/home/xc/桌面/roscar_nav/build/xcar_description': CMAKE_PREFIX_PATH=${CMAKE_PREFIX_PATH}:/opt/ros/humble /usr/bin/cmake --install /home/xc/桌面/roscar_nav/build/xcar_description
[5.177s] -- Install configuration: ""
[5.178s] -- Installing: /home/xc/桌面/roscar_nav/install/xcar_description/share/xcar_description/urdf
[5.178s] -- Installing: /home/xc/桌面/roscar_nav/install/xcar_description/share/xcar_description/urdf/xcar.urdf
[5.181s] -- Installing: /home/xc/桌面/roscar_nav/install/xcar_description/share/ament_index/resource_index/package_run_dependencies/xcar_description
[5.184s] -- Installing: /home/xc/桌面/roscar_nav/install/xcar_description/share/ament_index/resource_index/parent_prefix_path/xcar_description
[5.187s] -- Installing: /home/xc/桌面/roscar_nav/install/xcar_description/share/xcar_description/environment/ament_prefix_path.sh
[5.188s] -- Installing: /home/xc/桌面/roscar_nav/install/xcar_description/share/xcar_description/environment/ament_prefix_path.dsv
[5.190s] -- Installing: /home/xc/桌面/roscar_nav/install/xcar_description/share/xcar_description/environment/path.sh
[5.191s] -- Installing: /home/xc/桌面/roscar_nav/install/xcar_description/share/xcar_description/environment/path.dsv
[5.193s] -- Installing: /home/xc/桌面/roscar_nav/install/xcar_description/share/xcar_description/local_setup.bash
[5.194s] -- Installing: /home/xc/桌面/roscar_nav/install/xcar_description/share/xcar_description/local_setup.sh
[5.196s] -- Installing: /home/xc/桌面/roscar_nav/install/xcar_description/share/xcar_description/local_setup.zsh
[5.199s] -- Installing: /home/xc/桌面/roscar_nav/install/xcar_description/share/xcar_description/local_setup.dsv
[5.201s] -- Installing: /home/xc/桌面/roscar_nav/install/xcar_description/share/xcar_description/package.dsv
[5.202s] -- Installing: /home/xc/桌面/roscar_nav/install/xcar_description/share/ament_index/resource_index/packages/xcar_description
[5.204s] -- Installing: /home/xc/桌面/roscar_nav/install/xcar_description/share/xcar_description/cmake/xcar_descriptionConfig.cmake
[5.205s] -- Installing: /home/xc/桌面/roscar_nav/install/xcar_description/share/xcar_description/cmake/xcar_descriptionConfig-version.cmake
[5.207s] -- Installing: /home/xc/桌面/roscar_nav/install/xcar_description/share/xcar_description/package.xml
[5.225s] Invoked command in '/home/xc/桌面/roscar_nav/build/xcar_description' returned '0': CMAKE_PREFIX_PATH=${CMAKE_PREFIX_PATH}:/opt/ros/humble /usr/bin/cmake --install /home/xc/桌面/roscar_nav/build/xcar_description
