[0.125s] Invoking command in '/home/xc/桌面/roscar_nav/build/fishbot_bringup': CMAKE_PREFIX_PATH=${CMAKE_PREFIX_PATH}:/opt/ros/humble /usr/bin/cmake --build /home/xc/桌面/roscar_nav/build/fishbot_bringup -- -j4 -l4
[0.340s] [35m[1mConsolidate compiler generated dependencies of target odom2tf[0m
[0.451s] [100%] Built target odom2tf
[0.573s] Invoked command in '/home/xc/桌面/roscar_nav/build/fishbot_bringup' returned '0': CMAKE_PREFIX_PATH=${CMAKE_PREFIX_PATH}:/opt/ros/humble /usr/bin/cmake --build /home/xc/桌面/roscar_nav/build/fishbot_bringup -- -j4 -l4
[0.586s] Invoking command in '/home/xc/桌面/roscar_nav/build/fishbot_bringup': CMAKE_PREFIX_PATH=${CMAKE_PREFIX_PATH}:/opt/ros/humble /usr/bin/cmake --install /home/xc/桌面/roscar_nav/build/fishbot_bringup
[0.599s] -- Install configuration: ""
[0.601s] -- Up-to-date: /home/xc/桌面/roscar_nav/install/fishbot_bringup/lib/fishbot_bringup/odom2tf
[0.605s] -- Up-to-date: /home/xc/桌面/roscar_nav/install/fishbot_bringup/share/fishbot_bringup/launch
[0.605s] -- Up-to-date: /home/xc/桌面/roscar_nav/install/fishbot_bringup/share/fishbot_bringup/launch/urdf2tf.launch.py
[0.606s] -- Up-to-date: /home/xc/桌面/roscar_nav/install/fishbot_bringup/share/fishbot_bringup/launch/bringup.launch.py
[0.608s] -- Up-to-date: /home/xc/桌面/roscar_nav/install/fishbot_bringup/share/fishbot_bringup/launch/bringup_quick.launch.py
[0.609s] -- Up-to-date: /home/xc/桌面/roscar_nav/install/fishbot_bringup/share/ament_index/resource_index/package_run_dependencies/fishbot_bringup
[0.610s] -- Up-to-date: /home/xc/桌面/roscar_nav/install/fishbot_bringup/share/ament_index/resource_index/parent_prefix_path/fishbot_bringup
[0.613s] -- Up-to-date: /home/xc/桌面/roscar_nav/install/fishbot_bringup/share/fishbot_bringup/environment/ament_prefix_path.sh
[0.614s] -- Up-to-date: /home/xc/桌面/roscar_nav/install/fishbot_bringup/share/fishbot_bringup/environment/ament_prefix_path.dsv
[0.615s] -- Up-to-date: /home/xc/桌面/roscar_nav/install/fishbot_bringup/share/fishbot_bringup/environment/path.sh
[0.616s] -- Up-to-date: /home/xc/桌面/roscar_nav/install/fishbot_bringup/share/fishbot_bringup/environment/path.dsv
[0.617s] -- Up-to-date: /home/xc/桌面/roscar_nav/install/fishbot_bringup/share/fishbot_bringup/local_setup.bash
[0.618s] -- Up-to-date: /home/xc/桌面/roscar_nav/install/fishbot_bringup/share/fishbot_bringup/local_setup.sh
[0.619s] -- Up-to-date: /home/xc/桌面/roscar_nav/install/fishbot_bringup/share/fishbot_bringup/local_setup.zsh
[0.620s] -- Up-to-date: /home/xc/桌面/roscar_nav/install/fishbot_bringup/share/fishbot_bringup/local_setup.dsv
[0.621s] -- Installing: /home/xc/桌面/roscar_nav/install/fishbot_bringup/share/fishbot_bringup/package.dsv
[0.622s] -- Up-to-date: /home/xc/桌面/roscar_nav/install/fishbot_bringup/share/ament_index/resource_index/packages/fishbot_bringup
[0.622s] -- Up-to-date: /home/xc/桌面/roscar_nav/install/fishbot_bringup/share/fishbot_bringup/cmake/fishbot_bringupConfig.cmake
[0.624s] -- Up-to-date: /home/xc/桌面/roscar_nav/install/fishbot_bringup/share/fishbot_bringup/cmake/fishbot_bringupConfig-version.cmake
[0.624s] -- Up-to-date: /home/xc/桌面/roscar_nav/install/fishbot_bringup/share/fishbot_bringup/package.xml
[1.082s] Invoked command in '/home/xc/桌面/roscar_nav/build/fishbot_bringup' returned '0': CMAKE_PREFIX_PATH=${CMAKE_PREFIX_PATH}:/opt/ros/humble /usr/bin/cmake --install /home/xc/桌面/roscar_nav/build/fishbot_bringup
