[0.183s] Invoking command in '/home/xc/桌面/roscar_nav/build/fishbot_description': CMAKE_PREFIX_PATH=${CMAKE_PREFIX_PATH}:/opt/ros/humble /usr/bin/cmake --build /home/xc/桌面/roscar_nav/build/fishbot_description -- -j4 -l4
[0.425s] Invoked command in '/home/xc/桌面/roscar_nav/build/fishbot_description' returned '0': CMAKE_PREFIX_PATH=${CMAKE_PREFIX_PATH}:/opt/ros/humble /usr/bin/cmake --build /home/xc/桌面/roscar_nav/build/fishbot_description -- -j4 -l4
[0.485s] Invoking command in '/home/xc/桌面/roscar_nav/build/fishbot_description': CMAKE_PREFIX_PATH=${CMAKE_PREFIX_PATH}:/opt/ros/humble /usr/bin/cmake --install /home/xc/桌面/roscar_nav/build/fishbot_description
[0.539s] -- Install configuration: ""
[0.541s] -- Up-to-date: /home/xc/桌面/roscar_nav/install/fishbot_description/share/fishbot_description/urdf
[0.543s] -- Up-to-date: /home/xc/桌面/roscar_nav/install/fishbot_description/share/fishbot_description/urdf/fishbot.urdf
[0.545s] -- Up-to-date: /home/xc/桌面/roscar_nav/install/fishbot_description/share/ament_index/resource_index/package_run_dependencies/fishbot_description
[0.547s] -- Up-to-date: /home/xc/桌面/roscar_nav/install/fishbot_description/share/ament_index/resource_index/parent_prefix_path/fishbot_description
[0.549s] -- Up-to-date: /home/xc/桌面/roscar_nav/install/fishbot_description/share/fishbot_description/environment/ament_prefix_path.sh
[0.550s] -- Up-to-date: /home/xc/桌面/roscar_nav/install/fishbot_description/share/fishbot_description/environment/ament_prefix_path.dsv
[0.552s] -- Up-to-date: /home/xc/桌面/roscar_nav/install/fishbot_description/share/fishbot_description/environment/path.sh
[0.678s] -- Up-to-date: /home/xc/桌面/roscar_nav/install/fishbot_description/share/fishbot_description/environment/path.dsv
[0.679s] -- Up-to-date: /home/xc/桌面/roscar_nav/install/fishbot_description/share/fishbot_description/local_setup.bash
[0.680s] -- Up-to-date: /home/xc/桌面/roscar_nav/install/fishbot_description/share/fishbot_description/local_setup.sh
[0.681s] -- Up-to-date: /home/xc/桌面/roscar_nav/install/fishbot_description/share/fishbot_description/local_setup.zsh
[0.682s] -- Up-to-date: /home/xc/桌面/roscar_nav/install/fishbot_description/share/fishbot_description/local_setup.dsv
[0.683s] -- Installing: /home/xc/桌面/roscar_nav/install/fishbot_description/share/fishbot_description/package.dsv
[0.684s] -- Up-to-date: /home/xc/桌面/roscar_nav/install/fishbot_description/share/ament_index/resource_index/packages/fishbot_description
[0.685s] -- Up-to-date: /home/xc/桌面/roscar_nav/install/fishbot_description/share/fishbot_description/cmake/fishbot_descriptionConfig.cmake
[0.686s] -- Up-to-date: /home/xc/桌面/roscar_nav/install/fishbot_description/share/fishbot_description/cmake/fishbot_descriptionConfig-version.cmake
[0.687s] -- Up-to-date: /home/xc/桌面/roscar_nav/install/fishbot_description/share/fishbot_description/package.xml
[0.843s] Invoked command in '/home/xc/桌面/roscar_nav/build/fishbot_description' returned '0': CMAKE_PREFIX_PATH=${CMAKE_PREFIX_PATH}:/opt/ros/humble /usr/bin/cmake --install /home/xc/桌面/roscar_nav/build/fishbot_description
