[0.115s] Invoking command in '/home/xc/桌面/roscar_nav/build/fishbot_bringup': CMAKE_PREFIX_PATH=/opt/ros/humble /usr/bin/cmake --build /home/xc/桌面/roscar_nav/build/fishbot_bringup -- -j4 -l4
[2.207s] [100%] Built target odom2tf
[2.565s] Invoked command in '/home/xc/桌面/roscar_nav/build/fishbot_bringup' returned '0': CMAKE_PREFIX_PATH=/opt/ros/humble /usr/bin/cmake --build /home/xc/桌面/roscar_nav/build/fishbot_bringup -- -j4 -l4
[2.637s] Invoking command in '/home/xc/桌面/roscar_nav/build/fishbot_bringup': CMAKE_PREFIX_PATH=/opt/ros/humble /usr/bin/cmake --install /home/xc/桌面/roscar_nav/build/fishbot_bringup
[2.670s] -- Install configuration: ""
[2.672s] -- Up-to-date: /home/xc/桌面/roscar_nav/install/fishbot_bringup/lib/fishbot_bringup/odom2tf
[2.676s] -- Up-to-date: /home/xc/桌面/roscar_nav/install/fishbot_bringup/share/fishbot_bringup/launch
[2.677s] -- Up-to-date: /home/xc/桌面/roscar_nav/install/fishbot_bringup/share/fishbot_bringup/launch/urdf2tf.launch.py
[2.679s] -- Up-to-date: /home/xc/桌面/roscar_nav/install/fishbot_bringup/share/fishbot_bringup/launch/bringup.launch.py
[2.680s] -- Up-to-date: /home/xc/桌面/roscar_nav/install/fishbot_bringup/share/fishbot_bringup/launch/bringup_quick.launch.py
[2.682s] -- Up-to-date: /home/xc/桌面/roscar_nav/install/fishbot_bringup/share/ament_index/resource_index/package_run_dependencies/fishbot_bringup
[2.682s] -- Up-to-date: /home/xc/桌面/roscar_nav/install/fishbot_bringup/share/ament_index/resource_index/parent_prefix_path/fishbot_bringup
[2.683s] -- Up-to-date: /home/xc/桌面/roscar_nav/install/fishbot_bringup/share/fishbot_bringup/environment/ament_prefix_path.sh
[2.684s] -- Up-to-date: /home/xc/桌面/roscar_nav/install/fishbot_bringup/share/fishbot_bringup/environment/ament_prefix_path.dsv
[2.686s] -- Up-to-date: /home/xc/桌面/roscar_nav/install/fishbot_bringup/share/fishbot_bringup/environment/path.sh
[2.687s] -- Up-to-date: /home/xc/桌面/roscar_nav/install/fishbot_bringup/share/fishbot_bringup/environment/path.dsv
[2.688s] -- Up-to-date: /home/xc/桌面/roscar_nav/install/fishbot_bringup/share/fishbot_bringup/local_setup.bash
[2.689s] -- Up-to-date: /home/xc/桌面/roscar_nav/install/fishbot_bringup/share/fishbot_bringup/local_setup.sh
[2.690s] -- Up-to-date: /home/xc/桌面/roscar_nav/install/fishbot_bringup/share/fishbot_bringup/local_setup.zsh
[2.692s] -- Up-to-date: /home/xc/桌面/roscar_nav/install/fishbot_bringup/share/fishbot_bringup/local_setup.dsv
[2.693s] -- Installing: /home/xc/桌面/roscar_nav/install/fishbot_bringup/share/fishbot_bringup/package.dsv
[2.694s] -- Up-to-date: /home/xc/桌面/roscar_nav/install/fishbot_bringup/share/ament_index/resource_index/packages/fishbot_bringup
[2.698s] -- Up-to-date: /home/xc/桌面/roscar_nav/install/fishbot_bringup/share/fishbot_bringup/cmake/fishbot_bringupConfig.cmake
[2.699s] -- Up-to-date: /home/xc/桌面/roscar_nav/install/fishbot_bringup/share/fishbot_bringup/cmake/fishbot_bringupConfig-version.cmake
[2.701s] -- Up-to-date: /home/xc/桌面/roscar_nav/install/fishbot_bringup/share/fishbot_bringup/package.xml
[2.794s] Invoked command in '/home/xc/桌面/roscar_nav/build/fishbot_bringup' returned '0': CMAKE_PREFIX_PATH=/opt/ros/humble /usr/bin/cmake --install /home/xc/桌面/roscar_nav/build/fishbot_bringup
