[0.650s] DEBUG:colcon:Command line arguments: ['/usr/bin/colcon', 'build']
[0.651s] DEBUG:colcon:Parsed command line arguments: Namespace(log_base=None, log_level=None, verb_name='build', build_base='build', install_base='install', merge_install=False, symlink_install=False, test_result_base=None, continue_on_error=False, executor='parallel', parallel_workers=4, event_handlers=None, ignore_user_meta=False, metas=['./colcon.meta'], base_paths=['.'], packages_ignore=None, packages_ignore_regex=None, paths=None, packages_up_to=None, packages_up_to_regex=None, packages_above=None, packages_above_and_dependencies=None, packages_above_depth=None, packages_select_by_dep=None, packages_skip_by_dep=None, packages_skip_up_to=None, packages_select_build_failed=False, packages_skip_build_finished=False, packages_select_test_failures=False, packages_skip_test_passed=False, packages_select=None, packages_skip=None, packages_select_regex=None, packages_skip_regex=None, packages_start=None, packages_end=None, allow_overriding=[], cmake_args=None, cmake_target=None, cmake_target_skip_unavailable=False, cmake_clean_cache=False, cmake_clean_first=False, cmake_force_configure=False, ament_cmake_args=None, catkin_cmake_args=None, catkin_skip_building_tests=False, verb_parser=<colcon_defaults.argument_parser.defaults.DefaultArgumentsDecorator object at 0xffff9dcfb940>, verb_extension=<colcon_core.verb.build.BuildVerb object at 0xffff9de60a00>, main=<bound method BuildVerb.main of <colcon_core.verb.build.BuildVerb object at 0xffff9de60a00>>)
[2.067s] Level 1:colcon.colcon_core.package_discovery:discover_packages(colcon_meta) check parameters
[2.068s] Level 1:colcon.colcon_core.package_discovery:discover_packages(recursive) check parameters
[2.068s] Level 1:colcon.colcon_core.package_discovery:discover_packages(ignore) check parameters
[2.068s] Level 1:colcon.colcon_core.package_discovery:discover_packages(path) check parameters
[2.068s] Level 1:colcon.colcon_core.package_discovery:discover_packages(colcon_meta) discover
[2.069s] Level 1:colcon.colcon_core.package_discovery:discover_packages(recursive) discover
[2.069s] INFO:colcon.colcon_core.package_discovery:Crawling recursively for packages in '/home/xc/桌面/roscar_nav'
[2.070s] Level 1:colcon.colcon_core.package_identification:_identify(.) by extensions ['ignore', 'ignore_ament_install']
[2.071s] Level 1:colcon.colcon_core.package_identification:_identify(.) by extension 'ignore'
[2.071s] Level 1:colcon.colcon_core.package_identification:_identify(.) by extension 'ignore_ament_install'
[2.071s] Level 1:colcon.colcon_core.package_identification:_identify(.) by extensions ['colcon_pkg']
[2.071s] Level 1:colcon.colcon_core.package_identification:_identify(.) by extension 'colcon_pkg'
[2.072s] Level 1:colcon.colcon_core.package_identification:_identify(.) by extensions ['colcon_meta']
[2.072s] Level 1:colcon.colcon_core.package_identification:_identify(.) by extension 'colcon_meta'
[2.072s] Level 1:colcon.colcon_core.package_identification:_identify(.) by extensions ['ros']
[2.072s] Level 1:colcon.colcon_core.package_identification:_identify(.) by extension 'ros'
[2.127s] Level 1:colcon.colcon_core.package_identification:_identify(.) by extensions ['cmake', 'python']
[2.128s] Level 1:colcon.colcon_core.package_identification:_identify(.) by extension 'cmake'
[2.128s] Level 1:colcon.colcon_core.package_identification:_identify(.) by extension 'python'
[2.128s] Level 1:colcon.colcon_core.package_identification:_identify(.) by extensions ['python_setup_py']
[2.128s] Level 1:colcon.colcon_core.package_identification:_identify(.) by extension 'python_setup_py'
[2.129s] Level 1:colcon.colcon_core.package_identification:_identify(build) by extensions ['ignore', 'ignore_ament_install']
[2.129s] Level 1:colcon.colcon_core.package_identification:_identify(build) by extension 'ignore'
[2.129s] Level 1:colcon.colcon_core.package_identification:_identify(build) ignored
[2.130s] Level 1:colcon.colcon_core.package_identification:_identify(install) by extensions ['ignore', 'ignore_ament_install']
[2.130s] Level 1:colcon.colcon_core.package_identification:_identify(install) by extension 'ignore'
[2.131s] Level 1:colcon.colcon_core.package_identification:_identify(install) ignored
[2.131s] Level 1:colcon.colcon_core.package_identification:_identify(log) by extensions ['ignore', 'ignore_ament_install']
[2.131s] Level 1:colcon.colcon_core.package_identification:_identify(log) by extension 'ignore'
[2.132s] Level 1:colcon.colcon_core.package_identification:_identify(log) ignored
[2.132s] Level 1:colcon.colcon_core.package_identification:_identify(src) by extensions ['ignore', 'ignore_ament_install']
[2.132s] Level 1:colcon.colcon_core.package_identification:_identify(src) by extension 'ignore'
[2.132s] Level 1:colcon.colcon_core.package_identification:_identify(src) by extension 'ignore_ament_install'
[2.133s] Level 1:colcon.colcon_core.package_identification:_identify(src) by extensions ['colcon_pkg']
[2.133s] Level 1:colcon.colcon_core.package_identification:_identify(src) by extension 'colcon_pkg'
[2.133s] Level 1:colcon.colcon_core.package_identification:_identify(src) by extensions ['colcon_meta']
[2.133s] Level 1:colcon.colcon_core.package_identification:_identify(src) by extension 'colcon_meta'
[2.133s] Level 1:colcon.colcon_core.package_identification:_identify(src) by extensions ['ros']
[2.133s] Level 1:colcon.colcon_core.package_identification:_identify(src) by extension 'ros'
[2.134s] Level 1:colcon.colcon_core.package_identification:_identify(src) by extensions ['cmake', 'python']
[2.134s] Level 1:colcon.colcon_core.package_identification:_identify(src) by extension 'cmake'
[2.134s] Level 1:colcon.colcon_core.package_identification:_identify(src) by extension 'python'
[2.134s] Level 1:colcon.colcon_core.package_identification:_identify(src) by extensions ['python_setup_py']
[2.134s] Level 1:colcon.colcon_core.package_identification:_identify(src) by extension 'python_setup_py'
[2.135s] Level 1:colcon.colcon_core.package_identification:_identify(src/fishbot_bringup) by extensions ['ignore', 'ignore_ament_install']
[2.135s] Level 1:colcon.colcon_core.package_identification:_identify(src/fishbot_bringup) by extension 'ignore'
[2.135s] Level 1:colcon.colcon_core.package_identification:_identify(src/fishbot_bringup) by extension 'ignore_ament_install'
[2.136s] Level 1:colcon.colcon_core.package_identification:_identify(src/fishbot_bringup) by extensions ['colcon_pkg']
[2.136s] Level 1:colcon.colcon_core.package_identification:_identify(src/fishbot_bringup) by extension 'colcon_pkg'
[2.136s] Level 1:colcon.colcon_core.package_identification:_identify(src/fishbot_bringup) by extensions ['colcon_meta']
[2.136s] Level 1:colcon.colcon_core.package_identification:_identify(src/fishbot_bringup) by extension 'colcon_meta'
[2.136s] Level 1:colcon.colcon_core.package_identification:_identify(src/fishbot_bringup) by extensions ['ros']
[2.136s] Level 1:colcon.colcon_core.package_identification:_identify(src/fishbot_bringup) by extension 'ros'
[2.147s] DEBUG:colcon.colcon_core.package_identification:Package 'src/fishbot_bringup' with type 'ros.ament_cmake' and name 'fishbot_bringup'
[2.147s] Level 1:colcon.colcon_core.package_identification:_identify(src/fishbot_description) by extensions ['ignore', 'ignore_ament_install']
[2.148s] Level 1:colcon.colcon_core.package_identification:_identify(src/fishbot_description) by extension 'ignore'
[2.148s] Level 1:colcon.colcon_core.package_identification:_identify(src/fishbot_description) by extension 'ignore_ament_install'
[2.148s] Level 1:colcon.colcon_core.package_identification:_identify(src/fishbot_description) by extensions ['colcon_pkg']
[2.148s] Level 1:colcon.colcon_core.package_identification:_identify(src/fishbot_description) by extension 'colcon_pkg'
[2.149s] Level 1:colcon.colcon_core.package_identification:_identify(src/fishbot_description) by extensions ['colcon_meta']
[2.149s] Level 1:colcon.colcon_core.package_identification:_identify(src/fishbot_description) by extension 'colcon_meta'
[2.149s] Level 1:colcon.colcon_core.package_identification:_identify(src/fishbot_description) by extensions ['ros']
[2.149s] Level 1:colcon.colcon_core.package_identification:_identify(src/fishbot_description) by extension 'ros'
[2.152s] DEBUG:colcon.colcon_core.package_identification:Package 'src/fishbot_description' with type 'ros.ament_cmake' and name 'fishbot_description'
[2.153s] Level 1:colcon.colcon_core.package_identification:_identify(src/lidar_pkg_ros2-main) by extensions ['ignore', 'ignore_ament_install']
[2.153s] Level 1:colcon.colcon_core.package_identification:_identify(src/lidar_pkg_ros2-main) by extension 'ignore'
[2.153s] Level 1:colcon.colcon_core.package_identification:_identify(src/lidar_pkg_ros2-main) by extension 'ignore_ament_install'
[2.153s] Level 1:colcon.colcon_core.package_identification:_identify(src/lidar_pkg_ros2-main) by extensions ['colcon_pkg']
[2.154s] Level 1:colcon.colcon_core.package_identification:_identify(src/lidar_pkg_ros2-main) by extension 'colcon_pkg'
[2.154s] Level 1:colcon.colcon_core.package_identification:_identify(src/lidar_pkg_ros2-main) by extensions ['colcon_meta']
[2.154s] Level 1:colcon.colcon_core.package_identification:_identify(src/lidar_pkg_ros2-main) by extension 'colcon_meta'
[2.154s] Level 1:colcon.colcon_core.package_identification:_identify(src/lidar_pkg_ros2-main) by extensions ['ros']
[2.154s] Level 1:colcon.colcon_core.package_identification:_identify(src/lidar_pkg_ros2-main) by extension 'ros'
[2.158s] DEBUG:colcon.colcon_core.package_identification:Package 'src/lidar_pkg_ros2-main' with type 'ros.ament_cmake' and name 'lidar_pkg'
[2.159s] Level 1:colcon.colcon_core.package_identification:_identify(src/slam_pkg) by extensions ['ignore', 'ignore_ament_install']
[2.159s] Level 1:colcon.colcon_core.package_identification:_identify(src/slam_pkg) by extension 'ignore'
[2.159s] Level 1:colcon.colcon_core.package_identification:_identify(src/slam_pkg) by extension 'ignore_ament_install'
[2.159s] Level 1:colcon.colcon_core.package_identification:_identify(src/slam_pkg) by extensions ['colcon_pkg']
[2.160s] Level 1:colcon.colcon_core.package_identification:_identify(src/slam_pkg) by extension 'colcon_pkg'
[2.160s] Level 1:colcon.colcon_core.package_identification:_identify(src/slam_pkg) by extensions ['colcon_meta']
[2.160s] Level 1:colcon.colcon_core.package_identification:_identify(src/slam_pkg) by extension 'colcon_meta'
[2.160s] Level 1:colcon.colcon_core.package_identification:_identify(src/slam_pkg) by extensions ['ros']
[2.160s] Level 1:colcon.colcon_core.package_identification:_identify(src/slam_pkg) by extension 'ros'
[2.163s] DEBUG:colcon.colcon_core.package_identification:Package 'src/slam_pkg' with type 'ros.ament_cmake' and name 'slam_pkg'
[2.163s] Level 1:colcon.colcon_core.package_discovery:discover_packages(recursive) using defaults
[2.164s] Level 1:colcon.colcon_core.package_discovery:discover_packages(ignore) discover
[2.164s] Level 1:colcon.colcon_core.package_discovery:discover_packages(ignore) using defaults
[2.164s] Level 1:colcon.colcon_core.package_discovery:discover_packages(path) discover
[2.164s] Level 1:colcon.colcon_core.package_discovery:discover_packages(path) using defaults
[2.320s] Level 1:colcon.colcon_core.package_discovery:discover_packages(prefix_path) check parameters
[2.320s] Level 1:colcon.colcon_core.package_discovery:discover_packages(prefix_path) discover
[2.342s] DEBUG:colcon.colcon_installed_package_information.package_discovery:Found 281 installed packages in /opt/ros/humble
[2.349s] Level 1:colcon.colcon_core.package_discovery:discover_packages(prefix_path) using defaults
[2.518s] Level 5:colcon.colcon_core.verb:set package 'fishbot_bringup' build argument 'cmake_args' from command line to 'None'
[2.518s] Level 5:colcon.colcon_core.verb:set package 'fishbot_bringup' build argument 'cmake_target' from command line to 'None'
[2.518s] Level 5:colcon.colcon_core.verb:set package 'fishbot_bringup' build argument 'cmake_target_skip_unavailable' from command line to 'False'
[2.518s] Level 5:colcon.colcon_core.verb:set package 'fishbot_bringup' build argument 'cmake_clean_cache' from command line to 'False'
[2.519s] Level 5:colcon.colcon_core.verb:set package 'fishbot_bringup' build argument 'cmake_clean_first' from command line to 'False'
[2.519s] Level 5:colcon.colcon_core.verb:set package 'fishbot_bringup' build argument 'cmake_force_configure' from command line to 'False'
[2.519s] Level 5:colcon.colcon_core.verb:set package 'fishbot_bringup' build argument 'ament_cmake_args' from command line to 'None'
[2.519s] Level 5:colcon.colcon_core.verb:set package 'fishbot_bringup' build argument 'catkin_cmake_args' from command line to 'None'
[2.519s] Level 5:colcon.colcon_core.verb:set package 'fishbot_bringup' build argument 'catkin_skip_building_tests' from command line to 'False'
[2.519s] DEBUG:colcon.colcon_core.verb:Building package 'fishbot_bringup' with the following arguments: {'ament_cmake_args': None, 'build_base': '/home/xc/桌面/roscar_nav/build/fishbot_bringup', 'catkin_cmake_args': None, 'catkin_skip_building_tests': False, 'cmake_args': None, 'cmake_clean_cache': False, 'cmake_clean_first': False, 'cmake_force_configure': False, 'cmake_target': None, 'cmake_target_skip_unavailable': False, 'install_base': '/home/xc/桌面/roscar_nav/install/fishbot_bringup', 'merge_install': False, 'path': '/home/xc/桌面/roscar_nav/src/fishbot_bringup', 'symlink_install': False, 'test_result_base': None}
[2.521s] Level 5:colcon.colcon_core.verb:set package 'fishbot_description' build argument 'cmake_args' from command line to 'None'
[2.521s] Level 5:colcon.colcon_core.verb:set package 'fishbot_description' build argument 'cmake_target' from command line to 'None'
[2.521s] Level 5:colcon.colcon_core.verb:set package 'fishbot_description' build argument 'cmake_target_skip_unavailable' from command line to 'False'
[2.521s] Level 5:colcon.colcon_core.verb:set package 'fishbot_description' build argument 'cmake_clean_cache' from command line to 'False'
[2.521s] Level 5:colcon.colcon_core.verb:set package 'fishbot_description' build argument 'cmake_clean_first' from command line to 'False'
[2.521s] Level 5:colcon.colcon_core.verb:set package 'fishbot_description' build argument 'cmake_force_configure' from command line to 'False'
[2.521s] Level 5:colcon.colcon_core.verb:set package 'fishbot_description' build argument 'ament_cmake_args' from command line to 'None'
[2.521s] Level 5:colcon.colcon_core.verb:set package 'fishbot_description' build argument 'catkin_cmake_args' from command line to 'None'
[2.522s] Level 5:colcon.colcon_core.verb:set package 'fishbot_description' build argument 'catkin_skip_building_tests' from command line to 'False'
[2.522s] DEBUG:colcon.colcon_core.verb:Building package 'fishbot_description' with the following arguments: {'ament_cmake_args': None, 'build_base': '/home/xc/桌面/roscar_nav/build/fishbot_description', 'catkin_cmake_args': None, 'catkin_skip_building_tests': False, 'cmake_args': None, 'cmake_clean_cache': False, 'cmake_clean_first': False, 'cmake_force_configure': False, 'cmake_target': None, 'cmake_target_skip_unavailable': False, 'install_base': '/home/xc/桌面/roscar_nav/install/fishbot_description', 'merge_install': False, 'path': '/home/xc/桌面/roscar_nav/src/fishbot_description', 'symlink_install': False, 'test_result_base': None}
[2.523s] Level 5:colcon.colcon_core.verb:set package 'lidar_pkg' build argument 'cmake_args' from command line to 'None'
[2.523s] Level 5:colcon.colcon_core.verb:set package 'lidar_pkg' build argument 'cmake_target' from command line to 'None'
[2.523s] Level 5:colcon.colcon_core.verb:set package 'lidar_pkg' build argument 'cmake_target_skip_unavailable' from command line to 'False'
[2.524s] Level 5:colcon.colcon_core.verb:set package 'lidar_pkg' build argument 'cmake_clean_cache' from command line to 'False'
[2.524s] Level 5:colcon.colcon_core.verb:set package 'lidar_pkg' build argument 'cmake_clean_first' from command line to 'False'
[2.524s] Level 5:colcon.colcon_core.verb:set package 'lidar_pkg' build argument 'cmake_force_configure' from command line to 'False'
[2.524s] Level 5:colcon.colcon_core.verb:set package 'lidar_pkg' build argument 'ament_cmake_args' from command line to 'None'
[2.524s] Level 5:colcon.colcon_core.verb:set package 'lidar_pkg' build argument 'catkin_cmake_args' from command line to 'None'
[2.524s] Level 5:colcon.colcon_core.verb:set package 'lidar_pkg' build argument 'catkin_skip_building_tests' from command line to 'False'
[2.524s] DEBUG:colcon.colcon_core.verb:Building package 'lidar_pkg' with the following arguments: {'ament_cmake_args': None, 'build_base': '/home/xc/桌面/roscar_nav/build/lidar_pkg', 'catkin_cmake_args': None, 'catkin_skip_building_tests': False, 'cmake_args': None, 'cmake_clean_cache': False, 'cmake_clean_first': False, 'cmake_force_configure': False, 'cmake_target': None, 'cmake_target_skip_unavailable': False, 'install_base': '/home/xc/桌面/roscar_nav/install/lidar_pkg', 'merge_install': False, 'path': '/home/xc/桌面/roscar_nav/src/lidar_pkg_ros2-main', 'symlink_install': False, 'test_result_base': None}
[2.526s] Level 5:colcon.colcon_core.verb:set package 'slam_pkg' build argument 'cmake_args' from command line to 'None'
[2.526s] Level 5:colcon.colcon_core.verb:set package 'slam_pkg' build argument 'cmake_target' from command line to 'None'
[2.526s] Level 5:colcon.colcon_core.verb:set package 'slam_pkg' build argument 'cmake_target_skip_unavailable' from command line to 'False'
[2.526s] Level 5:colcon.colcon_core.verb:set package 'slam_pkg' build argument 'cmake_clean_cache' from command line to 'False'
[2.526s] Level 5:colcon.colcon_core.verb:set package 'slam_pkg' build argument 'cmake_clean_first' from command line to 'False'
[2.526s] Level 5:colcon.colcon_core.verb:set package 'slam_pkg' build argument 'cmake_force_configure' from command line to 'False'
[2.526s] Level 5:colcon.colcon_core.verb:set package 'slam_pkg' build argument 'ament_cmake_args' from command line to 'None'
[2.527s] Level 5:colcon.colcon_core.verb:set package 'slam_pkg' build argument 'catkin_cmake_args' from command line to 'None'
[2.527s] Level 5:colcon.colcon_core.verb:set package 'slam_pkg' build argument 'catkin_skip_building_tests' from command line to 'False'
[2.527s] DEBUG:colcon.colcon_core.verb:Building package 'slam_pkg' with the following arguments: {'ament_cmake_args': None, 'build_base': '/home/xc/桌面/roscar_nav/build/slam_pkg', 'catkin_cmake_args': None, 'catkin_skip_building_tests': False, 'cmake_args': None, 'cmake_clean_cache': False, 'cmake_clean_first': False, 'cmake_force_configure': False, 'cmake_target': None, 'cmake_target_skip_unavailable': False, 'install_base': '/home/xc/桌面/roscar_nav/install/slam_pkg', 'merge_install': False, 'path': '/home/xc/桌面/roscar_nav/src/slam_pkg', 'symlink_install': False, 'test_result_base': None}
[2.527s] INFO:colcon.colcon_core.executor:Executing jobs using 'parallel' executor
[2.530s] DEBUG:colcon.colcon_parallel_executor.executor.parallel:run_until_complete
[2.531s] INFO:colcon.colcon_ros.task.ament_cmake.build:Building ROS package in '/home/xc/桌面/roscar_nav/src/fishbot_bringup' with build type 'ament_cmake'
[2.532s] INFO:colcon.colcon_cmake.task.cmake.build:Building CMake package in '/home/xc/桌面/roscar_nav/src/fishbot_bringup'
[2.551s] INFO:colcon.colcon_core.plugin_system:Skipping extension 'colcon_core.shell.bat': Not used on non-Windows systems
[2.552s] INFO:colcon.colcon_core.shell:Skip shell extension 'powershell' for command environment: Not usable outside of PowerShell
[2.553s] DEBUG:colcon.colcon_core.shell:Skip shell extension 'dsv' for command environment
[2.571s] INFO:colcon.colcon_ros.task.ament_cmake.build:Building ROS package in '/home/xc/桌面/roscar_nav/src/fishbot_description' with build type 'ament_cmake'
[2.572s] INFO:colcon.colcon_cmake.task.cmake.build:Building CMake package in '/home/xc/桌面/roscar_nav/src/fishbot_description'
[2.573s] INFO:colcon.colcon_core.shell:Skip shell extension 'powershell' for command environment: Not usable outside of PowerShell
[2.574s] DEBUG:colcon.colcon_core.shell:Skip shell extension 'dsv' for command environment
[2.589s] INFO:colcon.colcon_ros.task.ament_cmake.build:Building ROS package in '/home/xc/桌面/roscar_nav/src/lidar_pkg_ros2-main' with build type 'ament_cmake'
[2.589s] INFO:colcon.colcon_cmake.task.cmake.build:Building CMake package in '/home/xc/桌面/roscar_nav/src/lidar_pkg_ros2-main'
[2.590s] INFO:colcon.colcon_core.shell:Skip shell extension 'powershell' for command environment: Not usable outside of PowerShell
[2.591s] DEBUG:colcon.colcon_core.shell:Skip shell extension 'dsv' for command environment
[2.606s] INFO:colcon.colcon_ros.task.ament_cmake.build:Building ROS package in '/home/xc/桌面/roscar_nav/src/slam_pkg' with build type 'ament_cmake'
[2.607s] INFO:colcon.colcon_cmake.task.cmake.build:Building CMake package in '/home/xc/桌面/roscar_nav/src/slam_pkg'
[2.608s] INFO:colcon.colcon_core.shell:Skip shell extension 'powershell' for command environment: Not usable outside of PowerShell
[2.608s] DEBUG:colcon.colcon_core.shell:Skip shell extension 'dsv' for command environment
[2.649s] DEBUG:colcon.colcon_core.event_handler.log_command:Invoking command in '/home/xc/桌面/roscar_nav/build/fishbot_bringup': CMAKE_PREFIX_PATH=/opt/ros/humble /usr/bin/cmake --build /home/xc/桌面/roscar_nav/build/fishbot_bringup -- -j4 -l4
[2.681s] DEBUG:colcon.colcon_core.event_handler.log_command:Invoking command in '/home/xc/桌面/roscar_nav/build/fishbot_description': CMAKE_PREFIX_PATH=/opt/ros/humble /usr/bin/cmake --build /home/xc/桌面/roscar_nav/build/fishbot_description -- -j4 -l4
[2.697s] DEBUG:colcon.colcon_core.event_handler.log_command:Invoking command in '/home/xc/桌面/roscar_nav/build/lidar_pkg': CMAKE_PREFIX_PATH=/opt/ros/humble /usr/bin/cmake --build /home/xc/桌面/roscar_nav/build/lidar_pkg -- -j4 -l4
[2.953s] DEBUG:colcon.colcon_core.event_handler.log_command:Invoking command in '/home/xc/桌面/roscar_nav/build/slam_pkg': CMAKE_PREFIX_PATH=/opt/ros/humble /usr/bin/cmake --build /home/xc/桌面/roscar_nav/build/slam_pkg -- -j4 -l4
[3.313s] DEBUG:colcon.colcon_core.event_handler.log_command:Invoked command in '/home/xc/桌面/roscar_nav/build/fishbot_description' returned '0': CMAKE_PREFIX_PATH=/opt/ros/humble /usr/bin/cmake --build /home/xc/桌面/roscar_nav/build/fishbot_description -- -j4 -l4
[3.370s] DEBUG:colcon.colcon_core.event_handler.log_command:Invoking command in '/home/xc/桌面/roscar_nav/build/fishbot_description': CMAKE_PREFIX_PATH=/opt/ros/humble /usr/bin/cmake --install /home/xc/桌面/roscar_nav/build/fishbot_description
[3.371s] DEBUG:colcon.colcon_core.event_handler.log_command:Invoked command in '/home/xc/桌面/roscar_nav/build/slam_pkg' returned '0': CMAKE_PREFIX_PATH=/opt/ros/humble /usr/bin/cmake --build /home/xc/桌面/roscar_nav/build/slam_pkg -- -j4 -l4
[3.419s] DEBUG:colcon.colcon_core.event_handler.log_command:Invoking command in '/home/xc/桌面/roscar_nav/build/slam_pkg': CMAKE_PREFIX_PATH=/opt/ros/humble /usr/bin/cmake --install /home/xc/桌面/roscar_nav/build/slam_pkg
[3.446s] Level 1:colcon.colcon_core.environment:create_environment_scripts_only(fishbot_description)
[3.516s] DEBUG:colcon.colcon_core.event_handler.log_command:Invoked command in '/home/xc/桌面/roscar_nav/build/fishbot_description' returned '0': CMAKE_PREFIX_PATH=/opt/ros/humble /usr/bin/cmake --install /home/xc/桌面/roscar_nav/build/fishbot_description
[3.746s] Level 1:colcon.colcon_core.environment:checking '/home/xc/桌面/roscar_nav/install/fishbot_description' for CMake module files
[3.751s] Level 1:colcon.colcon_core.environment:checking '/home/xc/桌面/roscar_nav/install/fishbot_description' for CMake config files
[3.827s] Level 1:colcon.colcon_core.shell:create_environment_hook('fishbot_description', 'cmake_prefix_path')
[3.828s] INFO:colcon.colcon_core.shell:Creating environment hook '/home/xc/桌面/roscar_nav/install/fishbot_description/share/fishbot_description/hook/cmake_prefix_path.ps1'
[3.838s] INFO:colcon.colcon_core.shell:Creating environment descriptor '/home/xc/桌面/roscar_nav/install/fishbot_description/share/fishbot_description/hook/cmake_prefix_path.dsv'
[3.919s] INFO:colcon.colcon_core.shell:Creating environment hook '/home/xc/桌面/roscar_nav/install/fishbot_description/share/fishbot_description/hook/cmake_prefix_path.sh'
[3.932s] Level 1:colcon.colcon_core.environment:checking '/home/xc/桌面/roscar_nav/install/fishbot_description/bin'
[3.933s] Level 1:colcon.colcon_core.environment:checking '/home/xc/桌面/roscar_nav/install/fishbot_description/lib/pkgconfig/fishbot_description.pc'
[3.934s] Level 1:colcon.colcon_core.environment:checking '/home/xc/桌面/roscar_nav/install/fishbot_description/lib/python3.10/site-packages'
[3.936s] Level 1:colcon.colcon_core.environment:checking '/home/xc/桌面/roscar_nav/install/fishbot_description/bin'
[3.939s] INFO:colcon.colcon_core.shell:Creating package script '/home/xc/桌面/roscar_nav/install/fishbot_description/share/fishbot_description/package.ps1'
[4.020s] INFO:colcon.colcon_core.shell:Creating package descriptor '/home/xc/桌面/roscar_nav/install/fishbot_description/share/fishbot_description/package.dsv'
[4.027s] INFO:colcon.colcon_core.shell:Creating package script '/home/xc/桌面/roscar_nav/install/fishbot_description/share/fishbot_description/package.sh'
[4.110s] INFO:colcon.colcon_core.shell:Creating package script '/home/xc/桌面/roscar_nav/install/fishbot_description/share/fishbot_description/package.bash'
[4.121s] INFO:colcon.colcon_core.shell:Creating package script '/home/xc/桌面/roscar_nav/install/fishbot_description/share/fishbot_description/package.zsh'
[4.203s] Level 1:colcon.colcon_core.environment:create_file_with_runtime_dependencies(/home/xc/桌面/roscar_nav/install/fishbot_description/share/colcon-core/packages/fishbot_description)
[4.209s] Level 1:colcon.colcon_core.environment:create_environment_scripts_only(fishbot_description)
[4.210s] Level 1:colcon.colcon_core.environment:checking '/home/xc/桌面/roscar_nav/install/fishbot_description' for CMake module files
[4.214s] Level 1:colcon.colcon_core.environment:checking '/home/xc/桌面/roscar_nav/install/fishbot_description' for CMake config files
[4.217s] Level 1:colcon.colcon_core.shell:create_environment_hook('fishbot_description', 'cmake_prefix_path')
[4.287s] INFO:colcon.colcon_core.shell:Creating environment hook '/home/xc/桌面/roscar_nav/install/fishbot_description/share/fishbot_description/hook/cmake_prefix_path.ps1'
[4.293s] INFO:colcon.colcon_core.shell:Creating environment descriptor '/home/xc/桌面/roscar_nav/install/fishbot_description/share/fishbot_description/hook/cmake_prefix_path.dsv'
[4.299s] INFO:colcon.colcon_core.shell:Creating environment hook '/home/xc/桌面/roscar_nav/install/fishbot_description/share/fishbot_description/hook/cmake_prefix_path.sh'
[4.308s] Level 1:colcon.colcon_core.environment:checking '/home/xc/桌面/roscar_nav/install/fishbot_description/bin'
[4.309s] Level 1:colcon.colcon_core.environment:checking '/home/xc/桌面/roscar_nav/install/fishbot_description/lib/pkgconfig/fishbot_description.pc'
[4.310s] Level 1:colcon.colcon_core.environment:checking '/home/xc/桌面/roscar_nav/install/fishbot_description/lib/python3.10/site-packages'
[4.313s] Level 1:colcon.colcon_core.environment:checking '/home/xc/桌面/roscar_nav/install/fishbot_description/bin'
[4.314s] INFO:colcon.colcon_core.shell:Creating package script '/home/xc/桌面/roscar_nav/install/fishbot_description/share/fishbot_description/package.ps1'
[4.382s] INFO:colcon.colcon_core.shell:Creating package descriptor '/home/xc/桌面/roscar_nav/install/fishbot_description/share/fishbot_description/package.dsv'
[4.399s] INFO:colcon.colcon_core.shell:Creating package script '/home/xc/桌面/roscar_nav/install/fishbot_description/share/fishbot_description/package.sh'
[4.404s] INFO:colcon.colcon_core.shell:Creating package script '/home/xc/桌面/roscar_nav/install/fishbot_description/share/fishbot_description/package.bash'
[4.484s] INFO:colcon.colcon_core.shell:Creating package script '/home/xc/桌面/roscar_nav/install/fishbot_description/share/fishbot_description/package.zsh'
[4.489s] Level 1:colcon.colcon_core.environment:create_file_with_runtime_dependencies(/home/xc/桌面/roscar_nav/install/fishbot_description/share/colcon-core/packages/fishbot_description)
[4.500s] Level 1:colcon.colcon_core.environment:create_environment_scripts_only(slam_pkg)
[4.502s] Level 1:colcon.colcon_core.environment:checking '/home/xc/桌面/roscar_nav/install/slam_pkg' for CMake module files
[4.508s] Level 1:colcon.colcon_core.environment:checking '/home/xc/桌面/roscar_nav/install/slam_pkg' for CMake config files
[4.511s] Level 1:colcon.colcon_core.shell:create_environment_hook('slam_pkg', 'cmake_prefix_path')
[4.512s] INFO:colcon.colcon_core.shell:Creating environment hook '/home/xc/桌面/roscar_nav/install/slam_pkg/share/slam_pkg/hook/cmake_prefix_path.ps1'
[4.578s] DEBUG:colcon.colcon_core.event_handler.log_command:Invoked command in '/home/xc/桌面/roscar_nav/build/slam_pkg' returned '0': CMAKE_PREFIX_PATH=/opt/ros/humble /usr/bin/cmake --install /home/xc/桌面/roscar_nav/build/slam_pkg
[4.579s] INFO:colcon.colcon_core.shell:Creating environment descriptor '/home/xc/桌面/roscar_nav/install/slam_pkg/share/slam_pkg/hook/cmake_prefix_path.dsv'
[4.585s] INFO:colcon.colcon_core.shell:Creating environment hook '/home/xc/桌面/roscar_nav/install/slam_pkg/share/slam_pkg/hook/cmake_prefix_path.sh'
[4.595s] Level 1:colcon.colcon_core.environment:checking '/home/xc/桌面/roscar_nav/install/slam_pkg/bin'
[4.599s] Level 1:colcon.colcon_core.environment:checking '/home/xc/桌面/roscar_nav/install/slam_pkg/lib/pkgconfig/slam_pkg.pc'
[4.600s] Level 1:colcon.colcon_core.environment:checking '/home/xc/桌面/roscar_nav/install/slam_pkg/lib/python3.10/site-packages'
[4.602s] Level 1:colcon.colcon_core.environment:checking '/home/xc/桌面/roscar_nav/install/slam_pkg/bin'
[4.604s] INFO:colcon.colcon_core.shell:Creating package script '/home/xc/桌面/roscar_nav/install/slam_pkg/share/slam_pkg/package.ps1'
[4.637s] INFO:colcon.colcon_core.shell:Creating package descriptor '/home/xc/桌面/roscar_nav/install/slam_pkg/share/slam_pkg/package.dsv'
[4.653s] INFO:colcon.colcon_core.shell:Creating package script '/home/xc/桌面/roscar_nav/install/slam_pkg/share/slam_pkg/package.sh'
[4.662s] INFO:colcon.colcon_core.shell:Creating package script '/home/xc/桌面/roscar_nav/install/slam_pkg/share/slam_pkg/package.bash'
[4.666s] INFO:colcon.colcon_core.shell:Creating package script '/home/xc/桌面/roscar_nav/install/slam_pkg/share/slam_pkg/package.zsh'
[4.741s] Level 1:colcon.colcon_core.environment:create_file_with_runtime_dependencies(/home/xc/桌面/roscar_nav/install/slam_pkg/share/colcon-core/packages/slam_pkg)
[4.747s] Level 1:colcon.colcon_core.environment:create_environment_scripts_only(slam_pkg)
[4.749s] Level 1:colcon.colcon_core.environment:checking '/home/xc/桌面/roscar_nav/install/slam_pkg' for CMake module files
[4.753s] Level 1:colcon.colcon_core.environment:checking '/home/xc/桌面/roscar_nav/install/slam_pkg' for CMake config files
[4.802s] Level 1:colcon.colcon_core.shell:create_environment_hook('slam_pkg', 'cmake_prefix_path')
[4.805s] INFO:colcon.colcon_core.shell:Creating environment hook '/home/xc/桌面/roscar_nav/install/slam_pkg/share/slam_pkg/hook/cmake_prefix_path.ps1'
[4.809s] INFO:colcon.colcon_core.shell:Creating environment descriptor '/home/xc/桌面/roscar_nav/install/slam_pkg/share/slam_pkg/hook/cmake_prefix_path.dsv'
[4.812s] INFO:colcon.colcon_core.shell:Creating environment hook '/home/xc/桌面/roscar_nav/install/slam_pkg/share/slam_pkg/hook/cmake_prefix_path.sh'
[4.817s] Level 1:colcon.colcon_core.environment:checking '/home/xc/桌面/roscar_nav/install/slam_pkg/bin'
[4.867s] Level 1:colcon.colcon_core.environment:checking '/home/xc/桌面/roscar_nav/install/slam_pkg/lib/pkgconfig/slam_pkg.pc'
[4.868s] Level 1:colcon.colcon_core.environment:checking '/home/xc/桌面/roscar_nav/install/slam_pkg/lib/python3.10/site-packages'
[4.870s] Level 1:colcon.colcon_core.environment:checking '/home/xc/桌面/roscar_nav/install/slam_pkg/bin'
[4.872s] INFO:colcon.colcon_core.shell:Creating package script '/home/xc/桌面/roscar_nav/install/slam_pkg/share/slam_pkg/package.ps1'
[4.875s] INFO:colcon.colcon_core.shell:Creating package descriptor '/home/xc/桌面/roscar_nav/install/slam_pkg/share/slam_pkg/package.dsv'
[4.934s] INFO:colcon.colcon_core.shell:Creating package script '/home/xc/桌面/roscar_nav/install/slam_pkg/share/slam_pkg/package.sh'
[4.939s] INFO:colcon.colcon_core.shell:Creating package script '/home/xc/桌面/roscar_nav/install/slam_pkg/share/slam_pkg/package.bash'
[4.945s] INFO:colcon.colcon_core.shell:Creating package script '/home/xc/桌面/roscar_nav/install/slam_pkg/share/slam_pkg/package.zsh'
[4.949s] Level 1:colcon.colcon_core.environment:create_file_with_runtime_dependencies(/home/xc/桌面/roscar_nav/install/slam_pkg/share/colcon-core/packages/slam_pkg)
[5.012s] DEBUG:colcon.colcon_core.event_handler.log_command:Invoked command in '/home/xc/桌面/roscar_nav/build/lidar_pkg' returned '0': CMAKE_PREFIX_PATH=/opt/ros/humble /usr/bin/cmake --build /home/xc/桌面/roscar_nav/build/lidar_pkg -- -j4 -l4
[5.097s] DEBUG:colcon.colcon_core.event_handler.log_command:Invoking command in '/home/xc/桌面/roscar_nav/build/lidar_pkg': CMAKE_PREFIX_PATH=/opt/ros/humble /usr/bin/cmake --install /home/xc/桌面/roscar_nav/build/lidar_pkg
[5.099s] DEBUG:colcon.colcon_core.event_handler.log_command:Invoked command in '/home/xc/桌面/roscar_nav/build/fishbot_bringup' returned '0': CMAKE_PREFIX_PATH=/opt/ros/humble /usr/bin/cmake --build /home/xc/桌面/roscar_nav/build/fishbot_bringup -- -j4 -l4
[5.172s] DEBUG:colcon.colcon_core.event_handler.log_command:Invoking command in '/home/xc/桌面/roscar_nav/build/fishbot_bringup': CMAKE_PREFIX_PATH=/opt/ros/humble /usr/bin/cmake --install /home/xc/桌面/roscar_nav/build/fishbot_bringup
[5.186s] Level 1:colcon.colcon_core.environment:create_environment_scripts_only(lidar_pkg)
[5.187s] Level 1:colcon.colcon_core.environment:checking '/home/xc/桌面/roscar_nav/install/lidar_pkg' for CMake module files
[5.199s] Level 1:colcon.colcon_core.environment:checking '/home/xc/桌面/roscar_nav/install/lidar_pkg' for CMake config files
[5.202s] DEBUG:colcon.colcon_core.event_handler.log_command:Invoked command in '/home/xc/桌面/roscar_nav/build/lidar_pkg' returned '0': CMAKE_PREFIX_PATH=/opt/ros/humble /usr/bin/cmake --install /home/xc/桌面/roscar_nav/build/lidar_pkg
[5.206s] Level 1:colcon.colcon_core.shell:create_environment_hook('lidar_pkg', 'cmake_prefix_path')
[5.207s] INFO:colcon.colcon_core.shell:Creating environment hook '/home/xc/桌面/roscar_nav/install/lidar_pkg/share/lidar_pkg/hook/cmake_prefix_path.ps1'
[5.211s] INFO:colcon.colcon_core.shell:Creating environment descriptor '/home/xc/桌面/roscar_nav/install/lidar_pkg/share/lidar_pkg/hook/cmake_prefix_path.dsv'
[5.218s] INFO:colcon.colcon_core.shell:Creating environment hook '/home/xc/桌面/roscar_nav/install/lidar_pkg/share/lidar_pkg/hook/cmake_prefix_path.sh'
[5.224s] Level 1:colcon.colcon_core.environment:checking '/home/xc/桌面/roscar_nav/install/lidar_pkg/lib'
[5.226s] Level 1:colcon.colcon_core.environment:checking '/home/xc/桌面/roscar_nav/install/lidar_pkg/bin'
[5.227s] Level 1:colcon.colcon_core.environment:checking '/home/xc/桌面/roscar_nav/install/lidar_pkg/lib/pkgconfig/lidar_pkg.pc'
[5.228s] Level 1:colcon.colcon_core.environment:checking '/home/xc/桌面/roscar_nav/install/lidar_pkg/lib/python3.10/site-packages'
[5.230s] Level 1:colcon.colcon_core.environment:checking '/home/xc/桌面/roscar_nav/install/lidar_pkg/bin'
[5.231s] INFO:colcon.colcon_core.shell:Creating package script '/home/xc/桌面/roscar_nav/install/lidar_pkg/share/lidar_pkg/package.ps1'
[5.235s] INFO:colcon.colcon_core.shell:Creating package descriptor '/home/xc/桌面/roscar_nav/install/lidar_pkg/share/lidar_pkg/package.dsv'
[5.245s] INFO:colcon.colcon_core.shell:Creating package script '/home/xc/桌面/roscar_nav/install/lidar_pkg/share/lidar_pkg/package.sh'
[5.249s] INFO:colcon.colcon_core.shell:Creating package script '/home/xc/桌面/roscar_nav/install/lidar_pkg/share/lidar_pkg/package.bash'
[5.252s] INFO:colcon.colcon_core.shell:Creating package script '/home/xc/桌面/roscar_nav/install/lidar_pkg/share/lidar_pkg/package.zsh'
[5.254s] Level 1:colcon.colcon_core.environment:create_file_with_runtime_dependencies(/home/xc/桌面/roscar_nav/install/lidar_pkg/share/colcon-core/packages/lidar_pkg)
[5.257s] Level 1:colcon.colcon_core.environment:create_environment_scripts_only(lidar_pkg)
[5.258s] Level 1:colcon.colcon_core.environment:checking '/home/xc/桌面/roscar_nav/install/lidar_pkg' for CMake module files
[5.262s] Level 1:colcon.colcon_core.environment:checking '/home/xc/桌面/roscar_nav/install/lidar_pkg' for CMake config files
[5.264s] Level 1:colcon.colcon_core.shell:create_environment_hook('lidar_pkg', 'cmake_prefix_path')
[5.265s] INFO:colcon.colcon_core.shell:Creating environment hook '/home/xc/桌面/roscar_nav/install/lidar_pkg/share/lidar_pkg/hook/cmake_prefix_path.ps1'
[5.268s] INFO:colcon.colcon_core.shell:Creating environment descriptor '/home/xc/桌面/roscar_nav/install/lidar_pkg/share/lidar_pkg/hook/cmake_prefix_path.dsv'
[5.270s] INFO:colcon.colcon_core.shell:Creating environment hook '/home/xc/桌面/roscar_nav/install/lidar_pkg/share/lidar_pkg/hook/cmake_prefix_path.sh'
[5.296s] Level 1:colcon.colcon_core.environment:checking '/home/xc/桌面/roscar_nav/install/lidar_pkg/lib'
[5.297s] Level 1:colcon.colcon_core.environment:checking '/home/xc/桌面/roscar_nav/install/lidar_pkg/bin'
[5.297s] Level 1:colcon.colcon_core.environment:checking '/home/xc/桌面/roscar_nav/install/lidar_pkg/lib/pkgconfig/lidar_pkg.pc'
[5.299s] Level 1:colcon.colcon_core.environment:checking '/home/xc/桌面/roscar_nav/install/lidar_pkg/lib/python3.10/site-packages'
[5.301s] Level 1:colcon.colcon_core.environment:checking '/home/xc/桌面/roscar_nav/install/lidar_pkg/bin'
[5.303s] INFO:colcon.colcon_core.shell:Creating package script '/home/xc/桌面/roscar_nav/install/lidar_pkg/share/lidar_pkg/package.ps1'
[5.306s] INFO:colcon.colcon_core.shell:Creating package descriptor '/home/xc/桌面/roscar_nav/install/lidar_pkg/share/lidar_pkg/package.dsv'
[5.309s] INFO:colcon.colcon_core.shell:Creating package script '/home/xc/桌面/roscar_nav/install/lidar_pkg/share/lidar_pkg/package.sh'
[5.312s] INFO:colcon.colcon_core.shell:Creating package script '/home/xc/桌面/roscar_nav/install/lidar_pkg/share/lidar_pkg/package.bash'
[5.316s] INFO:colcon.colcon_core.shell:Creating package script '/home/xc/桌面/roscar_nav/install/lidar_pkg/share/lidar_pkg/package.zsh'
[5.319s] Level 1:colcon.colcon_core.environment:create_file_with_runtime_dependencies(/home/xc/桌面/roscar_nav/install/lidar_pkg/share/colcon-core/packages/lidar_pkg)
[5.323s] Level 1:colcon.colcon_core.environment:create_environment_scripts_only(fishbot_bringup)
[5.324s] Level 1:colcon.colcon_core.environment:checking '/home/xc/桌面/roscar_nav/install/fishbot_bringup' for CMake module files
[5.327s] DEBUG:colcon.colcon_core.event_handler.log_command:Invoked command in '/home/xc/桌面/roscar_nav/build/fishbot_bringup' returned '0': CMAKE_PREFIX_PATH=/opt/ros/humble /usr/bin/cmake --install /home/xc/桌面/roscar_nav/build/fishbot_bringup
[5.330s] Level 1:colcon.colcon_core.environment:checking '/home/xc/桌面/roscar_nav/install/fishbot_bringup' for CMake config files
[5.332s] Level 1:colcon.colcon_core.shell:create_environment_hook('fishbot_bringup', 'cmake_prefix_path')
[5.333s] INFO:colcon.colcon_core.shell:Creating environment hook '/home/xc/桌面/roscar_nav/install/fishbot_bringup/share/fishbot_bringup/hook/cmake_prefix_path.ps1'
[5.335s] INFO:colcon.colcon_core.shell:Creating environment descriptor '/home/xc/桌面/roscar_nav/install/fishbot_bringup/share/fishbot_bringup/hook/cmake_prefix_path.dsv'
[5.337s] INFO:colcon.colcon_core.shell:Creating environment hook '/home/xc/桌面/roscar_nav/install/fishbot_bringup/share/fishbot_bringup/hook/cmake_prefix_path.sh'
[5.341s] Level 1:colcon.colcon_core.environment:checking '/home/xc/桌面/roscar_nav/install/fishbot_bringup/lib'
[5.341s] Level 1:colcon.colcon_core.environment:checking '/home/xc/桌面/roscar_nav/install/fishbot_bringup/bin'
[5.342s] Level 1:colcon.colcon_core.environment:checking '/home/xc/桌面/roscar_nav/install/fishbot_bringup/lib/pkgconfig/fishbot_bringup.pc'
[5.343s] Level 1:colcon.colcon_core.environment:checking '/home/xc/桌面/roscar_nav/install/fishbot_bringup/lib/python3.10/site-packages'
[5.344s] Level 1:colcon.colcon_core.environment:checking '/home/xc/桌面/roscar_nav/install/fishbot_bringup/bin'
[5.346s] INFO:colcon.colcon_core.shell:Creating package script '/home/xc/桌面/roscar_nav/install/fishbot_bringup/share/fishbot_bringup/package.ps1'
[5.349s] INFO:colcon.colcon_core.shell:Creating package descriptor '/home/xc/桌面/roscar_nav/install/fishbot_bringup/share/fishbot_bringup/package.dsv'
[5.351s] INFO:colcon.colcon_core.shell:Creating package script '/home/xc/桌面/roscar_nav/install/fishbot_bringup/share/fishbot_bringup/package.sh'
[5.354s] INFO:colcon.colcon_core.shell:Creating package script '/home/xc/桌面/roscar_nav/install/fishbot_bringup/share/fishbot_bringup/package.bash'
[5.357s] INFO:colcon.colcon_core.shell:Creating package script '/home/xc/桌面/roscar_nav/install/fishbot_bringup/share/fishbot_bringup/package.zsh'
[5.360s] Level 1:colcon.colcon_core.environment:create_file_with_runtime_dependencies(/home/xc/桌面/roscar_nav/install/fishbot_bringup/share/colcon-core/packages/fishbot_bringup)
[5.363s] Level 1:colcon.colcon_core.environment:create_environment_scripts_only(fishbot_bringup)
[5.364s] Level 1:colcon.colcon_core.environment:checking '/home/xc/桌面/roscar_nav/install/fishbot_bringup' for CMake module files
[5.368s] Level 1:colcon.colcon_core.environment:checking '/home/xc/桌面/roscar_nav/install/fishbot_bringup' for CMake config files
[5.370s] Level 1:colcon.colcon_core.shell:create_environment_hook('fishbot_bringup', 'cmake_prefix_path')
[5.371s] INFO:colcon.colcon_core.shell:Creating environment hook '/home/xc/桌面/roscar_nav/install/fishbot_bringup/share/fishbot_bringup/hook/cmake_prefix_path.ps1'
[5.374s] INFO:colcon.colcon_core.shell:Creating environment descriptor '/home/xc/桌面/roscar_nav/install/fishbot_bringup/share/fishbot_bringup/hook/cmake_prefix_path.dsv'
[5.376s] INFO:colcon.colcon_core.shell:Creating environment hook '/home/xc/桌面/roscar_nav/install/fishbot_bringup/share/fishbot_bringup/hook/cmake_prefix_path.sh'
[5.380s] Level 1:colcon.colcon_core.environment:checking '/home/xc/桌面/roscar_nav/install/fishbot_bringup/lib'
[5.381s] Level 1:colcon.colcon_core.environment:checking '/home/xc/桌面/roscar_nav/install/fishbot_bringup/bin'
[5.382s] Level 1:colcon.colcon_core.environment:checking '/home/xc/桌面/roscar_nav/install/fishbot_bringup/lib/pkgconfig/fishbot_bringup.pc'
[5.383s] Level 1:colcon.colcon_core.environment:checking '/home/xc/桌面/roscar_nav/install/fishbot_bringup/lib/python3.10/site-packages'
[5.384s] Level 1:colcon.colcon_core.environment:checking '/home/xc/桌面/roscar_nav/install/fishbot_bringup/bin'
[5.386s] INFO:colcon.colcon_core.shell:Creating package script '/home/xc/桌面/roscar_nav/install/fishbot_bringup/share/fishbot_bringup/package.ps1'
[5.389s] INFO:colcon.colcon_core.shell:Creating package descriptor '/home/xc/桌面/roscar_nav/install/fishbot_bringup/share/fishbot_bringup/package.dsv'
[5.422s] INFO:colcon.colcon_core.shell:Creating package script '/home/xc/桌面/roscar_nav/install/fishbot_bringup/share/fishbot_bringup/package.sh'
[5.425s] INFO:colcon.colcon_core.shell:Creating package script '/home/xc/桌面/roscar_nav/install/fishbot_bringup/share/fishbot_bringup/package.bash'
[5.428s] INFO:colcon.colcon_core.shell:Creating package script '/home/xc/桌面/roscar_nav/install/fishbot_bringup/share/fishbot_bringup/package.zsh'
[5.431s] Level 1:colcon.colcon_core.environment:create_file_with_runtime_dependencies(/home/xc/桌面/roscar_nav/install/fishbot_bringup/share/colcon-core/packages/fishbot_bringup)
[5.432s] DEBUG:colcon.colcon_parallel_executor.executor.parallel:closing loop
[5.434s] DEBUG:colcon.colcon_parallel_executor.executor.parallel:loop closed
[5.434s] DEBUG:colcon.colcon_parallel_executor.executor.parallel:run_until_complete finished with '0'
[5.435s] DEBUG:colcon.colcon_core.event_reactor:joining thread
[5.464s] INFO:colcon.colcon_core.plugin_system:Skipping extension 'colcon_notification.desktop_notification.terminal_notifier': Not used on non-Darwin systems
[5.464s] INFO:colcon.colcon_core.plugin_system:Skipping extension 'colcon_notification.desktop_notification.win32': Not used on non-Windows systems
[5.465s] INFO:colcon.colcon_notification.desktop_notification:Sending desktop notification using 'notify2'
[5.537s] DEBUG:colcon.colcon_core.event_reactor:joined thread
[5.538s] INFO:colcon.colcon_core.shell:Creating prefix script '/home/xc/桌面/roscar_nav/install/local_setup.ps1'
[5.544s] INFO:colcon.colcon_core.shell:Creating prefix util module '/home/xc/桌面/roscar_nav/install/_local_setup_util_ps1.py'
[5.554s] INFO:colcon.colcon_core.shell:Creating prefix chain script '/home/xc/桌面/roscar_nav/install/setup.ps1'
[5.560s] INFO:colcon.colcon_core.shell:Creating prefix script '/home/xc/桌面/roscar_nav/install/local_setup.sh'
[5.566s] INFO:colcon.colcon_core.shell:Creating prefix util module '/home/xc/桌面/roscar_nav/install/_local_setup_util_sh.py'
[5.570s] INFO:colcon.colcon_core.shell:Creating prefix chain script '/home/xc/桌面/roscar_nav/install/setup.sh'
[5.577s] INFO:colcon.colcon_core.shell:Creating prefix script '/home/xc/桌面/roscar_nav/install/local_setup.bash'
[5.582s] INFO:colcon.colcon_core.shell:Creating prefix chain script '/home/xc/桌面/roscar_nav/install/setup.bash'
[5.589s] INFO:colcon.colcon_core.shell:Creating prefix script '/home/xc/桌面/roscar_nav/install/local_setup.zsh'
[5.593s] INFO:colcon.colcon_core.shell:Creating prefix chain script '/home/xc/桌面/roscar_nav/install/setup.zsh'
