[0.624s] DEBUG:colcon:Command line arguments: ['/usr/bin/colcon', 'build']
[0.625s] DEBUG:colcon:Parsed command line arguments: Namespace(log_base=None, log_level=None, verb_name='build', build_base='build', install_base='install', merge_install=False, symlink_install=False, test_result_base=None, continue_on_error=False, executor='parallel', parallel_workers=4, event_handlers=None, ignore_user_meta=False, metas=['./colcon.meta'], base_paths=['.'], packages_ignore=None, packages_ignore_regex=None, paths=None, packages_up_to=None, packages_up_to_regex=None, packages_above=None, packages_above_and_dependencies=None, packages_above_depth=None, packages_select_by_dep=None, packages_skip_by_dep=None, packages_skip_up_to=None, packages_select_build_failed=False, packages_skip_build_finished=False, packages_select_test_failures=False, packages_skip_test_passed=False, packages_select=None, packages_skip=None, packages_select_regex=None, packages_skip_regex=None, packages_start=None, packages_end=None, allow_overriding=[], cmake_args=None, cmake_target=None, cmake_target_skip_unavailable=False, cmake_clean_cache=False, cmake_clean_first=False, cmake_force_configure=False, ament_cmake_args=None, catkin_cmake_args=None, catkin_skip_building_tests=False, verb_parser=<colcon_defaults.argument_parser.defaults.DefaultArgumentsDecorator object at 0xffff855cbdf0>, verb_extension=<colcon_core.verb.build.BuildVerb object at 0xffff85730eb0>, main=<bound method BuildVerb.main of <colcon_core.verb.build.BuildVerb object at 0xffff85730eb0>>)
[1.810s] Level 1:colcon.colcon_core.package_discovery:discover_packages(colcon_meta) check parameters
[1.810s] Level 1:colcon.colcon_core.package_discovery:discover_packages(recursive) check parameters
[1.810s] Level 1:colcon.colcon_core.package_discovery:discover_packages(ignore) check parameters
[1.811s] Level 1:colcon.colcon_core.package_discovery:discover_packages(path) check parameters
[1.811s] Level 1:colcon.colcon_core.package_discovery:discover_packages(colcon_meta) discover
[1.811s] Level 1:colcon.colcon_core.package_discovery:discover_packages(recursive) discover
[1.811s] INFO:colcon.colcon_core.package_discovery:Crawling recursively for packages in '/home/xc/桌面/roscar_nav'
[1.812s] Level 1:colcon.colcon_core.package_identification:_identify(.) by extensions ['ignore', 'ignore_ament_install']
[1.813s] Level 1:colcon.colcon_core.package_identification:_identify(.) by extension 'ignore'
[1.814s] Level 1:colcon.colcon_core.package_identification:_identify(.) by extension 'ignore_ament_install'
[1.814s] Level 1:colcon.colcon_core.package_identification:_identify(.) by extensions ['colcon_pkg']
[1.814s] Level 1:colcon.colcon_core.package_identification:_identify(.) by extension 'colcon_pkg'
[1.814s] Level 1:colcon.colcon_core.package_identification:_identify(.) by extensions ['colcon_meta']
[1.814s] Level 1:colcon.colcon_core.package_identification:_identify(.) by extension 'colcon_meta'
[1.815s] Level 1:colcon.colcon_core.package_identification:_identify(.) by extensions ['ros']
[1.815s] Level 1:colcon.colcon_core.package_identification:_identify(.) by extension 'ros'
[1.863s] Level 1:colcon.colcon_core.package_identification:_identify(.) by extensions ['cmake', 'python']
[1.864s] Level 1:colcon.colcon_core.package_identification:_identify(.) by extension 'cmake'
[1.864s] Level 1:colcon.colcon_core.package_identification:_identify(.) by extension 'python'
[1.864s] Level 1:colcon.colcon_core.package_identification:_identify(.) by extensions ['python_setup_py']
[1.864s] Level 1:colcon.colcon_core.package_identification:_identify(.) by extension 'python_setup_py'
[1.865s] Level 1:colcon.colcon_core.package_identification:_identify(build) by extensions ['ignore', 'ignore_ament_install']
[1.865s] Level 1:colcon.colcon_core.package_identification:_identify(build) by extension 'ignore'
[1.865s] Level 1:colcon.colcon_core.package_identification:_identify(build) ignored
[1.866s] Level 1:colcon.colcon_core.package_identification:_identify(install) by extensions ['ignore', 'ignore_ament_install']
[1.866s] Level 1:colcon.colcon_core.package_identification:_identify(install) by extension 'ignore'
[1.867s] Level 1:colcon.colcon_core.package_identification:_identify(install) ignored
[1.867s] Level 1:colcon.colcon_core.package_identification:_identify(log) by extensions ['ignore', 'ignore_ament_install']
[1.868s] Level 1:colcon.colcon_core.package_identification:_identify(log) by extension 'ignore'
[1.868s] Level 1:colcon.colcon_core.package_identification:_identify(log) ignored
[1.869s] Level 1:colcon.colcon_core.package_identification:_identify(src) by extensions ['ignore', 'ignore_ament_install']
[1.869s] Level 1:colcon.colcon_core.package_identification:_identify(src) by extension 'ignore'
[1.869s] Level 1:colcon.colcon_core.package_identification:_identify(src) by extension 'ignore_ament_install'
[1.870s] Level 1:colcon.colcon_core.package_identification:_identify(src) by extensions ['colcon_pkg']
[1.870s] Level 1:colcon.colcon_core.package_identification:_identify(src) by extension 'colcon_pkg'
[1.870s] Level 1:colcon.colcon_core.package_identification:_identify(src) by extensions ['colcon_meta']
[1.870s] Level 1:colcon.colcon_core.package_identification:_identify(src) by extension 'colcon_meta'
[1.870s] Level 1:colcon.colcon_core.package_identification:_identify(src) by extensions ['ros']
[1.870s] Level 1:colcon.colcon_core.package_identification:_identify(src) by extension 'ros'
[1.871s] Level 1:colcon.colcon_core.package_identification:_identify(src) by extensions ['cmake', 'python']
[1.871s] Level 1:colcon.colcon_core.package_identification:_identify(src) by extension 'cmake'
[1.871s] Level 1:colcon.colcon_core.package_identification:_identify(src) by extension 'python'
[1.871s] Level 1:colcon.colcon_core.package_identification:_identify(src) by extensions ['python_setup_py']
[1.871s] Level 1:colcon.colcon_core.package_identification:_identify(src) by extension 'python_setup_py'
[1.872s] Level 1:colcon.colcon_core.package_identification:_identify(src/fishbot_bringup) by extensions ['ignore', 'ignore_ament_install']
[1.872s] Level 1:colcon.colcon_core.package_identification:_identify(src/fishbot_bringup) by extension 'ignore'
[1.872s] Level 1:colcon.colcon_core.package_identification:_identify(src/fishbot_bringup) by extension 'ignore_ament_install'
[1.872s] Level 1:colcon.colcon_core.package_identification:_identify(src/fishbot_bringup) by extensions ['colcon_pkg']
[1.873s] Level 1:colcon.colcon_core.package_identification:_identify(src/fishbot_bringup) by extension 'colcon_pkg'
[1.873s] Level 1:colcon.colcon_core.package_identification:_identify(src/fishbot_bringup) by extensions ['colcon_meta']
[1.873s] Level 1:colcon.colcon_core.package_identification:_identify(src/fishbot_bringup) by extension 'colcon_meta'
[1.873s] Level 1:colcon.colcon_core.package_identification:_identify(src/fishbot_bringup) by extensions ['ros']
[1.873s] Level 1:colcon.colcon_core.package_identification:_identify(src/fishbot_bringup) by extension 'ros'
[1.882s] DEBUG:colcon.colcon_core.package_identification:Package 'src/fishbot_bringup' with type 'ros.ament_cmake' and name 'fishbot_bringup'
[1.882s] Level 1:colcon.colcon_core.package_identification:_identify(src/fishbot_description) by extensions ['ignore', 'ignore_ament_install']
[1.883s] Level 1:colcon.colcon_core.package_identification:_identify(src/fishbot_description) by extension 'ignore'
[1.883s] Level 1:colcon.colcon_core.package_identification:_identify(src/fishbot_description) by extension 'ignore_ament_install'
[1.883s] Level 1:colcon.colcon_core.package_identification:_identify(src/fishbot_description) by extensions ['colcon_pkg']
[1.883s] Level 1:colcon.colcon_core.package_identification:_identify(src/fishbot_description) by extension 'colcon_pkg'
[1.884s] Level 1:colcon.colcon_core.package_identification:_identify(src/fishbot_description) by extensions ['colcon_meta']
[1.884s] Level 1:colcon.colcon_core.package_identification:_identify(src/fishbot_description) by extension 'colcon_meta'
[1.884s] Level 1:colcon.colcon_core.package_identification:_identify(src/fishbot_description) by extensions ['ros']
[1.884s] Level 1:colcon.colcon_core.package_identification:_identify(src/fishbot_description) by extension 'ros'
[1.886s] DEBUG:colcon.colcon_core.package_identification:Package 'src/fishbot_description' with type 'ros.ament_cmake' and name 'fishbot_description'
[1.887s] Level 1:colcon.colcon_core.package_identification:_identify(src/lidar_pkg_ros2-main) by extensions ['ignore', 'ignore_ament_install']
[1.888s] Level 1:colcon.colcon_core.package_identification:_identify(src/lidar_pkg_ros2-main) by extension 'ignore'
[1.888s] Level 1:colcon.colcon_core.package_identification:_identify(src/lidar_pkg_ros2-main) by extension 'ignore_ament_install'
[1.888s] Level 1:colcon.colcon_core.package_identification:_identify(src/lidar_pkg_ros2-main) by extensions ['colcon_pkg']
[1.888s] Level 1:colcon.colcon_core.package_identification:_identify(src/lidar_pkg_ros2-main) by extension 'colcon_pkg'
[1.888s] Level 1:colcon.colcon_core.package_identification:_identify(src/lidar_pkg_ros2-main) by extensions ['colcon_meta']
[1.888s] Level 1:colcon.colcon_core.package_identification:_identify(src/lidar_pkg_ros2-main) by extension 'colcon_meta'
[1.889s] Level 1:colcon.colcon_core.package_identification:_identify(src/lidar_pkg_ros2-main) by extensions ['ros']
[1.889s] Level 1:colcon.colcon_core.package_identification:_identify(src/lidar_pkg_ros2-main) by extension 'ros'
[1.892s] DEBUG:colcon.colcon_core.package_identification:Package 'src/lidar_pkg_ros2-main' with type 'ros.ament_cmake' and name 'lidar_pkg'
[1.893s] Level 1:colcon.colcon_core.package_identification:_identify(src/slam_pkg) by extensions ['ignore', 'ignore_ament_install']
[1.893s] Level 1:colcon.colcon_core.package_identification:_identify(src/slam_pkg) by extension 'ignore'
[1.893s] Level 1:colcon.colcon_core.package_identification:_identify(src/slam_pkg) by extension 'ignore_ament_install'
[1.894s] Level 1:colcon.colcon_core.package_identification:_identify(src/slam_pkg) by extensions ['colcon_pkg']
[1.894s] Level 1:colcon.colcon_core.package_identification:_identify(src/slam_pkg) by extension 'colcon_pkg'
[1.894s] Level 1:colcon.colcon_core.package_identification:_identify(src/slam_pkg) by extensions ['colcon_meta']
[1.894s] Level 1:colcon.colcon_core.package_identification:_identify(src/slam_pkg) by extension 'colcon_meta'
[1.894s] Level 1:colcon.colcon_core.package_identification:_identify(src/slam_pkg) by extensions ['ros']
[1.894s] Level 1:colcon.colcon_core.package_identification:_identify(src/slam_pkg) by extension 'ros'
[1.896s] DEBUG:colcon.colcon_core.package_identification:Package 'src/slam_pkg' with type 'ros.ament_cmake' and name 'slam_pkg'
[1.897s] Level 1:colcon.colcon_core.package_discovery:discover_packages(recursive) using defaults
[1.897s] Level 1:colcon.colcon_core.package_discovery:discover_packages(ignore) discover
[1.897s] Level 1:colcon.colcon_core.package_discovery:discover_packages(ignore) using defaults
[1.897s] Level 1:colcon.colcon_core.package_discovery:discover_packages(path) discover
[1.897s] Level 1:colcon.colcon_core.package_discovery:discover_packages(path) using defaults
[2.022s] Level 1:colcon.colcon_core.package_discovery:discover_packages(prefix_path) check parameters
[2.022s] Level 1:colcon.colcon_core.package_discovery:discover_packages(prefix_path) discover
[2.036s] DEBUG:colcon.colcon_installed_package_information.package_discovery:Found 281 installed packages in /opt/ros/humble
[2.043s] Level 1:colcon.colcon_core.package_discovery:discover_packages(prefix_path) using defaults
[2.224s] Level 5:colcon.colcon_core.verb:set package 'fishbot_bringup' build argument 'cmake_args' from command line to 'None'
[2.224s] Level 5:colcon.colcon_core.verb:set package 'fishbot_bringup' build argument 'cmake_target' from command line to 'None'
[2.225s] Level 5:colcon.colcon_core.verb:set package 'fishbot_bringup' build argument 'cmake_target_skip_unavailable' from command line to 'False'
[2.225s] Level 5:colcon.colcon_core.verb:set package 'fishbot_bringup' build argument 'cmake_clean_cache' from command line to 'False'
[2.225s] Level 5:colcon.colcon_core.verb:set package 'fishbot_bringup' build argument 'cmake_clean_first' from command line to 'False'
[2.225s] Level 5:colcon.colcon_core.verb:set package 'fishbot_bringup' build argument 'cmake_force_configure' from command line to 'False'
[2.225s] Level 5:colcon.colcon_core.verb:set package 'fishbot_bringup' build argument 'ament_cmake_args' from command line to 'None'
[2.225s] Level 5:colcon.colcon_core.verb:set package 'fishbot_bringup' build argument 'catkin_cmake_args' from command line to 'None'
[2.225s] Level 5:colcon.colcon_core.verb:set package 'fishbot_bringup' build argument 'catkin_skip_building_tests' from command line to 'False'
[2.225s] DEBUG:colcon.colcon_core.verb:Building package 'fishbot_bringup' with the following arguments: {'ament_cmake_args': None, 'build_base': '/home/xc/桌面/roscar_nav/build/fishbot_bringup', 'catkin_cmake_args': None, 'catkin_skip_building_tests': False, 'cmake_args': None, 'cmake_clean_cache': False, 'cmake_clean_first': False, 'cmake_force_configure': False, 'cmake_target': None, 'cmake_target_skip_unavailable': False, 'install_base': '/home/xc/桌面/roscar_nav/install/fishbot_bringup', 'merge_install': False, 'path': '/home/xc/桌面/roscar_nav/src/fishbot_bringup', 'symlink_install': False, 'test_result_base': None}
[2.227s] Level 5:colcon.colcon_core.verb:set package 'fishbot_description' build argument 'cmake_args' from command line to 'None'
[2.227s] Level 5:colcon.colcon_core.verb:set package 'fishbot_description' build argument 'cmake_target' from command line to 'None'
[2.227s] Level 5:colcon.colcon_core.verb:set package 'fishbot_description' build argument 'cmake_target_skip_unavailable' from command line to 'False'
[2.227s] Level 5:colcon.colcon_core.verb:set package 'fishbot_description' build argument 'cmake_clean_cache' from command line to 'False'
[2.228s] Level 5:colcon.colcon_core.verb:set package 'fishbot_description' build argument 'cmake_clean_first' from command line to 'False'
[2.228s] Level 5:colcon.colcon_core.verb:set package 'fishbot_description' build argument 'cmake_force_configure' from command line to 'False'
[2.228s] Level 5:colcon.colcon_core.verb:set package 'fishbot_description' build argument 'ament_cmake_args' from command line to 'None'
[2.228s] Level 5:colcon.colcon_core.verb:set package 'fishbot_description' build argument 'catkin_cmake_args' from command line to 'None'
[2.228s] Level 5:colcon.colcon_core.verb:set package 'fishbot_description' build argument 'catkin_skip_building_tests' from command line to 'False'
[2.228s] DEBUG:colcon.colcon_core.verb:Building package 'fishbot_description' with the following arguments: {'ament_cmake_args': None, 'build_base': '/home/xc/桌面/roscar_nav/build/fishbot_description', 'catkin_cmake_args': None, 'catkin_skip_building_tests': False, 'cmake_args': None, 'cmake_clean_cache': False, 'cmake_clean_first': False, 'cmake_force_configure': False, 'cmake_target': None, 'cmake_target_skip_unavailable': False, 'install_base': '/home/xc/桌面/roscar_nav/install/fishbot_description', 'merge_install': False, 'path': '/home/xc/桌面/roscar_nav/src/fishbot_description', 'symlink_install': False, 'test_result_base': None}
[2.229s] Level 5:colcon.colcon_core.verb:set package 'lidar_pkg' build argument 'cmake_args' from command line to 'None'
[2.230s] Level 5:colcon.colcon_core.verb:set package 'lidar_pkg' build argument 'cmake_target' from command line to 'None'
[2.230s] Level 5:colcon.colcon_core.verb:set package 'lidar_pkg' build argument 'cmake_target_skip_unavailable' from command line to 'False'
[2.230s] Level 5:colcon.colcon_core.verb:set package 'lidar_pkg' build argument 'cmake_clean_cache' from command line to 'False'
[2.230s] Level 5:colcon.colcon_core.verb:set package 'lidar_pkg' build argument 'cmake_clean_first' from command line to 'False'
[2.230s] Level 5:colcon.colcon_core.verb:set package 'lidar_pkg' build argument 'cmake_force_configure' from command line to 'False'
[2.230s] Level 5:colcon.colcon_core.verb:set package 'lidar_pkg' build argument 'ament_cmake_args' from command line to 'None'
[2.230s] Level 5:colcon.colcon_core.verb:set package 'lidar_pkg' build argument 'catkin_cmake_args' from command line to 'None'
[2.230s] Level 5:colcon.colcon_core.verb:set package 'lidar_pkg' build argument 'catkin_skip_building_tests' from command line to 'False'
[2.231s] DEBUG:colcon.colcon_core.verb:Building package 'lidar_pkg' with the following arguments: {'ament_cmake_args': None, 'build_base': '/home/xc/桌面/roscar_nav/build/lidar_pkg', 'catkin_cmake_args': None, 'catkin_skip_building_tests': False, 'cmake_args': None, 'cmake_clean_cache': False, 'cmake_clean_first': False, 'cmake_force_configure': False, 'cmake_target': None, 'cmake_target_skip_unavailable': False, 'install_base': '/home/xc/桌面/roscar_nav/install/lidar_pkg', 'merge_install': False, 'path': '/home/xc/桌面/roscar_nav/src/lidar_pkg_ros2-main', 'symlink_install': False, 'test_result_base': None}
[2.232s] Level 5:colcon.colcon_core.verb:set package 'slam_pkg' build argument 'cmake_args' from command line to 'None'
[2.232s] Level 5:colcon.colcon_core.verb:set package 'slam_pkg' build argument 'cmake_target' from command line to 'None'
[2.232s] Level 5:colcon.colcon_core.verb:set package 'slam_pkg' build argument 'cmake_target_skip_unavailable' from command line to 'False'
[2.232s] Level 5:colcon.colcon_core.verb:set package 'slam_pkg' build argument 'cmake_clean_cache' from command line to 'False'
[2.232s] Level 5:colcon.colcon_core.verb:set package 'slam_pkg' build argument 'cmake_clean_first' from command line to 'False'
[2.233s] Level 5:colcon.colcon_core.verb:set package 'slam_pkg' build argument 'cmake_force_configure' from command line to 'False'
[2.233s] Level 5:colcon.colcon_core.verb:set package 'slam_pkg' build argument 'ament_cmake_args' from command line to 'None'
[2.233s] Level 5:colcon.colcon_core.verb:set package 'slam_pkg' build argument 'catkin_cmake_args' from command line to 'None'
[2.233s] Level 5:colcon.colcon_core.verb:set package 'slam_pkg' build argument 'catkin_skip_building_tests' from command line to 'False'
[2.233s] DEBUG:colcon.colcon_core.verb:Building package 'slam_pkg' with the following arguments: {'ament_cmake_args': None, 'build_base': '/home/xc/桌面/roscar_nav/build/slam_pkg', 'catkin_cmake_args': None, 'catkin_skip_building_tests': False, 'cmake_args': None, 'cmake_clean_cache': False, 'cmake_clean_first': False, 'cmake_force_configure': False, 'cmake_target': None, 'cmake_target_skip_unavailable': False, 'install_base': '/home/xc/桌面/roscar_nav/install/slam_pkg', 'merge_install': False, 'path': '/home/xc/桌面/roscar_nav/src/slam_pkg', 'symlink_install': False, 'test_result_base': None}
[2.234s] INFO:colcon.colcon_core.executor:Executing jobs using 'parallel' executor
[2.237s] DEBUG:colcon.colcon_parallel_executor.executor.parallel:run_until_complete
[2.238s] INFO:colcon.colcon_ros.task.ament_cmake.build:Building ROS package in '/home/xc/桌面/roscar_nav/src/fishbot_bringup' with build type 'ament_cmake'
[2.239s] INFO:colcon.colcon_cmake.task.cmake.build:Building CMake package in '/home/xc/桌面/roscar_nav/src/fishbot_bringup'
[2.249s] INFO:colcon.colcon_core.plugin_system:Skipping extension 'colcon_core.shell.bat': Not used on non-Windows systems
[2.250s] INFO:colcon.colcon_core.shell:Skip shell extension 'powershell' for command environment: Not usable outside of PowerShell
[2.251s] DEBUG:colcon.colcon_core.shell:Skip shell extension 'dsv' for command environment
[2.335s] INFO:colcon.colcon_ros.task.ament_cmake.build:Building ROS package in '/home/xc/桌面/roscar_nav/src/fishbot_description' with build type 'ament_cmake'
[2.336s] INFO:colcon.colcon_cmake.task.cmake.build:Building CMake package in '/home/xc/桌面/roscar_nav/src/fishbot_description'
[2.338s] INFO:colcon.colcon_core.shell:Skip shell extension 'powershell' for command environment: Not usable outside of PowerShell
[2.339s] DEBUG:colcon.colcon_core.shell:Skip shell extension 'dsv' for command environment
[2.430s] INFO:colcon.colcon_ros.task.ament_cmake.build:Building ROS package in '/home/xc/桌面/roscar_nav/src/lidar_pkg_ros2-main' with build type 'ament_cmake'
[2.431s] INFO:colcon.colcon_cmake.task.cmake.build:Building CMake package in '/home/xc/桌面/roscar_nav/src/lidar_pkg_ros2-main'
[2.433s] INFO:colcon.colcon_core.shell:Skip shell extension 'powershell' for command environment: Not usable outside of PowerShell
[2.433s] DEBUG:colcon.colcon_core.shell:Skip shell extension 'dsv' for command environment
[2.527s] INFO:colcon.colcon_ros.task.ament_cmake.build:Building ROS package in '/home/xc/桌面/roscar_nav/src/slam_pkg' with build type 'ament_cmake'
[2.528s] INFO:colcon.colcon_cmake.task.cmake.build:Building CMake package in '/home/xc/桌面/roscar_nav/src/slam_pkg'
[2.530s] INFO:colcon.colcon_core.shell:Skip shell extension 'powershell' for command environment: Not usable outside of PowerShell
[2.531s] DEBUG:colcon.colcon_core.shell:Skip shell extension 'dsv' for command environment
[2.717s] DEBUG:colcon.colcon_core.event_handler.log_command:Invoking command in '/home/xc/桌面/roscar_nav/build/fishbot_bringup': CMAKE_PREFIX_PATH=/opt/ros/humble /usr/bin/cmake --build /home/xc/桌面/roscar_nav/build/fishbot_bringup -- -j4 -l4
[2.810s] DEBUG:colcon.colcon_core.event_handler.log_command:Invoking command in '/home/xc/桌面/roscar_nav/build/fishbot_description': CMAKE_PREFIX_PATH=/opt/ros/humble /usr/bin/cmake --build /home/xc/桌面/roscar_nav/build/fishbot_description -- -j4 -l4
[2.828s] DEBUG:colcon.colcon_core.event_handler.log_command:Invoking command in '/home/xc/桌面/roscar_nav/build/lidar_pkg': CMAKE_PREFIX_PATH=/opt/ros/humble /usr/bin/cmake --build /home/xc/桌面/roscar_nav/build/lidar_pkg -- -j4 -l4
[2.907s] DEBUG:colcon.colcon_core.event_handler.log_command:Invoking command in '/home/xc/桌面/roscar_nav/build/slam_pkg': CMAKE_PREFIX_PATH=/opt/ros/humble /usr/bin/cmake --build /home/xc/桌面/roscar_nav/build/slam_pkg -- -j4 -l4
[3.022s] DEBUG:colcon.colcon_core.event_handler.log_command:Invoked command in '/home/xc/桌面/roscar_nav/build/fishbot_description' returned '0': CMAKE_PREFIX_PATH=/opt/ros/humble /usr/bin/cmake --build /home/xc/桌面/roscar_nav/build/fishbot_description -- -j4 -l4
[3.074s] DEBUG:colcon.colcon_core.event_handler.log_command:Invoking command in '/home/xc/桌面/roscar_nav/build/fishbot_description': CMAKE_PREFIX_PATH=/opt/ros/humble /usr/bin/cmake --install /home/xc/桌面/roscar_nav/build/fishbot_description
[3.110s] DEBUG:colcon.colcon_core.event_handler.log_command:Invoked command in '/home/xc/桌面/roscar_nav/build/slam_pkg' returned '0': CMAKE_PREFIX_PATH=/opt/ros/humble /usr/bin/cmake --build /home/xc/桌面/roscar_nav/build/slam_pkg -- -j4 -l4
[3.122s] DEBUG:colcon.colcon_core.event_handler.log_command:Invoking command in '/home/xc/桌面/roscar_nav/build/slam_pkg': CMAKE_PREFIX_PATH=/opt/ros/humble /usr/bin/cmake --install /home/xc/桌面/roscar_nav/build/slam_pkg
[3.143s] Level 1:colcon.colcon_core.environment:create_environment_scripts_only(fishbot_description)
[3.174s] Level 1:colcon.colcon_core.environment:checking '/home/xc/桌面/roscar_nav/install/fishbot_description' for CMake module files
[3.183s] DEBUG:colcon.colcon_core.event_handler.log_command:Invoked command in '/home/xc/桌面/roscar_nav/build/fishbot_description' returned '0': CMAKE_PREFIX_PATH=/opt/ros/humble /usr/bin/cmake --install /home/xc/桌面/roscar_nav/build/fishbot_description
[3.188s] Level 1:colcon.colcon_core.environment:checking '/home/xc/桌面/roscar_nav/install/fishbot_description' for CMake config files
[3.194s] Level 1:colcon.colcon_core.shell:create_environment_hook('fishbot_description', 'cmake_prefix_path')
[3.196s] INFO:colcon.colcon_core.shell:Creating environment hook '/home/xc/桌面/roscar_nav/install/fishbot_description/share/fishbot_description/hook/cmake_prefix_path.ps1'
[3.217s] INFO:colcon.colcon_core.shell:Creating environment descriptor '/home/xc/桌面/roscar_nav/install/fishbot_description/share/fishbot_description/hook/cmake_prefix_path.dsv'
[3.271s] INFO:colcon.colcon_core.shell:Creating environment hook '/home/xc/桌面/roscar_nav/install/fishbot_description/share/fishbot_description/hook/cmake_prefix_path.sh'
[3.275s] Level 1:colcon.colcon_core.environment:checking '/home/xc/桌面/roscar_nav/install/fishbot_description/bin'
[3.276s] Level 1:colcon.colcon_core.environment:checking '/home/xc/桌面/roscar_nav/install/fishbot_description/lib/pkgconfig/fishbot_description.pc'
[3.277s] Level 1:colcon.colcon_core.environment:checking '/home/xc/桌面/roscar_nav/install/fishbot_description/lib/python3.10/site-packages'
[3.278s] Level 1:colcon.colcon_core.environment:checking '/home/xc/桌面/roscar_nav/install/fishbot_description/bin'
[3.280s] INFO:colcon.colcon_core.shell:Creating package script '/home/xc/桌面/roscar_nav/install/fishbot_description/share/fishbot_description/package.ps1'
[3.286s] INFO:colcon.colcon_core.shell:Creating package descriptor '/home/xc/桌面/roscar_nav/install/fishbot_description/share/fishbot_description/package.dsv'
[3.291s] INFO:colcon.colcon_core.shell:Creating package script '/home/xc/桌面/roscar_nav/install/fishbot_description/share/fishbot_description/package.sh'
[3.295s] INFO:colcon.colcon_core.shell:Creating package script '/home/xc/桌面/roscar_nav/install/fishbot_description/share/fishbot_description/package.bash'
[3.300s] INFO:colcon.colcon_core.shell:Creating package script '/home/xc/桌面/roscar_nav/install/fishbot_description/share/fishbot_description/package.zsh'
[3.304s] Level 1:colcon.colcon_core.environment:create_file_with_runtime_dependencies(/home/xc/桌面/roscar_nav/install/fishbot_description/share/colcon-core/packages/fishbot_description)
[3.307s] Level 1:colcon.colcon_core.environment:create_environment_scripts_only(fishbot_description)
[3.308s] Level 1:colcon.colcon_core.environment:checking '/home/xc/桌面/roscar_nav/install/fishbot_description' for CMake module files
[3.311s] Level 1:colcon.colcon_core.environment:checking '/home/xc/桌面/roscar_nav/install/fishbot_description' for CMake config files
[3.313s] Level 1:colcon.colcon_core.shell:create_environment_hook('fishbot_description', 'cmake_prefix_path')
[3.314s] INFO:colcon.colcon_core.shell:Creating environment hook '/home/xc/桌面/roscar_nav/install/fishbot_description/share/fishbot_description/hook/cmake_prefix_path.ps1'
[3.365s] INFO:colcon.colcon_core.shell:Creating environment descriptor '/home/xc/桌面/roscar_nav/install/fishbot_description/share/fishbot_description/hook/cmake_prefix_path.dsv'
[3.368s] INFO:colcon.colcon_core.shell:Creating environment hook '/home/xc/桌面/roscar_nav/install/fishbot_description/share/fishbot_description/hook/cmake_prefix_path.sh'
[3.373s] Level 1:colcon.colcon_core.environment:checking '/home/xc/桌面/roscar_nav/install/fishbot_description/bin'
[3.373s] Level 1:colcon.colcon_core.environment:checking '/home/xc/桌面/roscar_nav/install/fishbot_description/lib/pkgconfig/fishbot_description.pc'
[3.375s] Level 1:colcon.colcon_core.environment:checking '/home/xc/桌面/roscar_nav/install/fishbot_description/lib/python3.10/site-packages'
[3.377s] Level 1:colcon.colcon_core.environment:checking '/home/xc/桌面/roscar_nav/install/fishbot_description/bin'
[3.379s] INFO:colcon.colcon_core.shell:Creating package script '/home/xc/桌面/roscar_nav/install/fishbot_description/share/fishbot_description/package.ps1'
[3.383s] INFO:colcon.colcon_core.shell:Creating package descriptor '/home/xc/桌面/roscar_nav/install/fishbot_description/share/fishbot_description/package.dsv'
[3.390s] INFO:colcon.colcon_core.shell:Creating package script '/home/xc/桌面/roscar_nav/install/fishbot_description/share/fishbot_description/package.sh'
[3.452s] INFO:colcon.colcon_core.shell:Creating package script '/home/xc/桌面/roscar_nav/install/fishbot_description/share/fishbot_description/package.bash'
[3.456s] INFO:colcon.colcon_core.shell:Creating package script '/home/xc/桌面/roscar_nav/install/fishbot_description/share/fishbot_description/package.zsh'
[3.458s] Level 1:colcon.colcon_core.environment:create_file_with_runtime_dependencies(/home/xc/桌面/roscar_nav/install/fishbot_description/share/colcon-core/packages/fishbot_description)
[3.463s] Level 1:colcon.colcon_core.environment:create_environment_scripts_only(slam_pkg)
[3.464s] Level 1:colcon.colcon_core.environment:checking '/home/xc/桌面/roscar_nav/install/slam_pkg' for CMake module files
[3.468s] Level 1:colcon.colcon_core.environment:checking '/home/xc/桌面/roscar_nav/install/slam_pkg' for CMake config files
[3.471s] Level 1:colcon.colcon_core.shell:create_environment_hook('slam_pkg', 'cmake_prefix_path')
[3.473s] INFO:colcon.colcon_core.shell:Creating environment hook '/home/xc/桌面/roscar_nav/install/slam_pkg/share/slam_pkg/hook/cmake_prefix_path.ps1'
[3.477s] INFO:colcon.colcon_core.shell:Creating environment descriptor '/home/xc/桌面/roscar_nav/install/slam_pkg/share/slam_pkg/hook/cmake_prefix_path.dsv'
[3.561s] DEBUG:colcon.colcon_core.event_handler.log_command:Invoked command in '/home/xc/桌面/roscar_nav/build/slam_pkg' returned '0': CMAKE_PREFIX_PATH=/opt/ros/humble /usr/bin/cmake --install /home/xc/桌面/roscar_nav/build/slam_pkg
[3.562s] INFO:colcon.colcon_core.shell:Creating environment hook '/home/xc/桌面/roscar_nav/install/slam_pkg/share/slam_pkg/hook/cmake_prefix_path.sh'
[3.577s] Level 1:colcon.colcon_core.environment:checking '/home/xc/桌面/roscar_nav/install/slam_pkg/bin'
[3.578s] Level 1:colcon.colcon_core.environment:checking '/home/xc/桌面/roscar_nav/install/slam_pkg/lib/pkgconfig/slam_pkg.pc'
[3.579s] Level 1:colcon.colcon_core.environment:checking '/home/xc/桌面/roscar_nav/install/slam_pkg/lib/python3.10/site-packages'
[3.581s] Level 1:colcon.colcon_core.environment:checking '/home/xc/桌面/roscar_nav/install/slam_pkg/bin'
[3.583s] INFO:colcon.colcon_core.shell:Creating package script '/home/xc/桌面/roscar_nav/install/slam_pkg/share/slam_pkg/package.ps1'
[3.646s] INFO:colcon.colcon_core.shell:Creating package descriptor '/home/xc/桌面/roscar_nav/install/slam_pkg/share/slam_pkg/package.dsv'
[3.649s] INFO:colcon.colcon_core.shell:Creating package script '/home/xc/桌面/roscar_nav/install/slam_pkg/share/slam_pkg/package.sh'
[3.651s] INFO:colcon.colcon_core.shell:Creating package script '/home/xc/桌面/roscar_nav/install/slam_pkg/share/slam_pkg/package.bash'
[3.654s] INFO:colcon.colcon_core.shell:Creating package script '/home/xc/桌面/roscar_nav/install/slam_pkg/share/slam_pkg/package.zsh'
[3.657s] Level 1:colcon.colcon_core.environment:create_file_with_runtime_dependencies(/home/xc/桌面/roscar_nav/install/slam_pkg/share/colcon-core/packages/slam_pkg)
[3.661s] Level 1:colcon.colcon_core.environment:create_environment_scripts_only(slam_pkg)
[3.662s] Level 1:colcon.colcon_core.environment:checking '/home/xc/桌面/roscar_nav/install/slam_pkg' for CMake module files
[3.665s] Level 1:colcon.colcon_core.environment:checking '/home/xc/桌面/roscar_nav/install/slam_pkg' for CMake config files
[3.667s] Level 1:colcon.colcon_core.shell:create_environment_hook('slam_pkg', 'cmake_prefix_path')
[3.668s] INFO:colcon.colcon_core.shell:Creating environment hook '/home/xc/桌面/roscar_nav/install/slam_pkg/share/slam_pkg/hook/cmake_prefix_path.ps1'
[3.728s] INFO:colcon.colcon_core.shell:Creating environment descriptor '/home/xc/桌面/roscar_nav/install/slam_pkg/share/slam_pkg/hook/cmake_prefix_path.dsv'
[3.803s] INFO:colcon.colcon_core.shell:Creating environment hook '/home/xc/桌面/roscar_nav/install/slam_pkg/share/slam_pkg/hook/cmake_prefix_path.sh'
[3.806s] Level 1:colcon.colcon_core.environment:checking '/home/xc/桌面/roscar_nav/install/slam_pkg/bin'
[3.807s] Level 1:colcon.colcon_core.environment:checking '/home/xc/桌面/roscar_nav/install/slam_pkg/lib/pkgconfig/slam_pkg.pc'
[3.808s] Level 1:colcon.colcon_core.environment:checking '/home/xc/桌面/roscar_nav/install/slam_pkg/lib/python3.10/site-packages'
[3.809s] Level 1:colcon.colcon_core.environment:checking '/home/xc/桌面/roscar_nav/install/slam_pkg/bin'
[3.810s] INFO:colcon.colcon_core.shell:Creating package script '/home/xc/桌面/roscar_nav/install/slam_pkg/share/slam_pkg/package.ps1'
[3.813s] INFO:colcon.colcon_core.shell:Creating package descriptor '/home/xc/桌面/roscar_nav/install/slam_pkg/share/slam_pkg/package.dsv'
[3.816s] INFO:colcon.colcon_core.shell:Creating package script '/home/xc/桌面/roscar_nav/install/slam_pkg/share/slam_pkg/package.sh'
[3.819s] INFO:colcon.colcon_core.shell:Creating package script '/home/xc/桌面/roscar_nav/install/slam_pkg/share/slam_pkg/package.bash'
[3.888s] INFO:colcon.colcon_core.shell:Creating package script '/home/xc/桌面/roscar_nav/install/slam_pkg/share/slam_pkg/package.zsh'
[3.891s] Level 1:colcon.colcon_core.environment:create_file_with_runtime_dependencies(/home/xc/桌面/roscar_nav/install/slam_pkg/share/colcon-core/packages/slam_pkg)
[3.906s] DEBUG:colcon.colcon_core.event_handler.log_command:Invoked command in '/home/xc/桌面/roscar_nav/build/lidar_pkg' returned '0': CMAKE_PREFIX_PATH=/opt/ros/humble /usr/bin/cmake --build /home/xc/桌面/roscar_nav/build/lidar_pkg -- -j4 -l4
[3.909s] DEBUG:colcon.colcon_core.event_handler.log_command:Invoking command in '/home/xc/桌面/roscar_nav/build/lidar_pkg': CMAKE_PREFIX_PATH=/opt/ros/humble /usr/bin/cmake --install /home/xc/桌面/roscar_nav/build/lidar_pkg
[3.977s] Level 1:colcon.colcon_core.environment:create_environment_scripts_only(lidar_pkg)
[3.978s] Level 1:colcon.colcon_core.environment:checking '/home/xc/桌面/roscar_nav/install/lidar_pkg' for CMake module files
[3.982s] Level 1:colcon.colcon_core.environment:checking '/home/xc/桌面/roscar_nav/install/lidar_pkg' for CMake config files
[3.985s] Level 1:colcon.colcon_core.shell:create_environment_hook('lidar_pkg', 'cmake_prefix_path')
[3.987s] DEBUG:colcon.colcon_core.event_handler.log_command:Invoked command in '/home/xc/桌面/roscar_nav/build/lidar_pkg' returned '0': CMAKE_PREFIX_PATH=/opt/ros/humble /usr/bin/cmake --install /home/xc/桌面/roscar_nav/build/lidar_pkg
[3.989s] INFO:colcon.colcon_core.shell:Creating environment hook '/home/xc/桌面/roscar_nav/install/lidar_pkg/share/lidar_pkg/hook/cmake_prefix_path.ps1'
[4.054s] INFO:colcon.colcon_core.shell:Creating environment descriptor '/home/xc/桌面/roscar_nav/install/lidar_pkg/share/lidar_pkg/hook/cmake_prefix_path.dsv'
[4.056s] INFO:colcon.colcon_core.shell:Creating environment hook '/home/xc/桌面/roscar_nav/install/lidar_pkg/share/lidar_pkg/hook/cmake_prefix_path.sh'
[4.060s] Level 1:colcon.colcon_core.environment:checking '/home/xc/桌面/roscar_nav/install/lidar_pkg/lib'
[4.061s] Level 1:colcon.colcon_core.environment:checking '/home/xc/桌面/roscar_nav/install/lidar_pkg/bin'
[4.061s] Level 1:colcon.colcon_core.environment:checking '/home/xc/桌面/roscar_nav/install/lidar_pkg/lib/pkgconfig/lidar_pkg.pc'
[4.062s] Level 1:colcon.colcon_core.environment:checking '/home/xc/桌面/roscar_nav/install/lidar_pkg/lib/python3.10/site-packages'
[4.064s] Level 1:colcon.colcon_core.environment:checking '/home/xc/桌面/roscar_nav/install/lidar_pkg/bin'
[4.065s] INFO:colcon.colcon_core.shell:Creating package script '/home/xc/桌面/roscar_nav/install/lidar_pkg/share/lidar_pkg/package.ps1'
[4.135s] INFO:colcon.colcon_core.shell:Creating package descriptor '/home/xc/桌面/roscar_nav/install/lidar_pkg/share/lidar_pkg/package.dsv'
[4.139s] INFO:colcon.colcon_core.shell:Creating package script '/home/xc/桌面/roscar_nav/install/lidar_pkg/share/lidar_pkg/package.sh'
[4.141s] INFO:colcon.colcon_core.shell:Creating package script '/home/xc/桌面/roscar_nav/install/lidar_pkg/share/lidar_pkg/package.bash'
[4.144s] INFO:colcon.colcon_core.shell:Creating package script '/home/xc/桌面/roscar_nav/install/lidar_pkg/share/lidar_pkg/package.zsh'
[4.146s] Level 1:colcon.colcon_core.environment:create_file_with_runtime_dependencies(/home/xc/桌面/roscar_nav/install/lidar_pkg/share/colcon-core/packages/lidar_pkg)
[4.217s] Level 1:colcon.colcon_core.environment:create_environment_scripts_only(lidar_pkg)
[4.218s] Level 1:colcon.colcon_core.environment:checking '/home/xc/桌面/roscar_nav/install/lidar_pkg' for CMake module files
[4.222s] Level 1:colcon.colcon_core.environment:checking '/home/xc/桌面/roscar_nav/install/lidar_pkg' for CMake config files
[4.224s] Level 1:colcon.colcon_core.shell:create_environment_hook('lidar_pkg', 'cmake_prefix_path')
[4.225s] INFO:colcon.colcon_core.shell:Creating environment hook '/home/xc/桌面/roscar_nav/install/lidar_pkg/share/lidar_pkg/hook/cmake_prefix_path.ps1'
[4.292s] INFO:colcon.colcon_core.shell:Creating environment descriptor '/home/xc/桌面/roscar_nav/install/lidar_pkg/share/lidar_pkg/hook/cmake_prefix_path.dsv'
[4.296s] INFO:colcon.colcon_core.shell:Creating environment hook '/home/xc/桌面/roscar_nav/install/lidar_pkg/share/lidar_pkg/hook/cmake_prefix_path.sh'
[4.300s] Level 1:colcon.colcon_core.environment:checking '/home/xc/桌面/roscar_nav/install/lidar_pkg/lib'
[4.301s] Level 1:colcon.colcon_core.environment:checking '/home/xc/桌面/roscar_nav/install/lidar_pkg/bin'
[4.302s] Level 1:colcon.colcon_core.environment:checking '/home/xc/桌面/roscar_nav/install/lidar_pkg/lib/pkgconfig/lidar_pkg.pc'
[4.303s] Level 1:colcon.colcon_core.environment:checking '/home/xc/桌面/roscar_nav/install/lidar_pkg/lib/python3.10/site-packages'
[4.305s] Level 1:colcon.colcon_core.environment:checking '/home/xc/桌面/roscar_nav/install/lidar_pkg/bin'
[4.306s] INFO:colcon.colcon_core.shell:Creating package script '/home/xc/桌面/roscar_nav/install/lidar_pkg/share/lidar_pkg/package.ps1'
[4.310s] INFO:colcon.colcon_core.shell:Creating package descriptor '/home/xc/桌面/roscar_nav/install/lidar_pkg/share/lidar_pkg/package.dsv'
[4.379s] INFO:colcon.colcon_core.shell:Creating package script '/home/xc/桌面/roscar_nav/install/lidar_pkg/share/lidar_pkg/package.sh'
[4.383s] INFO:colcon.colcon_core.shell:Creating package script '/home/xc/桌面/roscar_nav/install/lidar_pkg/share/lidar_pkg/package.bash'
[4.386s] INFO:colcon.colcon_core.shell:Creating package script '/home/xc/桌面/roscar_nav/install/lidar_pkg/share/lidar_pkg/package.zsh'
[4.388s] Level 1:colcon.colcon_core.environment:create_file_with_runtime_dependencies(/home/xc/桌面/roscar_nav/install/lidar_pkg/share/colcon-core/packages/lidar_pkg)
[45.582s] DEBUG:colcon.colcon_core.event_handler.log_command:Invoked command in '/home/xc/桌面/roscar_nav/build/fishbot_bringup' returned '0': CMAKE_PREFIX_PATH=/opt/ros/humble /usr/bin/cmake --build /home/xc/桌面/roscar_nav/build/fishbot_bringup -- -j4 -l4
[45.597s] DEBUG:colcon.colcon_core.event_handler.log_command:Invoking command in '/home/xc/桌面/roscar_nav/build/fishbot_bringup': CMAKE_PREFIX_PATH=/opt/ros/humble /usr/bin/cmake --install /home/xc/桌面/roscar_nav/build/fishbot_bringup
[45.800s] Level 1:colcon.colcon_core.environment:create_environment_scripts_only(fishbot_bringup)
[45.802s] Level 1:colcon.colcon_core.environment:checking '/home/xc/桌面/roscar_nav/install/fishbot_bringup' for CMake module files
[45.805s] DEBUG:colcon.colcon_core.event_handler.log_command:Invoked command in '/home/xc/桌面/roscar_nav/build/fishbot_bringup' returned '0': CMAKE_PREFIX_PATH=/opt/ros/humble /usr/bin/cmake --install /home/xc/桌面/roscar_nav/build/fishbot_bringup
[45.809s] Level 1:colcon.colcon_core.environment:checking '/home/xc/桌面/roscar_nav/install/fishbot_bringup' for CMake config files
[45.811s] Level 1:colcon.colcon_core.shell:create_environment_hook('fishbot_bringup', 'cmake_prefix_path')
[45.813s] INFO:colcon.colcon_core.shell:Creating environment hook '/home/xc/桌面/roscar_nav/install/fishbot_bringup/share/fishbot_bringup/hook/cmake_prefix_path.ps1'
[45.881s] INFO:colcon.colcon_core.shell:Creating environment descriptor '/home/xc/桌面/roscar_nav/install/fishbot_bringup/share/fishbot_bringup/hook/cmake_prefix_path.dsv'
[45.886s] INFO:colcon.colcon_core.shell:Creating environment hook '/home/xc/桌面/roscar_nav/install/fishbot_bringup/share/fishbot_bringup/hook/cmake_prefix_path.sh'
[45.895s] Level 1:colcon.colcon_core.environment:checking '/home/xc/桌面/roscar_nav/install/fishbot_bringup/lib'
[45.896s] Level 1:colcon.colcon_core.environment:checking '/home/xc/桌面/roscar_nav/install/fishbot_bringup/bin'
[45.896s] Level 1:colcon.colcon_core.environment:checking '/home/xc/桌面/roscar_nav/install/fishbot_bringup/lib/pkgconfig/fishbot_bringup.pc'
[45.898s] Level 1:colcon.colcon_core.environment:checking '/home/xc/桌面/roscar_nav/install/fishbot_bringup/lib/python3.10/site-packages'
[45.901s] Level 1:colcon.colcon_core.environment:checking '/home/xc/桌面/roscar_nav/install/fishbot_bringup/bin'
[45.902s] INFO:colcon.colcon_core.shell:Creating package script '/home/xc/桌面/roscar_nav/install/fishbot_bringup/share/fishbot_bringup/package.ps1'
[45.940s] INFO:colcon.colcon_core.shell:Creating package descriptor '/home/xc/桌面/roscar_nav/install/fishbot_bringup/share/fishbot_bringup/package.dsv'
[45.945s] INFO:colcon.colcon_core.shell:Creating package script '/home/xc/桌面/roscar_nav/install/fishbot_bringup/share/fishbot_bringup/package.sh'
[45.954s] INFO:colcon.colcon_core.shell:Creating package script '/home/xc/桌面/roscar_nav/install/fishbot_bringup/share/fishbot_bringup/package.bash'
[45.957s] INFO:colcon.colcon_core.shell:Creating package script '/home/xc/桌面/roscar_nav/install/fishbot_bringup/share/fishbot_bringup/package.zsh'
[45.980s] Level 1:colcon.colcon_core.environment:create_file_with_runtime_dependencies(/home/xc/桌面/roscar_nav/install/fishbot_bringup/share/colcon-core/packages/fishbot_bringup)
[45.986s] Level 1:colcon.colcon_core.environment:create_environment_scripts_only(fishbot_bringup)
[45.988s] Level 1:colcon.colcon_core.environment:checking '/home/xc/桌面/roscar_nav/install/fishbot_bringup' for CMake module files
[45.993s] Level 1:colcon.colcon_core.environment:checking '/home/xc/桌面/roscar_nav/install/fishbot_bringup' for CMake config files
[45.997s] Level 1:colcon.colcon_core.shell:create_environment_hook('fishbot_bringup', 'cmake_prefix_path')
[45.998s] INFO:colcon.colcon_core.shell:Creating environment hook '/home/xc/桌面/roscar_nav/install/fishbot_bringup/share/fishbot_bringup/hook/cmake_prefix_path.ps1'
[46.020s] INFO:colcon.colcon_core.shell:Creating environment descriptor '/home/xc/桌面/roscar_nav/install/fishbot_bringup/share/fishbot_bringup/hook/cmake_prefix_path.dsv'
[46.026s] INFO:colcon.colcon_core.shell:Creating environment hook '/home/xc/桌面/roscar_nav/install/fishbot_bringup/share/fishbot_bringup/hook/cmake_prefix_path.sh'
[46.054s] Level 1:colcon.colcon_core.environment:checking '/home/xc/桌面/roscar_nav/install/fishbot_bringup/lib'
[46.055s] Level 1:colcon.colcon_core.environment:checking '/home/xc/桌面/roscar_nav/install/fishbot_bringup/bin'
[46.055s] Level 1:colcon.colcon_core.environment:checking '/home/xc/桌面/roscar_nav/install/fishbot_bringup/lib/pkgconfig/fishbot_bringup.pc'
[46.057s] Level 1:colcon.colcon_core.environment:checking '/home/xc/桌面/roscar_nav/install/fishbot_bringup/lib/python3.10/site-packages'
[46.059s] Level 1:colcon.colcon_core.environment:checking '/home/xc/桌面/roscar_nav/install/fishbot_bringup/bin'
[46.061s] INFO:colcon.colcon_core.shell:Creating package script '/home/xc/桌面/roscar_nav/install/fishbot_bringup/share/fishbot_bringup/package.ps1'
[46.065s] INFO:colcon.colcon_core.shell:Creating package descriptor '/home/xc/桌面/roscar_nav/install/fishbot_bringup/share/fishbot_bringup/package.dsv'
[46.068s] INFO:colcon.colcon_core.shell:Creating package script '/home/xc/桌面/roscar_nav/install/fishbot_bringup/share/fishbot_bringup/package.sh'
[46.092s] INFO:colcon.colcon_core.shell:Creating package script '/home/xc/桌面/roscar_nav/install/fishbot_bringup/share/fishbot_bringup/package.bash'
[46.100s] INFO:colcon.colcon_core.shell:Creating package script '/home/xc/桌面/roscar_nav/install/fishbot_bringup/share/fishbot_bringup/package.zsh'
[46.148s] Level 1:colcon.colcon_core.environment:create_file_with_runtime_dependencies(/home/xc/桌面/roscar_nav/install/fishbot_bringup/share/colcon-core/packages/fishbot_bringup)
[46.151s] DEBUG:colcon.colcon_parallel_executor.executor.parallel:closing loop
[46.153s] DEBUG:colcon.colcon_parallel_executor.executor.parallel:loop closed
[46.154s] DEBUG:colcon.colcon_parallel_executor.executor.parallel:run_until_complete finished with '0'
[46.155s] DEBUG:colcon.colcon_core.event_reactor:joining thread
[46.207s] INFO:colcon.colcon_core.plugin_system:Skipping extension 'colcon_notification.desktop_notification.terminal_notifier': Not used on non-Darwin systems
[46.208s] INFO:colcon.colcon_core.plugin_system:Skipping extension 'colcon_notification.desktop_notification.win32': Not used on non-Windows systems
[46.208s] INFO:colcon.colcon_notification.desktop_notification:Sending desktop notification using 'notify2'
[46.273s] DEBUG:colcon.colcon_core.event_reactor:joined thread
[46.274s] INFO:colcon.colcon_core.shell:Creating prefix script '/home/xc/桌面/roscar_nav/install/local_setup.ps1'
[46.314s] INFO:colcon.colcon_core.shell:Creating prefix util module '/home/xc/桌面/roscar_nav/install/_local_setup_util_ps1.py'
[46.372s] INFO:colcon.colcon_core.shell:Creating prefix chain script '/home/xc/桌面/roscar_nav/install/setup.ps1'
[46.391s] INFO:colcon.colcon_core.shell:Creating prefix script '/home/xc/桌面/roscar_nav/install/local_setup.sh'
[46.413s] INFO:colcon.colcon_core.shell:Creating prefix util module '/home/xc/桌面/roscar_nav/install/_local_setup_util_sh.py'
[46.420s] INFO:colcon.colcon_core.shell:Creating prefix chain script '/home/xc/桌面/roscar_nav/install/setup.sh'
[46.438s] INFO:colcon.colcon_core.shell:Creating prefix script '/home/xc/桌面/roscar_nav/install/local_setup.bash'
[46.447s] INFO:colcon.colcon_core.shell:Creating prefix chain script '/home/xc/桌面/roscar_nav/install/setup.bash'
[46.473s] INFO:colcon.colcon_core.shell:Creating prefix script '/home/xc/桌面/roscar_nav/install/local_setup.zsh'
[46.483s] INFO:colcon.colcon_core.shell:Creating prefix chain script '/home/xc/桌面/roscar_nav/install/setup.zsh'
