[0.408s] Invoking command in '/home/xc/桌面/roscar_nav/build/lidar_pkg': CMAKE_PREFIX_PATH=${CMAKE_PREFIX_PATH}:/opt/ros/humble /usr/bin/cmake --build /home/xc/桌面/roscar_nav/build/lidar_pkg -- -j4 -l4
[2.035s] [100%] Built target lidar_node
[2.190s] Invoked command in '/home/xc/桌面/roscar_nav/build/lidar_pkg' returned '0': CMAKE_PREFIX_PATH=${CMAKE_PREFIX_PATH}:/opt/ros/humble /usr/bin/cmake --build /home/xc/桌面/roscar_nav/build/lidar_pkg -- -j4 -l4
[2.270s] Invoking command in '/home/xc/桌面/roscar_nav/build/lidar_pkg': CMAKE_PREFIX_PATH=${CMAKE_PREFIX_PATH}:/opt/ros/humble /usr/bin/cmake --install /home/xc/桌面/roscar_nav/build/lidar_pkg
[2.313s] -- Install configuration: ""
[2.317s] -- Up-to-date: /home/xc/桌面/roscar_nav/install/lidar_pkg/lib/lidar_pkg/lidar_node
[2.322s] -- Up-to-date: /home/xc/桌面/roscar_nav/install/lidar_pkg/share/lidar_pkg/launch
[2.325s] -- Up-to-date: /home/xc/桌面/roscar_nav/install/lidar_pkg/share/lidar_pkg/launch/monitor.launch.py
[2.325s] -- Up-to-date: /home/xc/桌面/roscar_nav/install/lidar_pkg/share/lidar_pkg/launch/lidar.launch.py
[2.326s] -- Up-to-date: /home/xc/桌面/roscar_nav/install/lidar_pkg/share/lidar_pkg/urdf
[2.327s] -- Up-to-date: /home/xc/桌面/roscar_nav/install/lidar_pkg/share/lidar_pkg/urdf/lidar.urdf
[2.328s] -- Up-to-date: /home/xc/桌面/roscar_nav/install/lidar_pkg/share/lidar_pkg/rviz
[2.329s] -- Up-to-date: /home/xc/桌面/roscar_nav/install/lidar_pkg/share/lidar_pkg/rviz/lidar.rviz
[2.329s] -- Up-to-date: /home/xc/桌面/roscar_nav/install/lidar_pkg/share/lidar_pkg/config
[2.330s] -- Up-to-date: /home/xc/桌面/roscar_nav/install/lidar_pkg/share/lidar_pkg/config/lidar_params.yaml
[2.330s] -- Up-to-date: /home/xc/桌面/roscar_nav/install/lidar_pkg/share/ament_index/resource_index/package_run_dependencies/lidar_pkg
[2.331s] -- Up-to-date: /home/xc/桌面/roscar_nav/install/lidar_pkg/share/ament_index/resource_index/parent_prefix_path/lidar_pkg
[2.331s] -- Up-to-date: /home/xc/桌面/roscar_nav/install/lidar_pkg/share/lidar_pkg/environment/ament_prefix_path.sh
[2.331s] -- Up-to-date: /home/xc/桌面/roscar_nav/install/lidar_pkg/share/lidar_pkg/environment/ament_prefix_path.dsv
[2.332s] -- Up-to-date: /home/xc/桌面/roscar_nav/install/lidar_pkg/share/lidar_pkg/environment/path.sh
[2.332s] -- Up-to-date: /home/xc/桌面/roscar_nav/install/lidar_pkg/share/lidar_pkg/environment/path.dsv
[2.333s] -- Up-to-date: /home/xc/桌面/roscar_nav/install/lidar_pkg/share/lidar_pkg/local_setup.bash
[2.333s] -- Up-to-date: /home/xc/桌面/roscar_nav/install/lidar_pkg/share/lidar_pkg/local_setup.sh
[2.334s] -- Up-to-date: /home/xc/桌面/roscar_nav/install/lidar_pkg/share/lidar_pkg/local_setup.zsh
[2.334s] -- Up-to-date: /home/xc/桌面/roscar_nav/install/lidar_pkg/share/lidar_pkg/local_setup.dsv
[2.336s] -- Installing: /home/xc/桌面/roscar_nav/install/lidar_pkg/share/lidar_pkg/package.dsv
[2.336s] -- Up-to-date: /home/xc/桌面/roscar_nav/install/lidar_pkg/share/ament_index/resource_index/packages/lidar_pkg
[2.338s] -- Up-to-date: /home/xc/桌面/roscar_nav/install/lidar_pkg/share/lidar_pkg/cmake/lidar_pkgConfig.cmake
[2.338s] -- Up-to-date: /home/xc/桌面/roscar_nav/install/lidar_pkg/share/lidar_pkg/cmake/lidar_pkgConfig-version.cmake
[2.339s] -- Up-to-date: /home/xc/桌面/roscar_nav/install/lidar_pkg/share/lidar_pkg/package.xml
[2.741s] Invoked command in '/home/xc/桌面/roscar_nav/build/lidar_pkg' returned '0': CMAKE_PREFIX_PATH=${CMAKE_PREFIX_PATH}:/opt/ros/humble /usr/bin/cmake --install /home/xc/桌面/roscar_nav/build/lidar_pkg
