[1.078s] Invoking command in '/home/xc/桌面/roscar_nav/build/fishbot_bringup': CMAKE_PREFIX_PATH=/opt/ros/humble /usr/bin/cmake --build /home/xc/桌面/roscar_nav/build/fishbot_bringup -- -j4 -l4
[2.976s] [100%] Built target odom2tf
[3.110s] Invoked command in '/home/xc/桌面/roscar_nav/build/fishbot_bringup' returned '0': CMAKE_PREFIX_PATH=/opt/ros/humble /usr/bin/cmake --build /home/xc/桌面/roscar_nav/build/fishbot_bringup -- -j4 -l4
[3.194s] Invoking command in '/home/xc/桌面/roscar_nav/build/fishbot_bringup': CMAKE_PREFIX_PATH=/opt/ros/humble /usr/bin/cmake --install /home/xc/桌面/roscar_nav/build/fishbot_bringup
[3.364s] -- Install configuration: ""
[3.368s] -- Up-to-date: /home/xc/桌面/roscar_nav/install/fishbot_bringup/lib/fishbot_bringup/odom2tf
[3.369s] -- Up-to-date: /home/xc/桌面/roscar_nav/install/fishbot_bringup/share/fishbot_bringup/launch
[3.369s] -- Up-to-date: /home/xc/桌面/roscar_nav/install/fishbot_bringup/share/fishbot_bringup/launch/urdf2tf.launch.py
[3.370s] -- Up-to-date: /home/xc/桌面/roscar_nav/install/fishbot_bringup/share/fishbot_bringup/launch/bringup.launch.py
[3.371s] -- Up-to-date: /home/xc/桌面/roscar_nav/install/fishbot_bringup/share/fishbot_bringup/launch/bringup_quick.launch.py
[3.372s] -- Up-to-date: /home/xc/桌面/roscar_nav/install/fishbot_bringup/share/ament_index/resource_index/package_run_dependencies/fishbot_bringup
[3.373s] -- Up-to-date: /home/xc/桌面/roscar_nav/install/fishbot_bringup/share/ament_index/resource_index/parent_prefix_path/fishbot_bringup
[3.374s] -- Up-to-date: /home/xc/桌面/roscar_nav/install/fishbot_bringup/share/fishbot_bringup/environment/ament_prefix_path.sh
[3.375s] -- Up-to-date: /home/xc/桌面/roscar_nav/install/fishbot_bringup/share/fishbot_bringup/environment/ament_prefix_path.dsv
[3.376s] -- Up-to-date: /home/xc/桌面/roscar_nav/install/fishbot_bringup/share/fishbot_bringup/environment/path.sh
[3.376s] -- Up-to-date: /home/xc/桌面/roscar_nav/install/fishbot_bringup/share/fishbot_bringup/environment/path.dsv
[3.377s] -- Up-to-date: /home/xc/桌面/roscar_nav/install/fishbot_bringup/share/fishbot_bringup/local_setup.bash
[3.378s] -- Up-to-date: /home/xc/桌面/roscar_nav/install/fishbot_bringup/share/fishbot_bringup/local_setup.sh
[3.378s] -- Up-to-date: /home/xc/桌面/roscar_nav/install/fishbot_bringup/share/fishbot_bringup/local_setup.zsh
[3.378s] -- Up-to-date: /home/xc/桌面/roscar_nav/install/fishbot_bringup/share/fishbot_bringup/local_setup.dsv
[3.379s] -- Installing: /home/xc/桌面/roscar_nav/install/fishbot_bringup/share/fishbot_bringup/package.dsv
[3.379s] -- Up-to-date: /home/xc/桌面/roscar_nav/install/fishbot_bringup/share/ament_index/resource_index/packages/fishbot_bringup
[3.391s] -- Up-to-date: /home/xc/桌面/roscar_nav/install/fishbot_bringup/share/fishbot_bringup/cmake/fishbot_bringupConfig.cmake
[3.393s] -- Up-to-date: /home/xc/桌面/roscar_nav/install/fishbot_bringup/share/fishbot_bringup/cmake/fishbot_bringupConfig-version.cmake
[3.394s] -- Up-to-date: /home/xc/桌面/roscar_nav/install/fishbot_bringup/share/fishbot_bringup/package.xml
[6.450s] Invoked command in '/home/xc/桌面/roscar_nav/build/fishbot_bringup' returned '0': CMAKE_PREFIX_PATH=/opt/ros/humble /usr/bin/cmake --install /home/xc/桌面/roscar_nav/build/fishbot_bringup
