[0.415s] Invoking command in '/home/xc/桌面/roscar_nav/build/fishbot_description': CMAKE_PREFIX_PATH=${CMAKE_PREFIX_PATH}:/opt/ros/humble /usr/bin/cmake --build /home/xc/桌面/roscar_nav/build/fishbot_description -- -j4 -l4
[0.766s] Invoked command in '/home/xc/桌面/roscar_nav/build/fishbot_description' returned '0': CMAKE_PREFIX_PATH=${CMAKE_PREFIX_PATH}:/opt/ros/humble /usr/bin/cmake --build /home/xc/桌面/roscar_nav/build/fishbot_description -- -j4 -l4
[0.877s] Invoking command in '/home/xc/桌面/roscar_nav/build/fishbot_description': CMAKE_PREFIX_PATH=${CMAKE_PREFIX_PATH}:/opt/ros/humble /usr/bin/cmake --install /home/xc/桌面/roscar_nav/build/fishbot_description
[0.879s] -- Install configuration: ""
[0.881s] -- Up-to-date: /home/xc/桌面/roscar_nav/install/fishbot_description/share/fishbot_description/urdf
[0.883s] -- Up-to-date: /home/xc/桌面/roscar_nav/install/fishbot_description/share/fishbot_description/urdf/fishbot.urdf
[0.910s] -- Up-to-date: /home/xc/桌面/roscar_nav/install/fishbot_description/share/ament_index/resource_index/package_run_dependencies/fishbot_description
[0.912s] -- Up-to-date: /home/xc/桌面/roscar_nav/install/fishbot_description/share/ament_index/resource_index/parent_prefix_path/fishbot_description
[0.914s] -- Up-to-date: /home/xc/桌面/roscar_nav/install/fishbot_description/share/fishbot_description/environment/ament_prefix_path.sh
[0.922s] -- Up-to-date: /home/xc/桌面/roscar_nav/install/fishbot_description/share/fishbot_description/environment/ament_prefix_path.dsv
[0.923s] -- Up-to-date: /home/xc/桌面/roscar_nav/install/fishbot_description/share/fishbot_description/environment/path.sh
[0.924s] -- Up-to-date: /home/xc/桌面/roscar_nav/install/fishbot_description/share/fishbot_description/environment/path.dsv
[0.924s] -- Up-to-date: /home/xc/桌面/roscar_nav/install/fishbot_description/share/fishbot_description/local_setup.bash
[0.925s] -- Up-to-date: /home/xc/桌面/roscar_nav/install/fishbot_description/share/fishbot_description/local_setup.sh
[0.925s] -- Up-to-date: /home/xc/桌面/roscar_nav/install/fishbot_description/share/fishbot_description/local_setup.zsh
[0.926s] -- Up-to-date: /home/xc/桌面/roscar_nav/install/fishbot_description/share/fishbot_description/local_setup.dsv
[0.926s] -- Installing: /home/xc/桌面/roscar_nav/install/fishbot_description/share/fishbot_description/package.dsv
[0.927s] -- Up-to-date: /home/xc/桌面/roscar_nav/install/fishbot_description/share/ament_index/resource_index/packages/fishbot_description
[0.928s] -- Up-to-date: /home/xc/桌面/roscar_nav/install/fishbot_description/share/fishbot_description/cmake/fishbot_descriptionConfig.cmake
[0.929s] -- Up-to-date: /home/xc/桌面/roscar_nav/install/fishbot_description/share/fishbot_description/cmake/fishbot_descriptionConfig-version.cmake
[0.929s] -- Up-to-date: /home/xc/桌面/roscar_nav/install/fishbot_description/share/fishbot_description/package.xml
[1.630s] Invoked command in '/home/xc/桌面/roscar_nav/build/fishbot_description' returned '0': CMAKE_PREFIX_PATH=${CMAKE_PREFIX_PATH}:/opt/ros/humble /usr/bin/cmake --install /home/xc/桌面/roscar_nav/build/fishbot_description
