[0.433s] Invoking command in '/home/xc/桌面/roscar_nav/build/slam_pkg': CMAKE_PREFIX_PATH=${CMAKE_PREFIX_PATH}:/opt/ros/humble /usr/bin/cmake --build /home/xc/桌面/roscar_nav/build/slam_pkg -- -j4 -l4
[0.663s] Invoked command in '/home/xc/桌面/roscar_nav/build/slam_pkg' returned '0': CMAKE_PREFIX_PATH=${CMAKE_PREFIX_PATH}:/opt/ros/humble /usr/bin/cmake --build /home/xc/桌面/roscar_nav/build/slam_pkg -- -j4 -l4
[0.711s] Invoking command in '/home/xc/桌面/roscar_nav/build/slam_pkg': CMAKE_PREFIX_PATH=${CMAKE_PREFIX_PATH}:/opt/ros/humble /usr/bin/cmake --install /home/xc/桌面/roscar_nav/build/slam_pkg
[0.779s] -- Install configuration: ""
[0.786s] -- Up-to-date: /home/xc/桌面/roscar_nav/install/slam_pkg/share/slam_pkg//launch
[0.788s] -- Up-to-date: /home/xc/桌面/roscar_nav/install/slam_pkg/share/slam_pkg//launch/slam.launch.py
[0.788s] -- Up-to-date: /home/xc/桌面/roscar_nav/install/slam_pkg/share/slam_pkg//launch/slam_robot.launch.py
[0.790s] -- Up-to-date: /home/xc/桌面/roscar_nav/install/slam_pkg/share/slam_pkg//launch/slam_pc.launch.py
[0.792s] -- Up-to-date: /home/xc/桌面/roscar_nav/install/slam_pkg/share/ament_index/resource_index/package_run_dependencies/slam_pkg
[0.793s] -- Up-to-date: /home/xc/桌面/roscar_nav/install/slam_pkg/share/ament_index/resource_index/parent_prefix_path/slam_pkg
[0.802s] -- Up-to-date: /home/xc/桌面/roscar_nav/install/slam_pkg/share/slam_pkg/environment/ament_prefix_path.sh
[0.805s] -- Up-to-date: /home/xc/桌面/roscar_nav/install/slam_pkg/share/slam_pkg/environment/ament_prefix_path.dsv
[0.807s] -- Up-to-date: /home/xc/桌面/roscar_nav/install/slam_pkg/share/slam_pkg/environment/path.sh
[0.824s] -- Up-to-date: /home/xc/桌面/roscar_nav/install/slam_pkg/share/slam_pkg/environment/path.dsv
[0.825s] -- Up-to-date: /home/xc/桌面/roscar_nav/install/slam_pkg/share/slam_pkg/local_setup.bash
[0.825s] -- Up-to-date: /home/xc/桌面/roscar_nav/install/slam_pkg/share/slam_pkg/local_setup.sh
[0.825s] -- Up-to-date: /home/xc/桌面/roscar_nav/install/slam_pkg/share/slam_pkg/local_setup.zsh
[0.826s] -- Up-to-date: /home/xc/桌面/roscar_nav/install/slam_pkg/share/slam_pkg/local_setup.dsv
[0.826s] -- Installing: /home/xc/桌面/roscar_nav/install/slam_pkg/share/slam_pkg/package.dsv
[0.827s] -- Up-to-date: /home/xc/桌面/roscar_nav/install/slam_pkg/share/ament_index/resource_index/packages/slam_pkg
[0.827s] -- Up-to-date: /home/xc/桌面/roscar_nav/install/slam_pkg/share/slam_pkg/cmake/slam_pkgConfig.cmake
[0.827s] -- Up-to-date: /home/xc/桌面/roscar_nav/install/slam_pkg/share/slam_pkg/cmake/slam_pkgConfig-version.cmake
[0.831s] -- Up-to-date: /home/xc/桌面/roscar_nav/install/slam_pkg/share/slam_pkg/package.xml
[0.833s] Invoked command in '/home/xc/桌面/roscar_nav/build/slam_pkg' returned '0': CMAKE_PREFIX_PATH=${CMAKE_PREFIX_PATH}:/opt/ros/humble /usr/bin/cmake --install /home/xc/桌面/roscar_nav/build/slam_pkg
