[0.466s] DEBUG:colcon:Command line arguments: ['/usr/bin/colcon', 'build', '--packages-select', 'xcar_description']
[0.467s] DEBUG:colcon:Parsed command line arguments: Namespace(log_base=None, log_level=None, verb_name='build', build_base='build', install_base='install', merge_install=False, symlink_install=False, test_result_base=None, continue_on_error=False, executor='parallel', parallel_workers=4, event_handlers=None, ignore_user_meta=False, metas=['./colcon.meta'], base_paths=['.'], packages_ignore=None, packages_ignore_regex=None, paths=None, packages_up_to=None, packages_up_to_regex=None, packages_above=None, packages_above_and_dependencies=None, packages_above_depth=None, packages_select_by_dep=None, packages_skip_by_dep=None, packages_skip_up_to=None, packages_select_build_failed=False, packages_skip_build_finished=False, packages_select_test_failures=False, packages_skip_test_passed=False, packages_select=['xcar_description'], packages_skip=None, packages_select_regex=None, packages_skip_regex=None, packages_start=None, packages_end=None, allow_overriding=[], cmake_args=None, cmake_target=None, cmake_target_skip_unavailable=False, cmake_clean_cache=False, cmake_clean_first=False, cmake_force_configure=False, ament_cmake_args=None, catkin_cmake_args=None, catkin_skip_building_tests=False, verb_parser=<colcon_defaults.argument_parser.defaults.DefaultArgumentsDecorator object at 0xffff951abb20>, verb_extension=<colcon_core.verb.build.BuildVerb object at 0xffff95310be0>, main=<bound method BuildVerb.main of <colcon_core.verb.build.BuildVerb object at 0xffff95310be0>>)
[1.316s] Level 1:colcon.colcon_core.package_discovery:discover_packages(colcon_meta) check parameters
[1.316s] Level 1:colcon.colcon_core.package_discovery:discover_packages(recursive) check parameters
[1.317s] Level 1:colcon.colcon_core.package_discovery:discover_packages(ignore) check parameters
[1.317s] Level 1:colcon.colcon_core.package_discovery:discover_packages(path) check parameters
[1.317s] Level 1:colcon.colcon_core.package_discovery:discover_packages(colcon_meta) discover
[1.318s] Level 1:colcon.colcon_core.package_discovery:discover_packages(recursive) discover
[1.318s] INFO:colcon.colcon_core.package_discovery:Crawling recursively for packages in '/home/xc/桌面/roscar_nav'
[1.318s] Level 1:colcon.colcon_core.package_identification:_identify(.) by extensions ['ignore', 'ignore_ament_install']
[1.319s] Level 1:colcon.colcon_core.package_identification:_identify(.) by extension 'ignore'
[1.320s] Level 1:colcon.colcon_core.package_identification:_identify(.) by extension 'ignore_ament_install'
[1.320s] Level 1:colcon.colcon_core.package_identification:_identify(.) by extensions ['colcon_pkg']
[1.320s] Level 1:colcon.colcon_core.package_identification:_identify(.) by extension 'colcon_pkg'
[1.320s] Level 1:colcon.colcon_core.package_identification:_identify(.) by extensions ['colcon_meta']
[1.320s] Level 1:colcon.colcon_core.package_identification:_identify(.) by extension 'colcon_meta'
[1.321s] Level 1:colcon.colcon_core.package_identification:_identify(.) by extensions ['ros']
[1.321s] Level 1:colcon.colcon_core.package_identification:_identify(.) by extension 'ros'
[1.369s] Level 1:colcon.colcon_core.package_identification:_identify(.) by extensions ['cmake', 'python']
[1.370s] Level 1:colcon.colcon_core.package_identification:_identify(.) by extension 'cmake'
[1.370s] Level 1:colcon.colcon_core.package_identification:_identify(.) by extension 'python'
[1.370s] Level 1:colcon.colcon_core.package_identification:_identify(.) by extensions ['python_setup_py']
[1.370s] Level 1:colcon.colcon_core.package_identification:_identify(.) by extension 'python_setup_py'
[1.371s] Level 1:colcon.colcon_core.package_identification:_identify(build) by extensions ['ignore', 'ignore_ament_install']
[1.371s] Level 1:colcon.colcon_core.package_identification:_identify(build) by extension 'ignore'
[1.371s] Level 1:colcon.colcon_core.package_identification:_identify(build) ignored
[1.372s] Level 1:colcon.colcon_core.package_identification:_identify(install) by extensions ['ignore', 'ignore_ament_install']
[1.373s] Level 1:colcon.colcon_core.package_identification:_identify(install) by extension 'ignore'
[1.373s] Level 1:colcon.colcon_core.package_identification:_identify(install) ignored
[1.373s] Level 1:colcon.colcon_core.package_identification:_identify(log) by extensions ['ignore', 'ignore_ament_install']
[1.374s] Level 1:colcon.colcon_core.package_identification:_identify(log) by extension 'ignore'
[1.374s] Level 1:colcon.colcon_core.package_identification:_identify(log) ignored
[1.375s] Level 1:colcon.colcon_core.package_identification:_identify(src) by extensions ['ignore', 'ignore_ament_install']
[1.376s] Level 1:colcon.colcon_core.package_identification:_identify(src) by extension 'ignore'
[1.376s] Level 1:colcon.colcon_core.package_identification:_identify(src) by extension 'ignore_ament_install'
[1.377s] Level 1:colcon.colcon_core.package_identification:_identify(src) by extensions ['colcon_pkg']
[1.377s] Level 1:colcon.colcon_core.package_identification:_identify(src) by extension 'colcon_pkg'
[1.377s] Level 1:colcon.colcon_core.package_identification:_identify(src) by extensions ['colcon_meta']
[1.378s] Level 1:colcon.colcon_core.package_identification:_identify(src) by extension 'colcon_meta'
[1.378s] Level 1:colcon.colcon_core.package_identification:_identify(src) by extensions ['ros']
[1.378s] Level 1:colcon.colcon_core.package_identification:_identify(src) by extension 'ros'
[1.379s] Level 1:colcon.colcon_core.package_identification:_identify(src) by extensions ['cmake', 'python']
[1.379s] Level 1:colcon.colcon_core.package_identification:_identify(src) by extension 'cmake'
[1.379s] Level 1:colcon.colcon_core.package_identification:_identify(src) by extension 'python'
[1.380s] Level 1:colcon.colcon_core.package_identification:_identify(src) by extensions ['python_setup_py']
[1.380s] Level 1:colcon.colcon_core.package_identification:_identify(src) by extension 'python_setup_py'
[1.381s] Level 1:colcon.colcon_core.package_identification:_identify(src/lidar_pkg) by extensions ['ignore', 'ignore_ament_install']
[1.382s] Level 1:colcon.colcon_core.package_identification:_identify(src/lidar_pkg) by extension 'ignore'
[1.382s] Level 1:colcon.colcon_core.package_identification:_identify(src/lidar_pkg) by extension 'ignore_ament_install'
[1.383s] Level 1:colcon.colcon_core.package_identification:_identify(src/lidar_pkg) by extensions ['colcon_pkg']
[1.383s] Level 1:colcon.colcon_core.package_identification:_identify(src/lidar_pkg) by extension 'colcon_pkg'
[1.383s] Level 1:colcon.colcon_core.package_identification:_identify(src/lidar_pkg) by extensions ['colcon_meta']
[1.383s] Level 1:colcon.colcon_core.package_identification:_identify(src/lidar_pkg) by extension 'colcon_meta'
[1.384s] Level 1:colcon.colcon_core.package_identification:_identify(src/lidar_pkg) by extensions ['ros']
[1.384s] Level 1:colcon.colcon_core.package_identification:_identify(src/lidar_pkg) by extension 'ros'
[1.396s] DEBUG:colcon.colcon_core.package_identification:Package 'src/lidar_pkg' with type 'ros.ament_cmake' and name 'lidar_pkg'
[1.397s] Level 1:colcon.colcon_core.package_identification:_identify(src/slam_pkg) by extensions ['ignore', 'ignore_ament_install']
[1.398s] Level 1:colcon.colcon_core.package_identification:_identify(src/slam_pkg) by extension 'ignore'
[1.398s] Level 1:colcon.colcon_core.package_identification:_identify(src/slam_pkg) by extension 'ignore_ament_install'
[1.398s] Level 1:colcon.colcon_core.package_identification:_identify(src/slam_pkg) by extensions ['colcon_pkg']
[1.399s] Level 1:colcon.colcon_core.package_identification:_identify(src/slam_pkg) by extension 'colcon_pkg'
[1.399s] Level 1:colcon.colcon_core.package_identification:_identify(src/slam_pkg) by extensions ['colcon_meta']
[1.399s] Level 1:colcon.colcon_core.package_identification:_identify(src/slam_pkg) by extension 'colcon_meta'
[1.400s] Level 1:colcon.colcon_core.package_identification:_identify(src/slam_pkg) by extensions ['ros']
[1.400s] Level 1:colcon.colcon_core.package_identification:_identify(src/slam_pkg) by extension 'ros'
[1.403s] DEBUG:colcon.colcon_core.package_identification:Package 'src/slam_pkg' with type 'ros.ament_cmake' and name 'slam_pkg'
[1.404s] Level 1:colcon.colcon_core.package_identification:_identify(src/xcar_bringup) by extensions ['ignore', 'ignore_ament_install']
[1.404s] Level 1:colcon.colcon_core.package_identification:_identify(src/xcar_bringup) by extension 'ignore'
[1.405s] Level 1:colcon.colcon_core.package_identification:_identify(src/xcar_bringup) by extension 'ignore_ament_install'
[1.405s] Level 1:colcon.colcon_core.package_identification:_identify(src/xcar_bringup) by extensions ['colcon_pkg']
[1.406s] Level 1:colcon.colcon_core.package_identification:_identify(src/xcar_bringup) by extension 'colcon_pkg'
[1.406s] Level 1:colcon.colcon_core.package_identification:_identify(src/xcar_bringup) by extensions ['colcon_meta']
[1.407s] Level 1:colcon.colcon_core.package_identification:_identify(src/xcar_bringup) by extension 'colcon_meta'
[1.407s] Level 1:colcon.colcon_core.package_identification:_identify(src/xcar_bringup) by extensions ['ros']
[1.407s] Level 1:colcon.colcon_core.package_identification:_identify(src/xcar_bringup) by extension 'ros'
[1.411s] DEBUG:colcon.colcon_core.package_identification:Package 'src/xcar_bringup' with type 'ros.ament_cmake' and name 'xcar_bringup'
[1.411s] Level 1:colcon.colcon_core.package_identification:_identify(src/xcar_description) by extensions ['ignore', 'ignore_ament_install']
[1.412s] Level 1:colcon.colcon_core.package_identification:_identify(src/xcar_description) by extension 'ignore'
[1.413s] Level 1:colcon.colcon_core.package_identification:_identify(src/xcar_description) by extension 'ignore_ament_install'
[1.413s] Level 1:colcon.colcon_core.package_identification:_identify(src/xcar_description) by extensions ['colcon_pkg']
[1.413s] Level 1:colcon.colcon_core.package_identification:_identify(src/xcar_description) by extension 'colcon_pkg'
[1.413s] Level 1:colcon.colcon_core.package_identification:_identify(src/xcar_description) by extensions ['colcon_meta']
[1.414s] Level 1:colcon.colcon_core.package_identification:_identify(src/xcar_description) by extension 'colcon_meta'
[1.414s] Level 1:colcon.colcon_core.package_identification:_identify(src/xcar_description) by extensions ['ros']
[1.414s] Level 1:colcon.colcon_core.package_identification:_identify(src/xcar_description) by extension 'ros'
[1.416s] DEBUG:colcon.colcon_core.package_identification:Package 'src/xcar_description' with type 'ros.ament_cmake' and name 'xcar_description'
[1.416s] Level 1:colcon.colcon_core.package_discovery:discover_packages(recursive) using defaults
[1.417s] Level 1:colcon.colcon_core.package_discovery:discover_packages(ignore) discover
[1.417s] Level 1:colcon.colcon_core.package_discovery:discover_packages(ignore) using defaults
[1.417s] Level 1:colcon.colcon_core.package_discovery:discover_packages(path) discover
[1.417s] Level 1:colcon.colcon_core.package_discovery:discover_packages(path) using defaults
[1.540s] INFO:colcon.colcon_core.package_selection:Skipping not selected package 'lidar_pkg' in 'src/lidar_pkg'
[1.541s] INFO:colcon.colcon_core.package_selection:Skipping not selected package 'slam_pkg' in 'src/slam_pkg'
[1.541s] INFO:colcon.colcon_core.package_selection:Skipping not selected package 'xcar_bringup' in 'src/xcar_bringup'
[1.543s] Level 1:colcon.colcon_core.package_discovery:discover_packages(prefix_path) check parameters
[1.543s] Level 1:colcon.colcon_core.package_discovery:discover_packages(prefix_path) discover
[1.549s] WARNING:colcon.colcon_ros.prefix_path.ament:The path '/home/xc/桌面/roscar_nav/install/fishbot_description' in the environment variable AMENT_PREFIX_PATH doesn't exist
[1.550s] WARNING:colcon.colcon_ros.prefix_path.ament:The path '/home/xc/桌面/roscar_nav/install/fishbot_bringup' in the environment variable AMENT_PREFIX_PATH doesn't exist
[1.551s] WARNING:colcon.colcon_ros.prefix_path.catkin:The path '/home/xc/桌面/roscar_nav/install/fishbot_description' in the environment variable CMAKE_PREFIX_PATH doesn't exist
[1.551s] WARNING:colcon.colcon_ros.prefix_path.catkin:The path '/home/xc/桌面/roscar_nav/install/fishbot_bringup' in the environment variable CMAKE_PREFIX_PATH doesn't exist
[1.556s] DEBUG:colcon.colcon_installed_package_information.package_discovery:Found 4 installed packages in /home/xc/桌面/roscar_nav/install
[1.565s] DEBUG:colcon.colcon_installed_package_information.package_discovery:Found 281 installed packages in /opt/ros/humble
[1.571s] Level 1:colcon.colcon_core.package_discovery:discover_packages(prefix_path) using defaults
[1.747s] Level 5:colcon.colcon_core.verb:set package 'xcar_description' build argument 'cmake_args' from command line to 'None'
[1.747s] Level 5:colcon.colcon_core.verb:set package 'xcar_description' build argument 'cmake_target' from command line to 'None'
[1.747s] Level 5:colcon.colcon_core.verb:set package 'xcar_description' build argument 'cmake_target_skip_unavailable' from command line to 'False'
[1.747s] Level 5:colcon.colcon_core.verb:set package 'xcar_description' build argument 'cmake_clean_cache' from command line to 'False'
[1.748s] Level 5:colcon.colcon_core.verb:set package 'xcar_description' build argument 'cmake_clean_first' from command line to 'False'
[1.748s] Level 5:colcon.colcon_core.verb:set package 'xcar_description' build argument 'cmake_force_configure' from command line to 'False'
[1.748s] Level 5:colcon.colcon_core.verb:set package 'xcar_description' build argument 'ament_cmake_args' from command line to 'None'
[1.748s] Level 5:colcon.colcon_core.verb:set package 'xcar_description' build argument 'catkin_cmake_args' from command line to 'None'
[1.748s] Level 5:colcon.colcon_core.verb:set package 'xcar_description' build argument 'catkin_skip_building_tests' from command line to 'False'
[1.748s] DEBUG:colcon.colcon_core.verb:Building package 'xcar_description' with the following arguments: {'ament_cmake_args': None, 'build_base': '/home/xc/桌面/roscar_nav/build/xcar_description', 'catkin_cmake_args': None, 'catkin_skip_building_tests': False, 'cmake_args': None, 'cmake_clean_cache': False, 'cmake_clean_first': False, 'cmake_force_configure': False, 'cmake_target': None, 'cmake_target_skip_unavailable': False, 'install_base': '/home/xc/桌面/roscar_nav/install/xcar_description', 'merge_install': False, 'path': '/home/xc/桌面/roscar_nav/src/xcar_description', 'symlink_install': False, 'test_result_base': None}
[1.749s] INFO:colcon.colcon_core.executor:Executing jobs using 'parallel' executor
[1.752s] DEBUG:colcon.colcon_parallel_executor.executor.parallel:run_until_complete
[1.753s] INFO:colcon.colcon_ros.task.ament_cmake.build:Building ROS package in '/home/xc/桌面/roscar_nav/src/xcar_description' with build type 'ament_cmake'
[1.754s] INFO:colcon.colcon_cmake.task.cmake.build:Building CMake package in '/home/xc/桌面/roscar_nav/src/xcar_description'
[1.764s] INFO:colcon.colcon_core.plugin_system:Skipping extension 'colcon_core.shell.bat': Not used on non-Windows systems
[1.764s] INFO:colcon.colcon_core.shell:Skip shell extension 'powershell' for command environment: Not usable outside of PowerShell
[1.765s] DEBUG:colcon.colcon_core.shell:Skip shell extension 'dsv' for command environment
[1.817s] DEBUG:colcon.colcon_core.event_handler.log_command:Invoking command in '/home/xc/桌面/roscar_nav/build/xcar_description': CMAKE_PREFIX_PATH=${CMAKE_PREFIX_PATH}:/opt/ros/humble /usr/bin/cmake --build /home/xc/桌面/roscar_nav/build/xcar_description -- -j4 -l4
[2.071s] DEBUG:colcon.colcon_core.event_handler.log_command:Invoked command in '/home/xc/桌面/roscar_nav/build/xcar_description' returned '0': CMAKE_PREFIX_PATH=${CMAKE_PREFIX_PATH}:/opt/ros/humble /usr/bin/cmake --build /home/xc/桌面/roscar_nav/build/xcar_description -- -j4 -l4
[2.115s] DEBUG:colcon.colcon_core.event_handler.log_command:Invoking command in '/home/xc/桌面/roscar_nav/build/xcar_description': CMAKE_PREFIX_PATH=${CMAKE_PREFIX_PATH}:/opt/ros/humble /usr/bin/cmake --install /home/xc/桌面/roscar_nav/build/xcar_description
[2.193s] Level 1:colcon.colcon_core.environment:create_environment_scripts_only(xcar_description)
[2.197s] DEBUG:colcon.colcon_core.event_handler.log_command:Invoked command in '/home/xc/桌面/roscar_nav/build/xcar_description' returned '0': CMAKE_PREFIX_PATH=${CMAKE_PREFIX_PATH}:/opt/ros/humble /usr/bin/cmake --install /home/xc/桌面/roscar_nav/build/xcar_description
[2.213s] Level 1:colcon.colcon_core.environment:checking '/home/xc/桌面/roscar_nav/install/xcar_description' for CMake module files
[2.217s] Level 1:colcon.colcon_core.environment:checking '/home/xc/桌面/roscar_nav/install/xcar_description' for CMake config files
[2.220s] Level 1:colcon.colcon_core.shell:create_environment_hook('xcar_description', 'cmake_prefix_path')
[2.221s] INFO:colcon.colcon_core.shell:Creating environment hook '/home/xc/桌面/roscar_nav/install/xcar_description/share/xcar_description/hook/cmake_prefix_path.ps1'
[2.226s] INFO:colcon.colcon_core.shell:Creating environment descriptor '/home/xc/桌面/roscar_nav/install/xcar_description/share/xcar_description/hook/cmake_prefix_path.dsv'
[2.232s] INFO:colcon.colcon_core.shell:Creating environment hook '/home/xc/桌面/roscar_nav/install/xcar_description/share/xcar_description/hook/cmake_prefix_path.sh'
[2.238s] Level 1:colcon.colcon_core.environment:checking '/home/xc/桌面/roscar_nav/install/xcar_description/bin'
[2.239s] Level 1:colcon.colcon_core.environment:checking '/home/xc/桌面/roscar_nav/install/xcar_description/lib/pkgconfig/xcar_description.pc'
[2.241s] Level 1:colcon.colcon_core.environment:checking '/home/xc/桌面/roscar_nav/install/xcar_description/lib/python3.10/site-packages'
[2.243s] Level 1:colcon.colcon_core.environment:checking '/home/xc/桌面/roscar_nav/install/xcar_description/bin'
[2.245s] INFO:colcon.colcon_core.shell:Creating package script '/home/xc/桌面/roscar_nav/install/xcar_description/share/xcar_description/package.ps1'
[2.250s] INFO:colcon.colcon_core.shell:Creating package descriptor '/home/xc/桌面/roscar_nav/install/xcar_description/share/xcar_description/package.dsv'
[2.254s] INFO:colcon.colcon_core.shell:Creating package script '/home/xc/桌面/roscar_nav/install/xcar_description/share/xcar_description/package.sh'
[2.258s] INFO:colcon.colcon_core.shell:Creating package script '/home/xc/桌面/roscar_nav/install/xcar_description/share/xcar_description/package.bash'
[2.263s] INFO:colcon.colcon_core.shell:Creating package script '/home/xc/桌面/roscar_nav/install/xcar_description/share/xcar_description/package.zsh'
[2.268s] Level 1:colcon.colcon_core.environment:create_file_with_runtime_dependencies(/home/xc/桌面/roscar_nav/install/xcar_description/share/colcon-core/packages/xcar_description)
[2.271s] Level 1:colcon.colcon_core.environment:create_environment_scripts_only(xcar_description)
[2.273s] Level 1:colcon.colcon_core.environment:checking '/home/xc/桌面/roscar_nav/install/xcar_description' for CMake module files
[2.278s] Level 1:colcon.colcon_core.environment:checking '/home/xc/桌面/roscar_nav/install/xcar_description' for CMake config files
[2.283s] Level 1:colcon.colcon_core.shell:create_environment_hook('xcar_description', 'cmake_prefix_path')
[2.285s] INFO:colcon.colcon_core.shell:Creating environment hook '/home/xc/桌面/roscar_nav/install/xcar_description/share/xcar_description/hook/cmake_prefix_path.ps1'
[2.288s] INFO:colcon.colcon_core.shell:Creating environment descriptor '/home/xc/桌面/roscar_nav/install/xcar_description/share/xcar_description/hook/cmake_prefix_path.dsv'
[2.291s] INFO:colcon.colcon_core.shell:Creating environment hook '/home/xc/桌面/roscar_nav/install/xcar_description/share/xcar_description/hook/cmake_prefix_path.sh'
[2.297s] Level 1:colcon.colcon_core.environment:checking '/home/xc/桌面/roscar_nav/install/xcar_description/bin'
[2.297s] Level 1:colcon.colcon_core.environment:checking '/home/xc/桌面/roscar_nav/install/xcar_description/lib/pkgconfig/xcar_description.pc'
[2.299s] Level 1:colcon.colcon_core.environment:checking '/home/xc/桌面/roscar_nav/install/xcar_description/lib/python3.10/site-packages'
[2.301s] Level 1:colcon.colcon_core.environment:checking '/home/xc/桌面/roscar_nav/install/xcar_description/bin'
[2.379s] INFO:colcon.colcon_core.shell:Creating package script '/home/xc/桌面/roscar_nav/install/xcar_description/share/xcar_description/package.ps1'
[2.383s] INFO:colcon.colcon_core.shell:Creating package descriptor '/home/xc/桌面/roscar_nav/install/xcar_description/share/xcar_description/package.dsv'
[2.390s] INFO:colcon.colcon_core.shell:Creating package script '/home/xc/桌面/roscar_nav/install/xcar_description/share/xcar_description/package.sh'
[2.396s] INFO:colcon.colcon_core.shell:Creating package script '/home/xc/桌面/roscar_nav/install/xcar_description/share/xcar_description/package.bash'
[2.400s] INFO:colcon.colcon_core.shell:Creating package script '/home/xc/桌面/roscar_nav/install/xcar_description/share/xcar_description/package.zsh'
[2.404s] Level 1:colcon.colcon_core.environment:create_file_with_runtime_dependencies(/home/xc/桌面/roscar_nav/install/xcar_description/share/colcon-core/packages/xcar_description)
[2.406s] DEBUG:colcon.colcon_parallel_executor.executor.parallel:closing loop
[2.407s] DEBUG:colcon.colcon_parallel_executor.executor.parallel:loop closed
[2.407s] DEBUG:colcon.colcon_parallel_executor.executor.parallel:run_until_complete finished with '0'
[2.408s] DEBUG:colcon.colcon_core.event_reactor:joining thread
[2.486s] INFO:colcon.colcon_core.plugin_system:Skipping extension 'colcon_notification.desktop_notification.terminal_notifier': Not used on non-Darwin systems
[2.487s] INFO:colcon.colcon_core.plugin_system:Skipping extension 'colcon_notification.desktop_notification.win32': Not used on non-Windows systems
[2.488s] INFO:colcon.colcon_notification.desktop_notification:Sending desktop notification using 'notify2'
[2.561s] DEBUG:colcon.colcon_core.event_reactor:joined thread
[2.562s] INFO:colcon.colcon_core.shell:Creating prefix script '/home/xc/桌面/roscar_nav/install/local_setup.ps1'
[2.568s] INFO:colcon.colcon_core.shell:Creating prefix util module '/home/xc/桌面/roscar_nav/install/_local_setup_util_ps1.py'
[2.588s] INFO:colcon.colcon_core.shell:Creating prefix chain script '/home/xc/桌面/roscar_nav/install/setup.ps1'
[2.655s] INFO:colcon.colcon_core.shell:Creating prefix script '/home/xc/桌面/roscar_nav/install/local_setup.sh'
[2.668s] INFO:colcon.colcon_core.shell:Creating prefix util module '/home/xc/桌面/roscar_nav/install/_local_setup_util_sh.py'
[2.678s] INFO:colcon.colcon_core.shell:Creating prefix chain script '/home/xc/桌面/roscar_nav/install/setup.sh'
[2.687s] INFO:colcon.colcon_core.shell:Creating prefix script '/home/xc/桌面/roscar_nav/install/local_setup.bash'
[2.694s] INFO:colcon.colcon_core.shell:Creating prefix chain script '/home/xc/桌面/roscar_nav/install/setup.bash'
[2.707s] INFO:colcon.colcon_core.shell:Creating prefix script '/home/xc/桌面/roscar_nav/install/local_setup.zsh'
[2.711s] INFO:colcon.colcon_core.shell:Creating prefix chain script '/home/xc/桌面/roscar_nav/install/setup.zsh'
