[0.642s] Invoking command in '/home/xc/桌面/roscar_nav/build/lidar_pkg': CMAKE_PREFIX_PATH=/opt/ros/humble /usr/bin/cmake --build /home/xc/桌面/roscar_nav/build/lidar_pkg -- -j4 -l4
[2.181s] [100%] Built target lidar_node
[2.365s] Invoked command in '/home/xc/桌面/roscar_nav/build/lidar_pkg' returned '0': CMAKE_PREFIX_PATH=/opt/ros/humble /usr/bin/cmake --build /home/xc/桌面/roscar_nav/build/lidar_pkg -- -j4 -l4
[2.394s] Invoking command in '/home/xc/桌面/roscar_nav/build/lidar_pkg': CMAKE_PREFIX_PATH=/opt/ros/humble /usr/bin/cmake --install /home/xc/桌面/roscar_nav/build/lidar_pkg
[2.473s] -- Install configuration: ""
[2.479s] -- Up-to-date: /home/xc/桌面/roscar_nav/install/lidar_pkg/lib/lidar_pkg/lidar_node
[2.481s] -- Up-to-date: /home/xc/桌面/roscar_nav/install/lidar_pkg/share/lidar_pkg/launch
[2.482s] -- Up-to-date: /home/xc/桌面/roscar_nav/install/lidar_pkg/share/lidar_pkg/launch/monitor.launch.py
[2.484s] -- Up-to-date: /home/xc/桌面/roscar_nav/install/lidar_pkg/share/lidar_pkg/launch/lidar.launch.py
[2.485s] -- Up-to-date: /home/xc/桌面/roscar_nav/install/lidar_pkg/share/lidar_pkg/urdf
[2.487s] -- Up-to-date: /home/xc/桌面/roscar_nav/install/lidar_pkg/share/lidar_pkg/urdf/lidar.urdf
[2.488s] -- Up-to-date: /home/xc/桌面/roscar_nav/install/lidar_pkg/share/lidar_pkg/rviz
[2.491s] -- Up-to-date: /home/xc/桌面/roscar_nav/install/lidar_pkg/share/lidar_pkg/rviz/lidar.rviz
[2.492s] -- Up-to-date: /home/xc/桌面/roscar_nav/install/lidar_pkg/share/lidar_pkg/config
[2.495s] -- Up-to-date: /home/xc/桌面/roscar_nav/install/lidar_pkg/share/lidar_pkg/config/lidar_params.yaml
[2.496s] -- Up-to-date: /home/xc/桌面/roscar_nav/install/lidar_pkg/share/ament_index/resource_index/package_run_dependencies/lidar_pkg
[2.497s] -- Up-to-date: /home/xc/桌面/roscar_nav/install/lidar_pkg/share/ament_index/resource_index/parent_prefix_path/lidar_pkg
[2.497s] -- Up-to-date: /home/xc/桌面/roscar_nav/install/lidar_pkg/share/lidar_pkg/environment/ament_prefix_path.sh
[2.499s] -- Up-to-date: /home/xc/桌面/roscar_nav/install/lidar_pkg/share/lidar_pkg/environment/ament_prefix_path.dsv
[2.501s] -- Up-to-date: /home/xc/桌面/roscar_nav/install/lidar_pkg/share/lidar_pkg/environment/path.sh
[2.502s] -- Up-to-date: /home/xc/桌面/roscar_nav/install/lidar_pkg/share/lidar_pkg/environment/path.dsv
[2.502s] -- Up-to-date: /home/xc/桌面/roscar_nav/install/lidar_pkg/share/lidar_pkg/local_setup.bash
[2.503s] -- Up-to-date: /home/xc/桌面/roscar_nav/install/lidar_pkg/share/lidar_pkg/local_setup.sh
[2.509s] -- Up-to-date: /home/xc/桌面/roscar_nav/install/lidar_pkg/share/lidar_pkg/local_setup.zsh
[2.511s] -- Up-to-date: /home/xc/桌面/roscar_nav/install/lidar_pkg/share/lidar_pkg/local_setup.dsv
[2.512s] -- Installing: /home/xc/桌面/roscar_nav/install/lidar_pkg/share/lidar_pkg/package.dsv
[2.513s] -- Up-to-date: /home/xc/桌面/roscar_nav/install/lidar_pkg/share/ament_index/resource_index/packages/lidar_pkg
[2.514s] -- Up-to-date: /home/xc/桌面/roscar_nav/install/lidar_pkg/share/lidar_pkg/cmake/lidar_pkgConfig.cmake
[2.526s] -- Up-to-date: /home/xc/桌面/roscar_nav/install/lidar_pkg/share/lidar_pkg/cmake/lidar_pkgConfig-version.cmake
[2.528s] -- Up-to-date: /home/xc/桌面/roscar_nav/install/lidar_pkg/share/lidar_pkg/package.xml
[2.529s] Invoked command in '/home/xc/桌面/roscar_nav/build/lidar_pkg' returned '0': CMAKE_PREFIX_PATH=/opt/ros/humble /usr/bin/cmake --install /home/xc/桌面/roscar_nav/build/lidar_pkg
