[0.331s] Invoking command in '/home/xc/桌面/roscar_nav/build/lidar_pkg': CMAKE_PREFIX_PATH=/opt/ros/humble /usr/bin/cmake --build /home/xc/桌面/roscar_nav/build/lidar_pkg -- -j4 -l4
[0.630s] [100%] Built target lidar_node
[1.139s] Invoked command in '/home/xc/桌面/roscar_nav/build/lidar_pkg' returned '0': CMAKE_PREFIX_PATH=/opt/ros/humble /usr/bin/cmake --build /home/xc/桌面/roscar_nav/build/lidar_pkg -- -j4 -l4
[1.150s] Invoking command in '/home/xc/桌面/roscar_nav/build/lidar_pkg': CMAKE_PREFIX_PATH=/opt/ros/humble /usr/bin/cmake --install /home/xc/桌面/roscar_nav/build/lidar_pkg
[1.195s] -- Install configuration: ""
[1.198s] -- Up-to-date: /home/xc/桌面/roscar_nav/install/lidar_pkg/lib/lidar_pkg/lidar_node
[1.199s] -- Up-to-date: /home/xc/桌面/roscar_nav/install/lidar_pkg/share/lidar_pkg/launch
[1.200s] -- Up-to-date: /home/xc/桌面/roscar_nav/install/lidar_pkg/share/lidar_pkg/launch/monitor.launch.py
[1.201s] -- Up-to-date: /home/xc/桌面/roscar_nav/install/lidar_pkg/share/lidar_pkg/launch/lidar.launch.py
[1.202s] -- Up-to-date: /home/xc/桌面/roscar_nav/install/lidar_pkg/share/lidar_pkg/urdf
[1.203s] -- Up-to-date: /home/xc/桌面/roscar_nav/install/lidar_pkg/share/lidar_pkg/urdf/lidar.urdf
[1.204s] -- Up-to-date: /home/xc/桌面/roscar_nav/install/lidar_pkg/share/lidar_pkg/rviz
[1.204s] -- Up-to-date: /home/xc/桌面/roscar_nav/install/lidar_pkg/share/lidar_pkg/rviz/lidar.rviz
[1.208s] -- Up-to-date: /home/xc/桌面/roscar_nav/install/lidar_pkg/share/lidar_pkg/config
[1.236s] -- Up-to-date: /home/xc/桌面/roscar_nav/install/lidar_pkg/share/lidar_pkg/config/lidar_params.yaml
[1.242s] -- Up-to-date: /home/xc/桌面/roscar_nav/install/lidar_pkg/share/ament_index/resource_index/package_run_dependencies/lidar_pkg
[1.243s] -- Up-to-date: /home/xc/桌面/roscar_nav/install/lidar_pkg/share/ament_index/resource_index/parent_prefix_path/lidar_pkg
[1.245s] -- Up-to-date: /home/xc/桌面/roscar_nav/install/lidar_pkg/share/lidar_pkg/environment/ament_prefix_path.sh
[1.248s] -- Up-to-date: /home/xc/桌面/roscar_nav/install/lidar_pkg/share/lidar_pkg/environment/ament_prefix_path.dsv
[1.249s] -- Up-to-date: /home/xc/桌面/roscar_nav/install/lidar_pkg/share/lidar_pkg/environment/path.sh
[1.252s] -- Up-to-date: /home/xc/桌面/roscar_nav/install/lidar_pkg/share/lidar_pkg/environment/path.dsv
[1.255s] -- Up-to-date: /home/xc/桌面/roscar_nav/install/lidar_pkg/share/lidar_pkg/local_setup.bash
[1.275s] -- Up-to-date: /home/xc/桌面/roscar_nav/install/lidar_pkg/share/lidar_pkg/local_setup.sh
[1.276s] -- Up-to-date: /home/xc/桌面/roscar_nav/install/lidar_pkg/share/lidar_pkg/local_setup.zsh
[1.279s] -- Up-to-date: /home/xc/桌面/roscar_nav/install/lidar_pkg/share/lidar_pkg/local_setup.dsv
[1.279s] -- Installing: /home/xc/桌面/roscar_nav/install/lidar_pkg/share/lidar_pkg/package.dsv
[1.284s] -- Up-to-date: /home/xc/桌面/roscar_nav/install/lidar_pkg/share/ament_index/resource_index/packages/lidar_pkg
[1.287s] -- Up-to-date: /home/xc/桌面/roscar_nav/install/lidar_pkg/share/lidar_pkg/cmake/lidar_pkgConfig.cmake
[1.288s] -- Up-to-date: /home/xc/桌面/roscar_nav/install/lidar_pkg/share/lidar_pkg/cmake/lidar_pkgConfig-version.cmake
[1.289s] -- Up-to-date: /home/xc/桌面/roscar_nav/install/lidar_pkg/share/lidar_pkg/package.xml
[1.765s] Invoked command in '/home/xc/桌面/roscar_nav/build/lidar_pkg' returned '0': CMAKE_PREFIX_PATH=/opt/ros/humble /usr/bin/cmake --install /home/xc/桌面/roscar_nav/build/lidar_pkg
