[0.451s] DEBUG:colcon:Command line arguments: ['/usr/bin/colcon', 'build']
[0.451s] DEBUG:colcon:Parsed command line arguments: Namespace(log_base=None, log_level=None, verb_name='build', build_base='build', install_base='install', merge_install=False, symlink_install=False, test_result_base=None, continue_on_error=False, executor='parallel', parallel_workers=4, event_handlers=None, ignore_user_meta=False, metas=['./colcon.meta'], base_paths=['.'], packages_ignore=None, packages_ignore_regex=None, paths=None, packages_up_to=None, packages_up_to_regex=None, packages_above=None, packages_above_and_dependencies=None, packages_above_depth=None, packages_select_by_dep=None, packages_skip_by_dep=None, packages_skip_up_to=None, packages_select_build_failed=False, packages_skip_build_finished=False, packages_select_test_failures=False, packages_skip_test_passed=False, packages_select=None, packages_skip=None, packages_select_regex=None, packages_skip_regex=None, packages_start=None, packages_end=None, allow_overriding=[], cmake_args=None, cmake_target=None, cmake_target_skip_unavailable=False, cmake_clean_cache=False, cmake_clean_first=False, cmake_force_configure=False, ament_cmake_args=None, catkin_cmake_args=None, catkin_skip_building_tests=False, verb_parser=<colcon_defaults.argument_parser.defaults.DefaultArgumentsDecorator object at 0xffff9602f850>, verb_extension=<colcon_core.verb.build.BuildVerb object at 0xffff96198880>, main=<bound method BuildVerb.main of <colcon_core.verb.build.BuildVerb object at 0xffff96198880>>)
[1.360s] Level 1:colcon.colcon_core.package_discovery:discover_packages(colcon_meta) check parameters
[1.360s] Level 1:colcon.colcon_core.package_discovery:discover_packages(recursive) check parameters
[1.361s] Level 1:colcon.colcon_core.package_discovery:discover_packages(ignore) check parameters
[1.361s] Level 1:colcon.colcon_core.package_discovery:discover_packages(path) check parameters
[1.361s] Level 1:colcon.colcon_core.package_discovery:discover_packages(colcon_meta) discover
[1.361s] Level 1:colcon.colcon_core.package_discovery:discover_packages(recursive) discover
[1.362s] INFO:colcon.colcon_core.package_discovery:Crawling recursively for packages in '/home/xc/桌面/roscar_nav'
[1.362s] Level 1:colcon.colcon_core.package_identification:_identify(.) by extensions ['ignore', 'ignore_ament_install']
[1.364s] Level 1:colcon.colcon_core.package_identification:_identify(.) by extension 'ignore'
[1.364s] Level 1:colcon.colcon_core.package_identification:_identify(.) by extension 'ignore_ament_install'
[1.364s] Level 1:colcon.colcon_core.package_identification:_identify(.) by extensions ['colcon_pkg']
[1.364s] Level 1:colcon.colcon_core.package_identification:_identify(.) by extension 'colcon_pkg'
[1.365s] Level 1:colcon.colcon_core.package_identification:_identify(.) by extensions ['colcon_meta']
[1.365s] Level 1:colcon.colcon_core.package_identification:_identify(.) by extension 'colcon_meta'
[1.365s] Level 1:colcon.colcon_core.package_identification:_identify(.) by extensions ['ros']
[1.365s] Level 1:colcon.colcon_core.package_identification:_identify(.) by extension 'ros'
[1.412s] Level 1:colcon.colcon_core.package_identification:_identify(.) by extensions ['cmake', 'python']
[1.413s] Level 1:colcon.colcon_core.package_identification:_identify(.) by extension 'cmake'
[1.413s] Level 1:colcon.colcon_core.package_identification:_identify(.) by extension 'python'
[1.413s] Level 1:colcon.colcon_core.package_identification:_identify(.) by extensions ['python_setup_py']
[1.413s] Level 1:colcon.colcon_core.package_identification:_identify(.) by extension 'python_setup_py'
[1.414s] Level 1:colcon.colcon_core.package_identification:_identify(build) by extensions ['ignore', 'ignore_ament_install']
[1.414s] Level 1:colcon.colcon_core.package_identification:_identify(build) by extension 'ignore'
[1.414s] Level 1:colcon.colcon_core.package_identification:_identify(build) ignored
[1.415s] Level 1:colcon.colcon_core.package_identification:_identify(install) by extensions ['ignore', 'ignore_ament_install']
[1.415s] Level 1:colcon.colcon_core.package_identification:_identify(install) by extension 'ignore'
[1.415s] Level 1:colcon.colcon_core.package_identification:_identify(install) ignored
[1.416s] Level 1:colcon.colcon_core.package_identification:_identify(log) by extensions ['ignore', 'ignore_ament_install']
[1.416s] Level 1:colcon.colcon_core.package_identification:_identify(log) by extension 'ignore'
[1.416s] Level 1:colcon.colcon_core.package_identification:_identify(log) ignored
[1.417s] Level 1:colcon.colcon_core.package_identification:_identify(src) by extensions ['ignore', 'ignore_ament_install']
[1.417s] Level 1:colcon.colcon_core.package_identification:_identify(src) by extension 'ignore'
[1.417s] Level 1:colcon.colcon_core.package_identification:_identify(src) by extension 'ignore_ament_install'
[1.418s] Level 1:colcon.colcon_core.package_identification:_identify(src) by extensions ['colcon_pkg']
[1.418s] Level 1:colcon.colcon_core.package_identification:_identify(src) by extension 'colcon_pkg'
[1.418s] Level 1:colcon.colcon_core.package_identification:_identify(src) by extensions ['colcon_meta']
[1.418s] Level 1:colcon.colcon_core.package_identification:_identify(src) by extension 'colcon_meta'
[1.418s] Level 1:colcon.colcon_core.package_identification:_identify(src) by extensions ['ros']
[1.418s] Level 1:colcon.colcon_core.package_identification:_identify(src) by extension 'ros'
[1.419s] Level 1:colcon.colcon_core.package_identification:_identify(src) by extensions ['cmake', 'python']
[1.419s] Level 1:colcon.colcon_core.package_identification:_identify(src) by extension 'cmake'
[1.419s] Level 1:colcon.colcon_core.package_identification:_identify(src) by extension 'python'
[1.419s] Level 1:colcon.colcon_core.package_identification:_identify(src) by extensions ['python_setup_py']
[1.419s] Level 1:colcon.colcon_core.package_identification:_identify(src) by extension 'python_setup_py'
[1.420s] Level 1:colcon.colcon_core.package_identification:_identify(src/fishbot_bringup) by extensions ['ignore', 'ignore_ament_install']
[1.420s] Level 1:colcon.colcon_core.package_identification:_identify(src/fishbot_bringup) by extension 'ignore'
[1.420s] Level 1:colcon.colcon_core.package_identification:_identify(src/fishbot_bringup) by extension 'ignore_ament_install'
[1.420s] Level 1:colcon.colcon_core.package_identification:_identify(src/fishbot_bringup) by extensions ['colcon_pkg']
[1.420s] Level 1:colcon.colcon_core.package_identification:_identify(src/fishbot_bringup) by extension 'colcon_pkg'
[1.421s] Level 1:colcon.colcon_core.package_identification:_identify(src/fishbot_bringup) by extensions ['colcon_meta']
[1.421s] Level 1:colcon.colcon_core.package_identification:_identify(src/fishbot_bringup) by extension 'colcon_meta'
[1.421s] Level 1:colcon.colcon_core.package_identification:_identify(src/fishbot_bringup) by extensions ['ros']
[1.421s] Level 1:colcon.colcon_core.package_identification:_identify(src/fishbot_bringup) by extension 'ros'
[1.429s] DEBUG:colcon.colcon_core.package_identification:Package 'src/fishbot_bringup' with type 'ros.ament_cmake' and name 'fishbot_bringup'
[1.430s] Level 1:colcon.colcon_core.package_identification:_identify(src/fishbot_description) by extensions ['ignore', 'ignore_ament_install']
[1.430s] Level 1:colcon.colcon_core.package_identification:_identify(src/fishbot_description) by extension 'ignore'
[1.431s] Level 1:colcon.colcon_core.package_identification:_identify(src/fishbot_description) by extension 'ignore_ament_install'
[1.431s] Level 1:colcon.colcon_core.package_identification:_identify(src/fishbot_description) by extensions ['colcon_pkg']
[1.431s] Level 1:colcon.colcon_core.package_identification:_identify(src/fishbot_description) by extension 'colcon_pkg'
[1.431s] Level 1:colcon.colcon_core.package_identification:_identify(src/fishbot_description) by extensions ['colcon_meta']
[1.431s] Level 1:colcon.colcon_core.package_identification:_identify(src/fishbot_description) by extension 'colcon_meta'
[1.432s] Level 1:colcon.colcon_core.package_identification:_identify(src/fishbot_description) by extensions ['ros']
[1.432s] Level 1:colcon.colcon_core.package_identification:_identify(src/fishbot_description) by extension 'ros'
[1.434s] DEBUG:colcon.colcon_core.package_identification:Package 'src/fishbot_description' with type 'ros.ament_cmake' and name 'fishbot_description'
[1.434s] Level 1:colcon.colcon_core.package_identification:_identify(src/lidar_pkg_ros2-main) by extensions ['ignore', 'ignore_ament_install']
[1.435s] Level 1:colcon.colcon_core.package_identification:_identify(src/lidar_pkg_ros2-main) by extension 'ignore'
[1.435s] Level 1:colcon.colcon_core.package_identification:_identify(src/lidar_pkg_ros2-main) by extension 'ignore_ament_install'
[1.435s] Level 1:colcon.colcon_core.package_identification:_identify(src/lidar_pkg_ros2-main) by extensions ['colcon_pkg']
[1.435s] Level 1:colcon.colcon_core.package_identification:_identify(src/lidar_pkg_ros2-main) by extension 'colcon_pkg'
[1.436s] Level 1:colcon.colcon_core.package_identification:_identify(src/lidar_pkg_ros2-main) by extensions ['colcon_meta']
[1.436s] Level 1:colcon.colcon_core.package_identification:_identify(src/lidar_pkg_ros2-main) by extension 'colcon_meta'
[1.436s] Level 1:colcon.colcon_core.package_identification:_identify(src/lidar_pkg_ros2-main) by extensions ['ros']
[1.436s] Level 1:colcon.colcon_core.package_identification:_identify(src/lidar_pkg_ros2-main) by extension 'ros'
[1.439s] DEBUG:colcon.colcon_core.package_identification:Package 'src/lidar_pkg_ros2-main' with type 'ros.ament_cmake' and name 'lidar_pkg'
[1.440s] Level 1:colcon.colcon_core.package_identification:_identify(src/slam_pkg) by extensions ['ignore', 'ignore_ament_install']
[1.440s] Level 1:colcon.colcon_core.package_identification:_identify(src/slam_pkg) by extension 'ignore'
[1.440s] Level 1:colcon.colcon_core.package_identification:_identify(src/slam_pkg) by extension 'ignore_ament_install'
[1.441s] Level 1:colcon.colcon_core.package_identification:_identify(src/slam_pkg) by extensions ['colcon_pkg']
[1.441s] Level 1:colcon.colcon_core.package_identification:_identify(src/slam_pkg) by extension 'colcon_pkg'
[1.441s] Level 1:colcon.colcon_core.package_identification:_identify(src/slam_pkg) by extensions ['colcon_meta']
[1.441s] Level 1:colcon.colcon_core.package_identification:_identify(src/slam_pkg) by extension 'colcon_meta'
[1.441s] Level 1:colcon.colcon_core.package_identification:_identify(src/slam_pkg) by extensions ['ros']
[1.442s] Level 1:colcon.colcon_core.package_identification:_identify(src/slam_pkg) by extension 'ros'
[1.444s] DEBUG:colcon.colcon_core.package_identification:Package 'src/slam_pkg' with type 'ros.ament_cmake' and name 'slam_pkg'
[1.444s] Level 1:colcon.colcon_core.package_discovery:discover_packages(recursive) using defaults
[1.444s] Level 1:colcon.colcon_core.package_discovery:discover_packages(ignore) discover
[1.444s] Level 1:colcon.colcon_core.package_discovery:discover_packages(ignore) using defaults
[1.444s] Level 1:colcon.colcon_core.package_discovery:discover_packages(path) discover
[1.444s] Level 1:colcon.colcon_core.package_discovery:discover_packages(path) using defaults
[1.528s] Level 1:colcon.colcon_core.package_discovery:discover_packages(prefix_path) check parameters
[1.528s] Level 1:colcon.colcon_core.package_discovery:discover_packages(prefix_path) discover
[1.542s] DEBUG:colcon.colcon_installed_package_information.package_discovery:Found 272 installed packages in /opt/ros/humble
[1.590s] Level 1:colcon.colcon_core.package_discovery:discover_packages(prefix_path) using defaults
[1.751s] Level 5:colcon.colcon_core.verb:set package 'fishbot_bringup' build argument 'cmake_args' from command line to 'None'
[1.751s] Level 5:colcon.colcon_core.verb:set package 'fishbot_bringup' build argument 'cmake_target' from command line to 'None'
[1.752s] Level 5:colcon.colcon_core.verb:set package 'fishbot_bringup' build argument 'cmake_target_skip_unavailable' from command line to 'False'
[1.752s] Level 5:colcon.colcon_core.verb:set package 'fishbot_bringup' build argument 'cmake_clean_cache' from command line to 'False'
[1.752s] Level 5:colcon.colcon_core.verb:set package 'fishbot_bringup' build argument 'cmake_clean_first' from command line to 'False'
[1.752s] Level 5:colcon.colcon_core.verb:set package 'fishbot_bringup' build argument 'cmake_force_configure' from command line to 'False'
[1.752s] Level 5:colcon.colcon_core.verb:set package 'fishbot_bringup' build argument 'ament_cmake_args' from command line to 'None'
[1.752s] Level 5:colcon.colcon_core.verb:set package 'fishbot_bringup' build argument 'catkin_cmake_args' from command line to 'None'
[1.752s] Level 5:colcon.colcon_core.verb:set package 'fishbot_bringup' build argument 'catkin_skip_building_tests' from command line to 'False'
[1.752s] DEBUG:colcon.colcon_core.verb:Building package 'fishbot_bringup' with the following arguments: {'ament_cmake_args': None, 'build_base': '/home/xc/桌面/roscar_nav/build/fishbot_bringup', 'catkin_cmake_args': None, 'catkin_skip_building_tests': False, 'cmake_args': None, 'cmake_clean_cache': False, 'cmake_clean_first': False, 'cmake_force_configure': False, 'cmake_target': None, 'cmake_target_skip_unavailable': False, 'install_base': '/home/xc/桌面/roscar_nav/install/fishbot_bringup', 'merge_install': False, 'path': '/home/xc/桌面/roscar_nav/src/fishbot_bringup', 'symlink_install': False, 'test_result_base': None}
[1.754s] Level 5:colcon.colcon_core.verb:set package 'fishbot_description' build argument 'cmake_args' from command line to 'None'
[1.754s] Level 5:colcon.colcon_core.verb:set package 'fishbot_description' build argument 'cmake_target' from command line to 'None'
[1.754s] Level 5:colcon.colcon_core.verb:set package 'fishbot_description' build argument 'cmake_target_skip_unavailable' from command line to 'False'
[1.754s] Level 5:colcon.colcon_core.verb:set package 'fishbot_description' build argument 'cmake_clean_cache' from command line to 'False'
[1.754s] Level 5:colcon.colcon_core.verb:set package 'fishbot_description' build argument 'cmake_clean_first' from command line to 'False'
[1.755s] Level 5:colcon.colcon_core.verb:set package 'fishbot_description' build argument 'cmake_force_configure' from command line to 'False'
[1.755s] Level 5:colcon.colcon_core.verb:set package 'fishbot_description' build argument 'ament_cmake_args' from command line to 'None'
[1.755s] Level 5:colcon.colcon_core.verb:set package 'fishbot_description' build argument 'catkin_cmake_args' from command line to 'None'
[1.755s] Level 5:colcon.colcon_core.verb:set package 'fishbot_description' build argument 'catkin_skip_building_tests' from command line to 'False'
[1.755s] DEBUG:colcon.colcon_core.verb:Building package 'fishbot_description' with the following arguments: {'ament_cmake_args': None, 'build_base': '/home/xc/桌面/roscar_nav/build/fishbot_description', 'catkin_cmake_args': None, 'catkin_skip_building_tests': False, 'cmake_args': None, 'cmake_clean_cache': False, 'cmake_clean_first': False, 'cmake_force_configure': False, 'cmake_target': None, 'cmake_target_skip_unavailable': False, 'install_base': '/home/xc/桌面/roscar_nav/install/fishbot_description', 'merge_install': False, 'path': '/home/xc/桌面/roscar_nav/src/fishbot_description', 'symlink_install': False, 'test_result_base': None}
[1.756s] Level 5:colcon.colcon_core.verb:set package 'lidar_pkg' build argument 'cmake_args' from command line to 'None'
[1.757s] Level 5:colcon.colcon_core.verb:set package 'lidar_pkg' build argument 'cmake_target' from command line to 'None'
[1.757s] Level 5:colcon.colcon_core.verb:set package 'lidar_pkg' build argument 'cmake_target_skip_unavailable' from command line to 'False'
[1.757s] Level 5:colcon.colcon_core.verb:set package 'lidar_pkg' build argument 'cmake_clean_cache' from command line to 'False'
[1.757s] Level 5:colcon.colcon_core.verb:set package 'lidar_pkg' build argument 'cmake_clean_first' from command line to 'False'
[1.757s] Level 5:colcon.colcon_core.verb:set package 'lidar_pkg' build argument 'cmake_force_configure' from command line to 'False'
[1.757s] Level 5:colcon.colcon_core.verb:set package 'lidar_pkg' build argument 'ament_cmake_args' from command line to 'None'
[1.757s] Level 5:colcon.colcon_core.verb:set package 'lidar_pkg' build argument 'catkin_cmake_args' from command line to 'None'
[1.757s] Level 5:colcon.colcon_core.verb:set package 'lidar_pkg' build argument 'catkin_skip_building_tests' from command line to 'False'
[1.758s] DEBUG:colcon.colcon_core.verb:Building package 'lidar_pkg' with the following arguments: {'ament_cmake_args': None, 'build_base': '/home/xc/桌面/roscar_nav/build/lidar_pkg', 'catkin_cmake_args': None, 'catkin_skip_building_tests': False, 'cmake_args': None, 'cmake_clean_cache': False, 'cmake_clean_first': False, 'cmake_force_configure': False, 'cmake_target': None, 'cmake_target_skip_unavailable': False, 'install_base': '/home/xc/桌面/roscar_nav/install/lidar_pkg', 'merge_install': False, 'path': '/home/xc/桌面/roscar_nav/src/lidar_pkg_ros2-main', 'symlink_install': False, 'test_result_base': None}
[1.759s] Level 5:colcon.colcon_core.verb:set package 'slam_pkg' build argument 'cmake_args' from command line to 'None'
[1.759s] Level 5:colcon.colcon_core.verb:set package 'slam_pkg' build argument 'cmake_target' from command line to 'None'
[1.759s] Level 5:colcon.colcon_core.verb:set package 'slam_pkg' build argument 'cmake_target_skip_unavailable' from command line to 'False'
[1.759s] Level 5:colcon.colcon_core.verb:set package 'slam_pkg' build argument 'cmake_clean_cache' from command line to 'False'
[1.759s] Level 5:colcon.colcon_core.verb:set package 'slam_pkg' build argument 'cmake_clean_first' from command line to 'False'
[1.760s] Level 5:colcon.colcon_core.verb:set package 'slam_pkg' build argument 'cmake_force_configure' from command line to 'False'
[1.760s] Level 5:colcon.colcon_core.verb:set package 'slam_pkg' build argument 'ament_cmake_args' from command line to 'None'
[1.760s] Level 5:colcon.colcon_core.verb:set package 'slam_pkg' build argument 'catkin_cmake_args' from command line to 'None'
[1.760s] Level 5:colcon.colcon_core.verb:set package 'slam_pkg' build argument 'catkin_skip_building_tests' from command line to 'False'
[1.760s] DEBUG:colcon.colcon_core.verb:Building package 'slam_pkg' with the following arguments: {'ament_cmake_args': None, 'build_base': '/home/xc/桌面/roscar_nav/build/slam_pkg', 'catkin_cmake_args': None, 'catkin_skip_building_tests': False, 'cmake_args': None, 'cmake_clean_cache': False, 'cmake_clean_first': False, 'cmake_force_configure': False, 'cmake_target': None, 'cmake_target_skip_unavailable': False, 'install_base': '/home/xc/桌面/roscar_nav/install/slam_pkg', 'merge_install': False, 'path': '/home/xc/桌面/roscar_nav/src/slam_pkg', 'symlink_install': False, 'test_result_base': None}
[1.761s] INFO:colcon.colcon_core.executor:Executing jobs using 'parallel' executor
[1.764s] DEBUG:colcon.colcon_parallel_executor.executor.parallel:run_until_complete
[1.765s] INFO:colcon.colcon_ros.task.ament_cmake.build:Building ROS package in '/home/xc/桌面/roscar_nav/src/fishbot_bringup' with build type 'ament_cmake'
[1.766s] INFO:colcon.colcon_cmake.task.cmake.build:Building CMake package in '/home/xc/桌面/roscar_nav/src/fishbot_bringup'
[1.776s] INFO:colcon.colcon_core.plugin_system:Skipping extension 'colcon_core.shell.bat': Not used on non-Windows systems
[1.777s] INFO:colcon.colcon_core.shell:Skip shell extension 'powershell' for command environment: Not usable outside of PowerShell
[1.777s] DEBUG:colcon.colcon_core.shell:Skip shell extension 'dsv' for command environment
[1.793s] INFO:colcon.colcon_ros.task.ament_cmake.build:Building ROS package in '/home/xc/桌面/roscar_nav/src/fishbot_description' with build type 'ament_cmake'
[1.794s] INFO:colcon.colcon_cmake.task.cmake.build:Building CMake package in '/home/xc/桌面/roscar_nav/src/fishbot_description'
[1.795s] INFO:colcon.colcon_core.shell:Skip shell extension 'powershell' for command environment: Not usable outside of PowerShell
[1.796s] DEBUG:colcon.colcon_core.shell:Skip shell extension 'dsv' for command environment
[1.811s] INFO:colcon.colcon_ros.task.ament_cmake.build:Building ROS package in '/home/xc/桌面/roscar_nav/src/lidar_pkg_ros2-main' with build type 'ament_cmake'
[1.812s] INFO:colcon.colcon_cmake.task.cmake.build:Building CMake package in '/home/xc/桌面/roscar_nav/src/lidar_pkg_ros2-main'
[1.813s] INFO:colcon.colcon_core.shell:Skip shell extension 'powershell' for command environment: Not usable outside of PowerShell
[1.814s] DEBUG:colcon.colcon_core.shell:Skip shell extension 'dsv' for command environment
[1.829s] INFO:colcon.colcon_ros.task.ament_cmake.build:Building ROS package in '/home/xc/桌面/roscar_nav/src/slam_pkg' with build type 'ament_cmake'
[1.830s] INFO:colcon.colcon_cmake.task.cmake.build:Building CMake package in '/home/xc/桌面/roscar_nav/src/slam_pkg'
[1.831s] INFO:colcon.colcon_core.shell:Skip shell extension 'powershell' for command environment: Not usable outside of PowerShell
[1.832s] DEBUG:colcon.colcon_core.shell:Skip shell extension 'dsv' for command environment
[1.870s] DEBUG:colcon.colcon_core.event_handler.log_command:Invoking command in '/home/xc/桌面/roscar_nav/build/fishbot_bringup': CMAKE_PREFIX_PATH=/opt/ros/humble /usr/bin/cmake /home/xc/桌面/roscar_nav/src/fishbot_bringup -DCMAKE_INSTALL_PREFIX=/home/xc/桌面/roscar_nav/install/fishbot_bringup
[1.888s] DEBUG:colcon.colcon_core.event_handler.log_command:Invoking command in '/home/xc/桌面/roscar_nav/build/fishbot_description': CMAKE_PREFIX_PATH=/opt/ros/humble /usr/bin/cmake /home/xc/桌面/roscar_nav/src/fishbot_description -DCMAKE_INSTALL_PREFIX=/home/xc/桌面/roscar_nav/install/fishbot_description
[1.900s] DEBUG:colcon.colcon_core.event_handler.log_command:Invoking command in '/home/xc/桌面/roscar_nav/build/lidar_pkg': CMAKE_PREFIX_PATH=/opt/ros/humble /usr/bin/cmake /home/xc/桌面/roscar_nav/src/lidar_pkg_ros2-main -DCMAKE_INSTALL_PREFIX=/home/xc/桌面/roscar_nav/install/lidar_pkg
[1.955s] DEBUG:colcon.colcon_core.event_handler.log_command:Invoking command in '/home/xc/桌面/roscar_nav/build/slam_pkg': CMAKE_PREFIX_PATH=/opt/ros/humble /usr/bin/cmake /home/xc/桌面/roscar_nav/src/slam_pkg -DCMAKE_INSTALL_PREFIX=/home/xc/桌面/roscar_nav/install/slam_pkg
[9.525s] DEBUG:colcon.colcon_core.event_handler.log_command:Invoked command in '/home/xc/桌面/roscar_nav/build/fishbot_description' returned '0': CMAKE_PREFIX_PATH=/opt/ros/humble /usr/bin/cmake /home/xc/桌面/roscar_nav/src/fishbot_description -DCMAKE_INSTALL_PREFIX=/home/xc/桌面/roscar_nav/install/fishbot_description
[9.527s] DEBUG:colcon.colcon_core.event_handler.log_command:Invoking command in '/home/xc/桌面/roscar_nav/build/fishbot_description': CMAKE_PREFIX_PATH=/opt/ros/humble /usr/bin/cmake --build /home/xc/桌面/roscar_nav/build/fishbot_description -- -j4 -l4
[9.550s] DEBUG:colcon.colcon_core.event_handler.log_command:Invoked command in '/home/xc/桌面/roscar_nav/build/slam_pkg' returned '0': CMAKE_PREFIX_PATH=/opt/ros/humble /usr/bin/cmake /home/xc/桌面/roscar_nav/src/slam_pkg -DCMAKE_INSTALL_PREFIX=/home/xc/桌面/roscar_nav/install/slam_pkg
[9.562s] DEBUG:colcon.colcon_core.event_handler.log_command:Invoking command in '/home/xc/桌面/roscar_nav/build/slam_pkg': CMAKE_PREFIX_PATH=/opt/ros/humble /usr/bin/cmake --build /home/xc/桌面/roscar_nav/build/slam_pkg -- -j4 -l4
[9.775s] DEBUG:colcon.colcon_core.event_handler.log_command:Invoked command in '/home/xc/桌面/roscar_nav/build/slam_pkg' returned '0': CMAKE_PREFIX_PATH=/opt/ros/humble /usr/bin/cmake --build /home/xc/桌面/roscar_nav/build/slam_pkg -- -j4 -l4
[9.829s] DEBUG:colcon.colcon_core.event_handler.log_command:Invoking command in '/home/xc/桌面/roscar_nav/build/slam_pkg': CMAKE_PREFIX_PATH=/opt/ros/humble /usr/bin/cmake --install /home/xc/桌面/roscar_nav/build/slam_pkg
[9.839s] DEBUG:colcon.colcon_core.event_handler.log_command:Invoked command in '/home/xc/桌面/roscar_nav/build/fishbot_description' returned '0': CMAKE_PREFIX_PATH=/opt/ros/humble /usr/bin/cmake --build /home/xc/桌面/roscar_nav/build/fishbot_description -- -j4 -l4
[9.845s] DEBUG:colcon.colcon_core.event_handler.log_command:Invoking command in '/home/xc/桌面/roscar_nav/build/fishbot_description': CMAKE_PREFIX_PATH=/opt/ros/humble /usr/bin/cmake --install /home/xc/桌面/roscar_nav/build/fishbot_description
[9.972s] Level 1:colcon.colcon_core.environment:create_environment_scripts_only(fishbot_description)
[9.998s] Level 1:colcon.colcon_core.environment:checking '/home/xc/桌面/roscar_nav/install/fishbot_description' for CMake module files
[10.011s] DEBUG:colcon.colcon_core.event_handler.log_command:Invoked command in '/home/xc/桌面/roscar_nav/build/fishbot_description' returned '0': CMAKE_PREFIX_PATH=/opt/ros/humble /usr/bin/cmake --install /home/xc/桌面/roscar_nav/build/fishbot_description
[10.019s] Level 1:colcon.colcon_core.environment:checking '/home/xc/桌面/roscar_nav/install/fishbot_description' for CMake config files
[10.022s] Level 1:colcon.colcon_core.shell:create_environment_hook('fishbot_description', 'cmake_prefix_path')
[10.023s] INFO:colcon.colcon_core.shell:Creating environment hook '/home/xc/桌面/roscar_nav/install/fishbot_description/share/fishbot_description/hook/cmake_prefix_path.ps1'
[10.027s] INFO:colcon.colcon_core.shell:Creating environment descriptor '/home/xc/桌面/roscar_nav/install/fishbot_description/share/fishbot_description/hook/cmake_prefix_path.dsv'
[10.030s] INFO:colcon.colcon_core.shell:Creating environment hook '/home/xc/桌面/roscar_nav/install/fishbot_description/share/fishbot_description/hook/cmake_prefix_path.sh'
[10.036s] Level 1:colcon.colcon_core.environment:checking '/home/xc/桌面/roscar_nav/install/fishbot_description/bin'
[10.036s] Level 1:colcon.colcon_core.environment:checking '/home/xc/桌面/roscar_nav/install/fishbot_description/lib/pkgconfig/fishbot_description.pc'
[10.038s] Level 1:colcon.colcon_core.environment:checking '/home/xc/桌面/roscar_nav/install/fishbot_description/lib/python3.10/site-packages'
[10.040s] Level 1:colcon.colcon_core.environment:checking '/home/xc/桌面/roscar_nav/install/fishbot_description/bin'
[10.042s] INFO:colcon.colcon_core.shell:Creating package script '/home/xc/桌面/roscar_nav/install/fishbot_description/share/fishbot_description/package.ps1'
[10.048s] INFO:colcon.colcon_core.shell:Creating package descriptor '/home/xc/桌面/roscar_nav/install/fishbot_description/share/fishbot_description/package.dsv'
[10.052s] INFO:colcon.colcon_core.shell:Creating package script '/home/xc/桌面/roscar_nav/install/fishbot_description/share/fishbot_description/package.sh'
[10.057s] INFO:colcon.colcon_core.shell:Creating package script '/home/xc/桌面/roscar_nav/install/fishbot_description/share/fishbot_description/package.bash'
[10.062s] INFO:colcon.colcon_core.shell:Creating package script '/home/xc/桌面/roscar_nav/install/fishbot_description/share/fishbot_description/package.zsh'
[10.068s] Level 1:colcon.colcon_core.environment:create_file_with_runtime_dependencies(/home/xc/桌面/roscar_nav/install/fishbot_description/share/colcon-core/packages/fishbot_description)
[10.073s] Level 1:colcon.colcon_core.environment:create_environment_scripts_only(fishbot_description)
[10.074s] Level 1:colcon.colcon_core.environment:checking '/home/xc/桌面/roscar_nav/install/fishbot_description' for CMake module files
[10.078s] Level 1:colcon.colcon_core.environment:checking '/home/xc/桌面/roscar_nav/install/fishbot_description' for CMake config files
[10.081s] Level 1:colcon.colcon_core.shell:create_environment_hook('fishbot_description', 'cmake_prefix_path')
[10.082s] INFO:colcon.colcon_core.shell:Creating environment hook '/home/xc/桌面/roscar_nav/install/fishbot_description/share/fishbot_description/hook/cmake_prefix_path.ps1'
[10.085s] INFO:colcon.colcon_core.shell:Creating environment descriptor '/home/xc/桌面/roscar_nav/install/fishbot_description/share/fishbot_description/hook/cmake_prefix_path.dsv'
[10.088s] INFO:colcon.colcon_core.shell:Creating environment hook '/home/xc/桌面/roscar_nav/install/fishbot_description/share/fishbot_description/hook/cmake_prefix_path.sh'
[10.092s] Level 1:colcon.colcon_core.environment:checking '/home/xc/桌面/roscar_nav/install/fishbot_description/bin'
[10.092s] Level 1:colcon.colcon_core.environment:checking '/home/xc/桌面/roscar_nav/install/fishbot_description/lib/pkgconfig/fishbot_description.pc'
[10.094s] Level 1:colcon.colcon_core.environment:checking '/home/xc/桌面/roscar_nav/install/fishbot_description/lib/python3.10/site-packages'
[10.097s] Level 1:colcon.colcon_core.environment:checking '/home/xc/桌面/roscar_nav/install/fishbot_description/bin'
[10.099s] INFO:colcon.colcon_core.shell:Creating package script '/home/xc/桌面/roscar_nav/install/fishbot_description/share/fishbot_description/package.ps1'
[10.103s] INFO:colcon.colcon_core.shell:Creating package descriptor '/home/xc/桌面/roscar_nav/install/fishbot_description/share/fishbot_description/package.dsv'
[10.108s] INFO:colcon.colcon_core.shell:Creating package script '/home/xc/桌面/roscar_nav/install/fishbot_description/share/fishbot_description/package.sh'
[10.111s] INFO:colcon.colcon_core.shell:Creating package script '/home/xc/桌面/roscar_nav/install/fishbot_description/share/fishbot_description/package.bash'
[10.115s] INFO:colcon.colcon_core.shell:Creating package script '/home/xc/桌面/roscar_nav/install/fishbot_description/share/fishbot_description/package.zsh'
[10.119s] Level 1:colcon.colcon_core.environment:create_file_with_runtime_dependencies(/home/xc/桌面/roscar_nav/install/fishbot_description/share/colcon-core/packages/fishbot_description)
[10.126s] Level 1:colcon.colcon_core.environment:create_environment_scripts_only(slam_pkg)
[10.128s] DEBUG:colcon.colcon_core.event_handler.log_command:Invoked command in '/home/xc/桌面/roscar_nav/build/slam_pkg' returned '0': CMAKE_PREFIX_PATH=/opt/ros/humble /usr/bin/cmake --install /home/xc/桌面/roscar_nav/build/slam_pkg
[10.130s] Level 1:colcon.colcon_core.environment:checking '/home/xc/桌面/roscar_nav/install/slam_pkg' for CMake module files
[10.134s] Level 1:colcon.colcon_core.environment:checking '/home/xc/桌面/roscar_nav/install/slam_pkg' for CMake config files
[10.137s] Level 1:colcon.colcon_core.shell:create_environment_hook('slam_pkg', 'cmake_prefix_path')
[10.138s] INFO:colcon.colcon_core.shell:Creating environment hook '/home/xc/桌面/roscar_nav/install/slam_pkg/share/slam_pkg/hook/cmake_prefix_path.ps1'
[10.141s] INFO:colcon.colcon_core.shell:Creating environment descriptor '/home/xc/桌面/roscar_nav/install/slam_pkg/share/slam_pkg/hook/cmake_prefix_path.dsv'
[10.144s] INFO:colcon.colcon_core.shell:Creating environment hook '/home/xc/桌面/roscar_nav/install/slam_pkg/share/slam_pkg/hook/cmake_prefix_path.sh'
[10.148s] Level 1:colcon.colcon_core.environment:checking '/home/xc/桌面/roscar_nav/install/slam_pkg/bin'
[10.149s] Level 1:colcon.colcon_core.environment:checking '/home/xc/桌面/roscar_nav/install/slam_pkg/lib/pkgconfig/slam_pkg.pc'
[10.151s] Level 1:colcon.colcon_core.environment:checking '/home/xc/桌面/roscar_nav/install/slam_pkg/lib/python3.10/site-packages'
[10.154s] Level 1:colcon.colcon_core.environment:checking '/home/xc/桌面/roscar_nav/install/slam_pkg/bin'
[10.156s] INFO:colcon.colcon_core.shell:Creating package script '/home/xc/桌面/roscar_nav/install/slam_pkg/share/slam_pkg/package.ps1'
[10.158s] INFO:colcon.colcon_core.shell:Creating package descriptor '/home/xc/桌面/roscar_nav/install/slam_pkg/share/slam_pkg/package.dsv'
[10.161s] INFO:colcon.colcon_core.shell:Creating package script '/home/xc/桌面/roscar_nav/install/slam_pkg/share/slam_pkg/package.sh'
[10.164s] INFO:colcon.colcon_core.shell:Creating package script '/home/xc/桌面/roscar_nav/install/slam_pkg/share/slam_pkg/package.bash'
[10.167s] INFO:colcon.colcon_core.shell:Creating package script '/home/xc/桌面/roscar_nav/install/slam_pkg/share/slam_pkg/package.zsh'
[10.170s] Level 1:colcon.colcon_core.environment:create_file_with_runtime_dependencies(/home/xc/桌面/roscar_nav/install/slam_pkg/share/colcon-core/packages/slam_pkg)
[10.174s] Level 1:colcon.colcon_core.environment:create_environment_scripts_only(slam_pkg)
[10.175s] Level 1:colcon.colcon_core.environment:checking '/home/xc/桌面/roscar_nav/install/slam_pkg' for CMake module files
[10.182s] Level 1:colcon.colcon_core.environment:checking '/home/xc/桌面/roscar_nav/install/slam_pkg' for CMake config files
[10.185s] Level 1:colcon.colcon_core.shell:create_environment_hook('slam_pkg', 'cmake_prefix_path')
[10.186s] INFO:colcon.colcon_core.shell:Creating environment hook '/home/xc/桌面/roscar_nav/install/slam_pkg/share/slam_pkg/hook/cmake_prefix_path.ps1'
[10.189s] INFO:colcon.colcon_core.shell:Creating environment descriptor '/home/xc/桌面/roscar_nav/install/slam_pkg/share/slam_pkg/hook/cmake_prefix_path.dsv'
[10.258s] INFO:colcon.colcon_core.shell:Creating environment hook '/home/xc/桌面/roscar_nav/install/slam_pkg/share/slam_pkg/hook/cmake_prefix_path.sh'
[10.265s] Level 1:colcon.colcon_core.environment:checking '/home/xc/桌面/roscar_nav/install/slam_pkg/bin'
[10.266s] Level 1:colcon.colcon_core.environment:checking '/home/xc/桌面/roscar_nav/install/slam_pkg/lib/pkgconfig/slam_pkg.pc'
[10.267s] Level 1:colcon.colcon_core.environment:checking '/home/xc/桌面/roscar_nav/install/slam_pkg/lib/python3.10/site-packages'
[10.270s] Level 1:colcon.colcon_core.environment:checking '/home/xc/桌面/roscar_nav/install/slam_pkg/bin'
[10.272s] INFO:colcon.colcon_core.shell:Creating package script '/home/xc/桌面/roscar_nav/install/slam_pkg/share/slam_pkg/package.ps1'
[10.409s] INFO:colcon.colcon_core.shell:Creating package descriptor '/home/xc/桌面/roscar_nav/install/slam_pkg/share/slam_pkg/package.dsv'
[10.876s] INFO:colcon.colcon_core.shell:Creating package script '/home/xc/桌面/roscar_nav/install/slam_pkg/share/slam_pkg/package.sh'
[10.967s] INFO:colcon.colcon_core.shell:Creating package script '/home/xc/桌面/roscar_nav/install/slam_pkg/share/slam_pkg/package.bash'
[10.972s] INFO:colcon.colcon_core.shell:Creating package script '/home/xc/桌面/roscar_nav/install/slam_pkg/share/slam_pkg/package.zsh'
[11.009s] Level 1:colcon.colcon_core.environment:create_file_with_runtime_dependencies(/home/xc/桌面/roscar_nav/install/slam_pkg/share/colcon-core/packages/slam_pkg)
[17.474s] DEBUG:colcon.colcon_core.event_handler.log_command:Invoked command in '/home/xc/桌面/roscar_nav/build/lidar_pkg' returned '0': CMAKE_PREFIX_PATH=/opt/ros/humble /usr/bin/cmake /home/xc/桌面/roscar_nav/src/lidar_pkg_ros2-main -DCMAKE_INSTALL_PREFIX=/home/xc/桌面/roscar_nav/install/lidar_pkg
[17.480s] DEBUG:colcon.colcon_core.event_handler.log_command:Invoking command in '/home/xc/桌面/roscar_nav/build/lidar_pkg': CMAKE_PREFIX_PATH=/opt/ros/humble /usr/bin/cmake --build /home/xc/桌面/roscar_nav/build/lidar_pkg -- -j4 -l4
[18.064s] DEBUG:colcon.colcon_core.event_handler.log_command:Invoked command in '/home/xc/桌面/roscar_nav/build/fishbot_bringup' returned '0': CMAKE_PREFIX_PATH=/opt/ros/humble /usr/bin/cmake /home/xc/桌面/roscar_nav/src/fishbot_bringup -DCMAKE_INSTALL_PREFIX=/home/xc/桌面/roscar_nav/install/fishbot_bringup
[18.074s] DEBUG:colcon.colcon_core.event_handler.log_command:Invoking command in '/home/xc/桌面/roscar_nav/build/fishbot_bringup': CMAKE_PREFIX_PATH=/opt/ros/humble /usr/bin/cmake --build /home/xc/桌面/roscar_nav/build/fishbot_bringup -- -j4 -l4
[53.690s] DEBUG:colcon.colcon_core.event_handler.log_command:Invoked command in '/home/xc/桌面/roscar_nav/build/lidar_pkg' returned '0': CMAKE_PREFIX_PATH=/opt/ros/humble /usr/bin/cmake --build /home/xc/桌面/roscar_nav/build/lidar_pkg -- -j4 -l4
[53.696s] DEBUG:colcon.colcon_core.event_handler.log_command:Invoking command in '/home/xc/桌面/roscar_nav/build/lidar_pkg': CMAKE_PREFIX_PATH=/opt/ros/humble /usr/bin/cmake --install /home/xc/桌面/roscar_nav/build/lidar_pkg
[53.766s] Level 1:colcon.colcon_core.environment:create_environment_scripts_only(lidar_pkg)
[53.768s] Level 1:colcon.colcon_core.environment:checking '/home/xc/桌面/roscar_nav/install/lidar_pkg' for CMake module files
[53.771s] DEBUG:colcon.colcon_core.event_handler.log_command:Invoked command in '/home/xc/桌面/roscar_nav/build/lidar_pkg' returned '0': CMAKE_PREFIX_PATH=/opt/ros/humble /usr/bin/cmake --install /home/xc/桌面/roscar_nav/build/lidar_pkg
[53.777s] Level 1:colcon.colcon_core.environment:checking '/home/xc/桌面/roscar_nav/install/lidar_pkg' for CMake config files
[53.780s] Level 1:colcon.colcon_core.shell:create_environment_hook('lidar_pkg', 'cmake_prefix_path')
[53.781s] INFO:colcon.colcon_core.shell:Creating environment hook '/home/xc/桌面/roscar_nav/install/lidar_pkg/share/lidar_pkg/hook/cmake_prefix_path.ps1'
[53.784s] INFO:colcon.colcon_core.shell:Creating environment descriptor '/home/xc/桌面/roscar_nav/install/lidar_pkg/share/lidar_pkg/hook/cmake_prefix_path.dsv'
[53.787s] INFO:colcon.colcon_core.shell:Creating environment hook '/home/xc/桌面/roscar_nav/install/lidar_pkg/share/lidar_pkg/hook/cmake_prefix_path.sh'
[53.792s] Level 1:colcon.colcon_core.environment:checking '/home/xc/桌面/roscar_nav/install/lidar_pkg/lib'
[53.793s] Level 1:colcon.colcon_core.environment:checking '/home/xc/桌面/roscar_nav/install/lidar_pkg/bin'
[53.795s] Level 1:colcon.colcon_core.environment:checking '/home/xc/桌面/roscar_nav/install/lidar_pkg/lib/pkgconfig/lidar_pkg.pc'
[53.797s] Level 1:colcon.colcon_core.environment:checking '/home/xc/桌面/roscar_nav/install/lidar_pkg/lib/python3.10/site-packages'
[53.799s] Level 1:colcon.colcon_core.environment:checking '/home/xc/桌面/roscar_nav/install/lidar_pkg/bin'
[53.802s] INFO:colcon.colcon_core.shell:Creating package script '/home/xc/桌面/roscar_nav/install/lidar_pkg/share/lidar_pkg/package.ps1'
[53.805s] INFO:colcon.colcon_core.shell:Creating package descriptor '/home/xc/桌面/roscar_nav/install/lidar_pkg/share/lidar_pkg/package.dsv'
[53.808s] INFO:colcon.colcon_core.shell:Creating package script '/home/xc/桌面/roscar_nav/install/lidar_pkg/share/lidar_pkg/package.sh'
[53.812s] INFO:colcon.colcon_core.shell:Creating package script '/home/xc/桌面/roscar_nav/install/lidar_pkg/share/lidar_pkg/package.bash'
[53.814s] INFO:colcon.colcon_core.shell:Creating package script '/home/xc/桌面/roscar_nav/install/lidar_pkg/share/lidar_pkg/package.zsh'
[53.817s] Level 1:colcon.colcon_core.environment:create_file_with_runtime_dependencies(/home/xc/桌面/roscar_nav/install/lidar_pkg/share/colcon-core/packages/lidar_pkg)
[53.822s] Level 1:colcon.colcon_core.environment:create_environment_scripts_only(lidar_pkg)
[53.823s] Level 1:colcon.colcon_core.environment:checking '/home/xc/桌面/roscar_nav/install/lidar_pkg' for CMake module files
[53.827s] Level 1:colcon.colcon_core.environment:checking '/home/xc/桌面/roscar_nav/install/lidar_pkg' for CMake config files
[53.831s] Level 1:colcon.colcon_core.shell:create_environment_hook('lidar_pkg', 'cmake_prefix_path')
[53.832s] INFO:colcon.colcon_core.shell:Creating environment hook '/home/xc/桌面/roscar_nav/install/lidar_pkg/share/lidar_pkg/hook/cmake_prefix_path.ps1'
[53.835s] INFO:colcon.colcon_core.shell:Creating environment descriptor '/home/xc/桌面/roscar_nav/install/lidar_pkg/share/lidar_pkg/hook/cmake_prefix_path.dsv'
[53.838s] INFO:colcon.colcon_core.shell:Creating environment hook '/home/xc/桌面/roscar_nav/install/lidar_pkg/share/lidar_pkg/hook/cmake_prefix_path.sh'
[53.843s] Level 1:colcon.colcon_core.environment:checking '/home/xc/桌面/roscar_nav/install/lidar_pkg/lib'
[53.844s] Level 1:colcon.colcon_core.environment:checking '/home/xc/桌面/roscar_nav/install/lidar_pkg/bin'
[53.844s] Level 1:colcon.colcon_core.environment:checking '/home/xc/桌面/roscar_nav/install/lidar_pkg/lib/pkgconfig/lidar_pkg.pc'
[53.846s] Level 1:colcon.colcon_core.environment:checking '/home/xc/桌面/roscar_nav/install/lidar_pkg/lib/python3.10/site-packages'
[53.848s] Level 1:colcon.colcon_core.environment:checking '/home/xc/桌面/roscar_nav/install/lidar_pkg/bin'
[53.850s] INFO:colcon.colcon_core.shell:Creating package script '/home/xc/桌面/roscar_nav/install/lidar_pkg/share/lidar_pkg/package.ps1'
[53.854s] INFO:colcon.colcon_core.shell:Creating package descriptor '/home/xc/桌面/roscar_nav/install/lidar_pkg/share/lidar_pkg/package.dsv'
[53.858s] INFO:colcon.colcon_core.shell:Creating package script '/home/xc/桌面/roscar_nav/install/lidar_pkg/share/lidar_pkg/package.sh'
[53.863s] INFO:colcon.colcon_core.shell:Creating package script '/home/xc/桌面/roscar_nav/install/lidar_pkg/share/lidar_pkg/package.bash'
[53.867s] INFO:colcon.colcon_core.shell:Creating package script '/home/xc/桌面/roscar_nav/install/lidar_pkg/share/lidar_pkg/package.zsh'
[53.871s] Level 1:colcon.colcon_core.environment:create_file_with_runtime_dependencies(/home/xc/桌面/roscar_nav/install/lidar_pkg/share/colcon-core/packages/lidar_pkg)
[65.014s] DEBUG:colcon.colcon_core.event_handler.log_command:Invoked command in '/home/xc/桌面/roscar_nav/build/fishbot_bringup' returned '0': CMAKE_PREFIX_PATH=/opt/ros/humble /usr/bin/cmake --build /home/xc/桌面/roscar_nav/build/fishbot_bringup -- -j4 -l4
[65.016s] DEBUG:colcon.colcon_core.event_handler.log_command:Invoking command in '/home/xc/桌面/roscar_nav/build/fishbot_bringup': CMAKE_PREFIX_PATH=/opt/ros/humble /usr/bin/cmake --install /home/xc/桌面/roscar_nav/build/fishbot_bringup
[65.134s] Level 1:colcon.colcon_core.environment:create_environment_scripts_only(fishbot_bringup)
[65.136s] Level 1:colcon.colcon_core.environment:checking '/home/xc/桌面/roscar_nav/install/fishbot_bringup' for CMake module files
[65.138s] DEBUG:colcon.colcon_core.event_handler.log_command:Invoked command in '/home/xc/桌面/roscar_nav/build/fishbot_bringup' returned '0': CMAKE_PREFIX_PATH=/opt/ros/humble /usr/bin/cmake --install /home/xc/桌面/roscar_nav/build/fishbot_bringup
[65.142s] Level 1:colcon.colcon_core.environment:checking '/home/xc/桌面/roscar_nav/install/fishbot_bringup' for CMake config files
[65.144s] Level 1:colcon.colcon_core.shell:create_environment_hook('fishbot_bringup', 'cmake_prefix_path')
[65.146s] INFO:colcon.colcon_core.shell:Creating environment hook '/home/xc/桌面/roscar_nav/install/fishbot_bringup/share/fishbot_bringup/hook/cmake_prefix_path.ps1'
[65.149s] INFO:colcon.colcon_core.shell:Creating environment descriptor '/home/xc/桌面/roscar_nav/install/fishbot_bringup/share/fishbot_bringup/hook/cmake_prefix_path.dsv'
[65.151s] INFO:colcon.colcon_core.shell:Creating environment hook '/home/xc/桌面/roscar_nav/install/fishbot_bringup/share/fishbot_bringup/hook/cmake_prefix_path.sh'
[65.156s] Level 1:colcon.colcon_core.environment:checking '/home/xc/桌面/roscar_nav/install/fishbot_bringup/lib'
[65.157s] Level 1:colcon.colcon_core.environment:checking '/home/xc/桌面/roscar_nav/install/fishbot_bringup/bin'
[65.157s] Level 1:colcon.colcon_core.environment:checking '/home/xc/桌面/roscar_nav/install/fishbot_bringup/lib/pkgconfig/fishbot_bringup.pc'
[65.159s] Level 1:colcon.colcon_core.environment:checking '/home/xc/桌面/roscar_nav/install/fishbot_bringup/lib/python3.10/site-packages'
[65.162s] Level 1:colcon.colcon_core.environment:checking '/home/xc/桌面/roscar_nav/install/fishbot_bringup/bin'
[65.163s] INFO:colcon.colcon_core.shell:Creating package script '/home/xc/桌面/roscar_nav/install/fishbot_bringup/share/fishbot_bringup/package.ps1'
[65.167s] INFO:colcon.colcon_core.shell:Creating package descriptor '/home/xc/桌面/roscar_nav/install/fishbot_bringup/share/fishbot_bringup/package.dsv'
[65.170s] INFO:colcon.colcon_core.shell:Creating package script '/home/xc/桌面/roscar_nav/install/fishbot_bringup/share/fishbot_bringup/package.sh'
[65.173s] INFO:colcon.colcon_core.shell:Creating package script '/home/xc/桌面/roscar_nav/install/fishbot_bringup/share/fishbot_bringup/package.bash'
[65.176s] INFO:colcon.colcon_core.shell:Creating package script '/home/xc/桌面/roscar_nav/install/fishbot_bringup/share/fishbot_bringup/package.zsh'
[65.178s] Level 1:colcon.colcon_core.environment:create_file_with_runtime_dependencies(/home/xc/桌面/roscar_nav/install/fishbot_bringup/share/colcon-core/packages/fishbot_bringup)
[65.183s] Level 1:colcon.colcon_core.environment:create_environment_scripts_only(fishbot_bringup)
[65.184s] Level 1:colcon.colcon_core.environment:checking '/home/xc/桌面/roscar_nav/install/fishbot_bringup' for CMake module files
[65.188s] Level 1:colcon.colcon_core.environment:checking '/home/xc/桌面/roscar_nav/install/fishbot_bringup' for CMake config files
[65.190s] Level 1:colcon.colcon_core.shell:create_environment_hook('fishbot_bringup', 'cmake_prefix_path')
[65.191s] INFO:colcon.colcon_core.shell:Creating environment hook '/home/xc/桌面/roscar_nav/install/fishbot_bringup/share/fishbot_bringup/hook/cmake_prefix_path.ps1'
[65.194s] INFO:colcon.colcon_core.shell:Creating environment descriptor '/home/xc/桌面/roscar_nav/install/fishbot_bringup/share/fishbot_bringup/hook/cmake_prefix_path.dsv'
[65.196s] INFO:colcon.colcon_core.shell:Creating environment hook '/home/xc/桌面/roscar_nav/install/fishbot_bringup/share/fishbot_bringup/hook/cmake_prefix_path.sh'
[65.200s] Level 1:colcon.colcon_core.environment:checking '/home/xc/桌面/roscar_nav/install/fishbot_bringup/lib'
[65.201s] Level 1:colcon.colcon_core.environment:checking '/home/xc/桌面/roscar_nav/install/fishbot_bringup/bin'
[65.201s] Level 1:colcon.colcon_core.environment:checking '/home/xc/桌面/roscar_nav/install/fishbot_bringup/lib/pkgconfig/fishbot_bringup.pc'
[65.202s] Level 1:colcon.colcon_core.environment:checking '/home/xc/桌面/roscar_nav/install/fishbot_bringup/lib/python3.10/site-packages'
[65.204s] Level 1:colcon.colcon_core.environment:checking '/home/xc/桌面/roscar_nav/install/fishbot_bringup/bin'
[65.205s] INFO:colcon.colcon_core.shell:Creating package script '/home/xc/桌面/roscar_nav/install/fishbot_bringup/share/fishbot_bringup/package.ps1'
[65.208s] INFO:colcon.colcon_core.shell:Creating package descriptor '/home/xc/桌面/roscar_nav/install/fishbot_bringup/share/fishbot_bringup/package.dsv'
[65.210s] INFO:colcon.colcon_core.shell:Creating package script '/home/xc/桌面/roscar_nav/install/fishbot_bringup/share/fishbot_bringup/package.sh'
[65.280s] INFO:colcon.colcon_core.shell:Creating package script '/home/xc/桌面/roscar_nav/install/fishbot_bringup/share/fishbot_bringup/package.bash'
[65.283s] INFO:colcon.colcon_core.shell:Creating package script '/home/xc/桌面/roscar_nav/install/fishbot_bringup/share/fishbot_bringup/package.zsh'
[65.287s] Level 1:colcon.colcon_core.environment:create_file_with_runtime_dependencies(/home/xc/桌面/roscar_nav/install/fishbot_bringup/share/colcon-core/packages/fishbot_bringup)
[65.288s] DEBUG:colcon.colcon_parallel_executor.executor.parallel:closing loop
[65.294s] DEBUG:colcon.colcon_parallel_executor.executor.parallel:loop closed
[65.294s] DEBUG:colcon.colcon_parallel_executor.executor.parallel:run_until_complete finished with '0'
[65.295s] DEBUG:colcon.colcon_core.event_reactor:joining thread
[65.324s] INFO:colcon.colcon_core.plugin_system:Skipping extension 'colcon_notification.desktop_notification.terminal_notifier': Not used on non-Darwin systems
[65.324s] INFO:colcon.colcon_core.plugin_system:Skipping extension 'colcon_notification.desktop_notification.win32': Not used on non-Windows systems
[65.325s] INFO:colcon.colcon_notification.desktop_notification:Sending desktop notification using 'notify2'
[65.420s] DEBUG:colcon.colcon_core.event_reactor:joined thread
[65.422s] INFO:colcon.colcon_core.shell:Creating prefix script '/home/xc/桌面/roscar_nav/install/local_setup.ps1'
[65.429s] INFO:colcon.colcon_core.shell:Creating prefix util module '/home/xc/桌面/roscar_nav/install/_local_setup_util_ps1.py'
[65.439s] INFO:colcon.colcon_core.shell:Creating prefix chain script '/home/xc/桌面/roscar_nav/install/setup.ps1'
[65.445s] INFO:colcon.colcon_core.shell:Creating prefix script '/home/xc/桌面/roscar_nav/install/local_setup.sh'
[65.452s] INFO:colcon.colcon_core.shell:Creating prefix util module '/home/xc/桌面/roscar_nav/install/_local_setup_util_sh.py'
[65.460s] INFO:colcon.colcon_core.shell:Creating prefix chain script '/home/xc/桌面/roscar_nav/install/setup.sh'
[65.468s] INFO:colcon.colcon_core.shell:Creating prefix script '/home/xc/桌面/roscar_nav/install/local_setup.bash'
[65.474s] INFO:colcon.colcon_core.shell:Creating prefix chain script '/home/xc/桌面/roscar_nav/install/setup.bash'
[65.483s] INFO:colcon.colcon_core.shell:Creating prefix script '/home/xc/桌面/roscar_nav/install/local_setup.zsh'
[65.489s] INFO:colcon.colcon_core.shell:Creating prefix chain script '/home/xc/桌面/roscar_nav/install/setup.zsh'
