[0.208s] Invoking command in '/home/xc/桌面/roscar_nav/build/slam_pkg': CMAKE_PREFIX_PATH=/opt/ros/humble /usr/bin/cmake --build /home/xc/桌面/roscar_nav/build/slam_pkg -- -j4 -l4
[0.591s] Invoked command in '/home/xc/桌面/roscar_nav/build/slam_pkg' returned '0': CMAKE_PREFIX_PATH=/opt/ros/humble /usr/bin/cmake --build /home/xc/桌面/roscar_nav/build/slam_pkg -- -j4 -l4
[0.601s] Invoking command in '/home/xc/桌面/roscar_nav/build/slam_pkg': CMAKE_PREFIX_PATH=/opt/ros/humble /usr/bin/cmake --install /home/xc/桌面/roscar_nav/build/slam_pkg
[0.682s] -- Install configuration: ""
[0.683s] -- Up-to-date: /home/xc/桌面/roscar_nav/install/slam_pkg/share/slam_pkg//launch
[0.684s] -- Up-to-date: /home/xc/桌面/roscar_nav/install/slam_pkg/share/slam_pkg//launch/slam.launch.py
[0.684s] -- Up-to-date: /home/xc/桌面/roscar_nav/install/slam_pkg/share/slam_pkg//launch/slam_robot.launch.py
[0.685s] -- Up-to-date: /home/xc/桌面/roscar_nav/install/slam_pkg/share/slam_pkg//launch/slam_pc.launch.py
[0.686s] -- Up-to-date: /home/xc/桌面/roscar_nav/install/slam_pkg/share/ament_index/resource_index/package_run_dependencies/slam_pkg
[0.687s] -- Up-to-date: /home/xc/桌面/roscar_nav/install/slam_pkg/share/ament_index/resource_index/parent_prefix_path/slam_pkg
[0.688s] -- Up-to-date: /home/xc/桌面/roscar_nav/install/slam_pkg/share/slam_pkg/environment/ament_prefix_path.sh
[0.689s] -- Up-to-date: /home/xc/桌面/roscar_nav/install/slam_pkg/share/slam_pkg/environment/ament_prefix_path.dsv
[0.692s] -- Up-to-date: /home/xc/桌面/roscar_nav/install/slam_pkg/share/slam_pkg/environment/path.sh
[0.693s] -- Up-to-date: /home/xc/桌面/roscar_nav/install/slam_pkg/share/slam_pkg/environment/path.dsv
[0.694s] -- Up-to-date: /home/xc/桌面/roscar_nav/install/slam_pkg/share/slam_pkg/local_setup.bash
[0.696s] -- Up-to-date: /home/xc/桌面/roscar_nav/install/slam_pkg/share/slam_pkg/local_setup.sh
[0.697s] -- Up-to-date: /home/xc/桌面/roscar_nav/install/slam_pkg/share/slam_pkg/local_setup.zsh
[0.698s] -- Up-to-date: /home/xc/桌面/roscar_nav/install/slam_pkg/share/slam_pkg/local_setup.dsv
[0.699s] -- Installing: /home/xc/桌面/roscar_nav/install/slam_pkg/share/slam_pkg/package.dsv
[0.699s] -- Up-to-date: /home/xc/桌面/roscar_nav/install/slam_pkg/share/ament_index/resource_index/packages/slam_pkg
[0.700s] -- Up-to-date: /home/xc/桌面/roscar_nav/install/slam_pkg/share/slam_pkg/cmake/slam_pkgConfig.cmake
[0.701s] -- Up-to-date: /home/xc/桌面/roscar_nav/install/slam_pkg/share/slam_pkg/cmake/slam_pkgConfig-version.cmake
[0.701s] -- Up-to-date: /home/xc/桌面/roscar_nav/install/slam_pkg/share/slam_pkg/package.xml
[1.423s] Invoked command in '/home/xc/桌面/roscar_nav/build/slam_pkg' returned '0': CMAKE_PREFIX_PATH=/opt/ros/humble /usr/bin/cmake --install /home/xc/桌面/roscar_nav/build/slam_pkg
