[0.109s] Invoking command in '/home/xc/桌面/roscar_nav/build/fishbot_description': CMAKE_PREFIX_PATH=/opt/ros/humble /usr/bin/cmake --build /home/xc/桌面/roscar_nav/build/fishbot_description -- -j4 -l4
[0.740s] Invoked command in '/home/xc/桌面/roscar_nav/build/fishbot_description' returned '0': CMAKE_PREFIX_PATH=/opt/ros/humble /usr/bin/cmake --build /home/xc/桌面/roscar_nav/build/fishbot_description -- -j4 -l4
[0.797s] Invoking command in '/home/xc/桌面/roscar_nav/build/fishbot_description': CMAKE_PREFIX_PATH=/opt/ros/humble /usr/bin/cmake --install /home/xc/桌面/roscar_nav/build/fishbot_description
[0.853s] -- Install configuration: ""
[0.855s] -- Up-to-date: /home/xc/桌面/roscar_nav/install/fishbot_description/share/fishbot_description/urdf
[0.855s] -- Up-to-date: /home/xc/桌面/roscar_nav/install/fishbot_description/share/fishbot_description/urdf/fishbot.urdf
[0.856s] -- Up-to-date: /home/xc/桌面/roscar_nav/install/fishbot_description/share/ament_index/resource_index/package_run_dependencies/fishbot_description
[0.857s] -- Up-to-date: /home/xc/桌面/roscar_nav/install/fishbot_description/share/ament_index/resource_index/parent_prefix_path/fishbot_description
[0.857s] -- Up-to-date: /home/xc/桌面/roscar_nav/install/fishbot_description/share/fishbot_description/environment/ament_prefix_path.sh
[0.858s] -- Up-to-date: /home/xc/桌面/roscar_nav/install/fishbot_description/share/fishbot_description/environment/ament_prefix_path.dsv
[0.859s] -- Up-to-date: /home/xc/桌面/roscar_nav/install/fishbot_description/share/fishbot_description/environment/path.sh
[0.860s] -- Up-to-date: /home/xc/桌面/roscar_nav/install/fishbot_description/share/fishbot_description/environment/path.dsv
[0.861s] -- Up-to-date: /home/xc/桌面/roscar_nav/install/fishbot_description/share/fishbot_description/local_setup.bash
[0.861s] -- Up-to-date: /home/xc/桌面/roscar_nav/install/fishbot_description/share/fishbot_description/local_setup.sh
[0.862s] -- Up-to-date: /home/xc/桌面/roscar_nav/install/fishbot_description/share/fishbot_description/local_setup.zsh
[0.868s] -- Up-to-date: /home/xc/桌面/roscar_nav/install/fishbot_description/share/fishbot_description/local_setup.dsv
[0.868s] -- Installing: /home/xc/桌面/roscar_nav/install/fishbot_description/share/fishbot_description/package.dsv
[0.869s] -- Up-to-date: /home/xc/桌面/roscar_nav/install/fishbot_description/share/ament_index/resource_index/packages/fishbot_description
[0.870s] -- Up-to-date: /home/xc/桌面/roscar_nav/install/fishbot_description/share/fishbot_description/cmake/fishbot_descriptionConfig.cmake
[0.871s] -- Up-to-date: /home/xc/桌面/roscar_nav/install/fishbot_description/share/fishbot_description/cmake/fishbot_descriptionConfig-version.cmake
[0.872s] -- Up-to-date: /home/xc/桌面/roscar_nav/install/fishbot_description/share/fishbot_description/package.xml
[0.943s] Invoked command in '/home/xc/桌面/roscar_nav/build/fishbot_description' returned '0': CMAKE_PREFIX_PATH=/opt/ros/humble /usr/bin/cmake --install /home/xc/桌面/roscar_nav/build/fishbot_description
