[0.641s] Invoking command in '/home/xc/桌面/roscar_nav/build/slam_pkg': CMAKE_PREFIX_PATH=/opt/ros/humble /usr/bin/cmake --build /home/xc/桌面/roscar_nav/build/slam_pkg -- -j4 -l4
[1.754s] Invoked command in '/home/xc/桌面/roscar_nav/build/slam_pkg' returned '0': CMAKE_PREFIX_PATH=/opt/ros/humble /usr/bin/cmake --build /home/xc/桌面/roscar_nav/build/slam_pkg -- -j4 -l4
[1.816s] Invoking command in '/home/xc/桌面/roscar_nav/build/slam_pkg': CMAKE_PREFIX_PATH=/opt/ros/humble /usr/bin/cmake --install /home/xc/桌面/roscar_nav/build/slam_pkg
[1.867s] -- Install configuration: ""
[1.872s] -- Up-to-date: /home/xc/桌面/roscar_nav/install/slam_pkg/share/slam_pkg//launch
[1.875s] -- Up-to-date: /home/xc/桌面/roscar_nav/install/slam_pkg/share/slam_pkg//launch/slam.launch.py
[1.878s] -- Up-to-date: /home/xc/桌面/roscar_nav/install/slam_pkg/share/slam_pkg//launch/slam_robot.launch.py
[1.882s] -- Up-to-date: /home/xc/桌面/roscar_nav/install/slam_pkg/share/slam_pkg//launch/slam_pc.launch.py
[1.884s] -- Up-to-date: /home/xc/桌面/roscar_nav/install/slam_pkg/share/ament_index/resource_index/package_run_dependencies/slam_pkg
[1.885s] -- Up-to-date: /home/xc/桌面/roscar_nav/install/slam_pkg/share/ament_index/resource_index/parent_prefix_path/slam_pkg
[1.886s] -- Up-to-date: /home/xc/桌面/roscar_nav/install/slam_pkg/share/slam_pkg/environment/ament_prefix_path.sh
[1.887s] -- Up-to-date: /home/xc/桌面/roscar_nav/install/slam_pkg/share/slam_pkg/environment/ament_prefix_path.dsv
[1.890s] -- Up-to-date: /home/xc/桌面/roscar_nav/install/slam_pkg/share/slam_pkg/environment/path.sh
[1.891s] -- Up-to-date: /home/xc/桌面/roscar_nav/install/slam_pkg/share/slam_pkg/environment/path.dsv
[1.892s] -- Up-to-date: /home/xc/桌面/roscar_nav/install/slam_pkg/share/slam_pkg/local_setup.bash
[1.892s] -- Up-to-date: /home/xc/桌面/roscar_nav/install/slam_pkg/share/slam_pkg/local_setup.sh
[1.893s] -- Up-to-date: /home/xc/桌面/roscar_nav/install/slam_pkg/share/slam_pkg/local_setup.zsh
[1.894s] -- Up-to-date: /home/xc/桌面/roscar_nav/install/slam_pkg/share/slam_pkg/local_setup.dsv
[1.894s] -- Installing: /home/xc/桌面/roscar_nav/install/slam_pkg/share/slam_pkg/package.dsv
[1.895s] -- Up-to-date: /home/xc/桌面/roscar_nav/install/slam_pkg/share/ament_index/resource_index/packages/slam_pkg
[1.896s] -- Up-to-date: /home/xc/桌面/roscar_nav/install/slam_pkg/share/slam_pkg/cmake/slam_pkgConfig.cmake
[1.897s] -- Up-to-date: /home/xc/桌面/roscar_nav/install/slam_pkg/share/slam_pkg/cmake/slam_pkgConfig-version.cmake
[1.899s] -- Up-to-date: /home/xc/桌面/roscar_nav/install/slam_pkg/share/slam_pkg/package.xml
[1.904s] Invoked command in '/home/xc/桌面/roscar_nav/build/slam_pkg' returned '0': CMAKE_PREFIX_PATH=/opt/ros/humble /usr/bin/cmake --install /home/xc/桌面/roscar_nav/build/slam_pkg
