[0.124s] Invoking command in '/home/xc/桌面/roscar_nav/build/slam_pkg': CMAKE_PREFIX_PATH=/opt/ros/humble /usr/bin/cmake /home/xc/桌面/roscar_nav/src/slam_pkg -DCMAKE_INSTALL_PREFIX=/home/xc/桌面/roscar_nav/install/slam_pkg
[1.554s] -- The C compiler identification is GNU 11.4.0
[2.328s] -- The CXX compiler identification is GNU 11.4.0
[2.397s] -- Detecting C compiler ABI info
[3.123s] -- Detecting C compiler ABI info - done
[3.161s] -- Check for working C compiler: /usr/bin/cc - skipped
[3.162s] -- Detecting C compile features
[3.172s] -- Detecting C compile features - done
[3.176s] -- Detecting CXX compiler ABI info
[3.725s] -- Detecting CXX compiler ABI info - done
[3.788s] -- Check for working CXX compiler: /usr/bin/c++ - skipped
[3.789s] -- Detecting CXX compile features
[3.792s] -- Detecting CXX compile features - done
[4.006s] -- Found ament_cmake: 1.3.12 (/opt/ros/humble/share/ament_cmake/cmake)
[5.555s] -- Found Python3: /usr/bin/python3 (found version "3.10.12") found components: Interpreter 
[6.617s] -- Found ament_lint_auto: 0.12.14 (/opt/ros/humble/share/ament_lint_auto/cmake)
[7.535s] -- Added test 'flake8' to check Python code syntax and style conventions
[7.545s] -- Added test 'lint_cmake' to check CMake code style
[7.551s] -- Added test 'pep257' to check Python code against some of the docstring style conventions in PEP 257
[7.565s] -- Added test 'xmllint' to check XML markup files
[7.604s] -- Configuring done
[7.643s] -- Generating done
[7.674s] -- Build files have been written to: /home/xc/桌面/roscar_nav/build/slam_pkg
[7.719s] Invoked command in '/home/xc/桌面/roscar_nav/build/slam_pkg' returned '0': CMAKE_PREFIX_PATH=/opt/ros/humble /usr/bin/cmake /home/xc/桌面/roscar_nav/src/slam_pkg -DCMAKE_INSTALL_PREFIX=/home/xc/桌面/roscar_nav/install/slam_pkg
[7.730s] Invoking command in '/home/xc/桌面/roscar_nav/build/slam_pkg': CMAKE_PREFIX_PATH=/opt/ros/humble /usr/bin/cmake --build /home/xc/桌面/roscar_nav/build/slam_pkg -- -j4 -l4
[7.944s] Invoked command in '/home/xc/桌面/roscar_nav/build/slam_pkg' returned '0': CMAKE_PREFIX_PATH=/opt/ros/humble /usr/bin/cmake --build /home/xc/桌面/roscar_nav/build/slam_pkg -- -j4 -l4
[7.999s] Invoking command in '/home/xc/桌面/roscar_nav/build/slam_pkg': CMAKE_PREFIX_PATH=/opt/ros/humble /usr/bin/cmake --install /home/xc/桌面/roscar_nav/build/slam_pkg
[8.060s] -- Install configuration: ""
[8.062s] -- Installing: /home/xc/桌面/roscar_nav/install/slam_pkg/share/slam_pkg//launch
[8.077s] -- Installing: /home/xc/桌面/roscar_nav/install/slam_pkg/share/slam_pkg//launch/slam.launch.py
[8.079s] -- Installing: /home/xc/桌面/roscar_nav/install/slam_pkg/share/slam_pkg//launch/slam_robot.launch.py
[8.082s] -- Installing: /home/xc/桌面/roscar_nav/install/slam_pkg/share/slam_pkg//launch/slam_pc.launch.py
[8.086s] -- Installing: /home/xc/桌面/roscar_nav/install/slam_pkg/share/ament_index/resource_index/package_run_dependencies/slam_pkg
[8.089s] -- Installing: /home/xc/桌面/roscar_nav/install/slam_pkg/share/ament_index/resource_index/parent_prefix_path/slam_pkg
[8.090s] -- Installing: /home/xc/桌面/roscar_nav/install/slam_pkg/share/slam_pkg/environment/ament_prefix_path.sh
[8.092s] -- Installing: /home/xc/桌面/roscar_nav/install/slam_pkg/share/slam_pkg/environment/ament_prefix_path.dsv
[8.137s] -- Installing: /home/xc/桌面/roscar_nav/install/slam_pkg/share/slam_pkg/environment/path.sh
[8.138s] -- Installing: /home/xc/桌面/roscar_nav/install/slam_pkg/share/slam_pkg/environment/path.dsv
[8.148s] -- Installing: /home/xc/桌面/roscar_nav/install/slam_pkg/share/slam_pkg/local_setup.bash
[8.154s] -- Installing: /home/xc/桌面/roscar_nav/install/slam_pkg/share/slam_pkg/local_setup.sh
[8.154s] -- Installing: /home/xc/桌面/roscar_nav/install/slam_pkg/share/slam_pkg/local_setup.zsh
[8.155s] -- Installing: /home/xc/桌面/roscar_nav/install/slam_pkg/share/slam_pkg/local_setup.dsv
[8.172s] -- Installing: /home/xc/桌面/roscar_nav/install/slam_pkg/share/slam_pkg/package.dsv
[8.182s] -- Installing: /home/xc/桌面/roscar_nav/install/slam_pkg/share/ament_index/resource_index/packages/slam_pkg
[8.183s] -- Installing: /home/xc/桌面/roscar_nav/install/slam_pkg/share/slam_pkg/cmake/slam_pkgConfig.cmake
[8.187s] -- Installing: /home/xc/桌面/roscar_nav/install/slam_pkg/share/slam_pkg/cmake/slam_pkgConfig-version.cmake
[8.187s] -- Installing: /home/xc/桌面/roscar_nav/install/slam_pkg/share/slam_pkg/package.xml
[8.297s] Invoked command in '/home/xc/桌面/roscar_nav/build/slam_pkg' returned '0': CMAKE_PREFIX_PATH=/opt/ros/humble /usr/bin/cmake --install /home/xc/桌面/roscar_nav/build/slam_pkg
