[0.052s] Invoking command in '/home/xc/桌面/roscar_nav/build/xcar_description': CMAKE_PREFIX_PATH=${CMAKE_PREFIX_PATH}:/opt/ros/humble /usr/bin/cmake --build /home/xc/桌面/roscar_nav/build/xcar_description -- -j4 -l4
[0.156s] -- Found ament_cmake: 1.3.12 (/opt/ros/humble/share/ament_cmake/cmake)
[0.766s] -- Found ament_lint_auto: 0.12.14 (/opt/ros/humble/share/ament_lint_auto/cmake)
[1.120s] -- Added test 'flake8' to check Python code syntax and style conventions
[1.121s] -- Added test 'lint_cmake' to check CMake code style
[1.123s] -- Added test 'pep257' to check Python code against some of the docstring style conventions in PEP 257
[1.132s] -- Added test 'xmllint' to check XML markup files
[1.136s] -- Configuring done
[1.426s] -- Generating done
[1.446s] -- Build files have been written to: /home/xc/桌面/roscar_nav/build/xcar_description
[1.528s] Invoked command in '/home/xc/桌面/roscar_nav/build/xcar_description' returned '0': CMAKE_PREFIX_PATH=${CMAKE_PREFIX_PATH}:/opt/ros/humble /usr/bin/cmake --build /home/xc/桌面/roscar_nav/build/xcar_description -- -j4 -l4
[1.574s] Invoking command in '/home/xc/桌面/roscar_nav/build/xcar_description': CMAKE_PREFIX_PATH=${CMAKE_PREFIX_PATH}:/opt/ros/humble /usr/bin/cmake --install /home/xc/桌面/roscar_nav/build/xcar_description
[1.602s] -- Install configuration: ""
[1.603s] -- Up-to-date: /home/xc/桌面/roscar_nav/install/xcar_description/share/xcar_description/urdf
[1.603s] -- Up-to-date: /home/xc/桌面/roscar_nav/install/xcar_description/share/xcar_description/urdf/xcar.urdf
[1.605s] -- Installing: /home/xc/桌面/roscar_nav/install/xcar_description/share/xcar_description/launch
[1.606s] -- Installing: /home/xc/桌面/roscar_nav/install/xcar_description/share/xcar_description/launch/display.launch.py
[1.606s] -- Installing: /home/xc/桌面/roscar_nav/install/xcar_description/share/xcar_description/rviz
[1.607s] -- Installing: /home/xc/桌面/roscar_nav/install/xcar_description/share/xcar_description/rviz/display.rviz
[1.608s] -- Up-to-date: /home/xc/桌面/roscar_nav/install/xcar_description/share/ament_index/resource_index/package_run_dependencies/xcar_description
[1.608s] -- Installing: /home/xc/桌面/roscar_nav/install/xcar_description/share/ament_index/resource_index/parent_prefix_path/xcar_description
[1.609s] -- Up-to-date: /home/xc/桌面/roscar_nav/install/xcar_description/share/xcar_description/environment/ament_prefix_path.sh
[1.610s] -- Installing: /home/xc/桌面/roscar_nav/install/xcar_description/share/xcar_description/environment/ament_prefix_path.dsv
[1.612s] -- Up-to-date: /home/xc/桌面/roscar_nav/install/xcar_description/share/xcar_description/environment/path.sh
[1.612s] -- Installing: /home/xc/桌面/roscar_nav/install/xcar_description/share/xcar_description/environment/path.dsv
[1.613s] -- Up-to-date: /home/xc/桌面/roscar_nav/install/xcar_description/share/xcar_description/local_setup.bash
[1.614s] -- Up-to-date: /home/xc/桌面/roscar_nav/install/xcar_description/share/xcar_description/local_setup.sh
[1.614s] -- Up-to-date: /home/xc/桌面/roscar_nav/install/xcar_description/share/xcar_description/local_setup.zsh
[1.615s] -- Installing: /home/xc/桌面/roscar_nav/install/xcar_description/share/xcar_description/local_setup.dsv
[1.616s] -- Installing: /home/xc/桌面/roscar_nav/install/xcar_description/share/xcar_description/package.dsv
[1.617s] -- Up-to-date: /home/xc/桌面/roscar_nav/install/xcar_description/share/ament_index/resource_index/packages/xcar_description
[1.618s] -- Up-to-date: /home/xc/桌面/roscar_nav/install/xcar_description/share/xcar_description/cmake/xcar_descriptionConfig.cmake
[1.618s] -- Up-to-date: /home/xc/桌面/roscar_nav/install/xcar_description/share/xcar_description/cmake/xcar_descriptionConfig-version.cmake
[1.619s] -- Up-to-date: /home/xc/桌面/roscar_nav/install/xcar_description/share/xcar_description/package.xml
[1.627s] Invoked command in '/home/xc/桌面/roscar_nav/build/xcar_description' returned '0': CMAKE_PREFIX_PATH=${CMAKE_PREFIX_PATH}:/opt/ros/humble /usr/bin/cmake --install /home/xc/桌面/roscar_nav/build/xcar_description
