[0.163s] Invoking command in '/home/xc/桌面/roscar_nav/build/fishbot_description': CMAKE_PREFIX_PATH=${CMAKE_PREFIX_PATH}:/opt/ros/humble /usr/bin/cmake --build /home/xc/桌面/roscar_nav/build/fishbot_description -- -j4 -l4
[0.381s] Invoked command in '/home/xc/桌面/roscar_nav/build/fishbot_description' returned '0': CMAKE_PREFIX_PATH=${CMAKE_PREFIX_PATH}:/opt/ros/humble /usr/bin/cmake --build /home/xc/桌面/roscar_nav/build/fishbot_description -- -j4 -l4
[0.446s] Invoking command in '/home/xc/桌面/roscar_nav/build/fishbot_description': CMAKE_PREFIX_PATH=${CMAKE_PREFIX_PATH}:/opt/ros/humble /usr/bin/cmake --install /home/xc/桌面/roscar_nav/build/fishbot_description
[0.507s] -- Install configuration: ""
[0.508s] -- Up-to-date: /home/xc/桌面/roscar_nav/install/fishbot_description/share/fishbot_description/urdf
[0.514s] -- Installing: /home/xc/桌面/roscar_nav/install/fishbot_description/share/fishbot_description/urdf/fishbot.urdf
[0.517s] -- Up-to-date: /home/xc/桌面/roscar_nav/install/fishbot_description/share/ament_index/resource_index/package_run_dependencies/fishbot_description
[0.528s] -- Up-to-date: /home/xc/桌面/roscar_nav/install/fishbot_description/share/ament_index/resource_index/parent_prefix_path/fishbot_description
[0.532s] -- Up-to-date: /home/xc/桌面/roscar_nav/install/fishbot_description/share/fishbot_description/environment/ament_prefix_path.sh
[0.533s] -- Up-to-date: /home/xc/桌面/roscar_nav/install/fishbot_description/share/fishbot_description/environment/ament_prefix_path.dsv
[0.533s] -- Up-to-date: /home/xc/桌面/roscar_nav/install/fishbot_description/share/fishbot_description/environment/path.sh
[0.534s] -- Up-to-date: /home/xc/桌面/roscar_nav/install/fishbot_description/share/fishbot_description/environment/path.dsv
[0.535s] -- Up-to-date: /home/xc/桌面/roscar_nav/install/fishbot_description/share/fishbot_description/local_setup.bash
[0.536s] -- Up-to-date: /home/xc/桌面/roscar_nav/install/fishbot_description/share/fishbot_description/local_setup.sh
[0.538s] -- Up-to-date: /home/xc/桌面/roscar_nav/install/fishbot_description/share/fishbot_description/local_setup.zsh
[0.539s] -- Up-to-date: /home/xc/桌面/roscar_nav/install/fishbot_description/share/fishbot_description/local_setup.dsv
[0.540s] -- Installing: /home/xc/桌面/roscar_nav/install/fishbot_description/share/fishbot_description/package.dsv
[0.560s] -- Up-to-date: /home/xc/桌面/roscar_nav/install/fishbot_description/share/ament_index/resource_index/packages/fishbot_description
[0.563s] -- Up-to-date: /home/xc/桌面/roscar_nav/install/fishbot_description/share/fishbot_description/cmake/fishbot_descriptionConfig.cmake
[0.563s] -- Up-to-date: /home/xc/桌面/roscar_nav/install/fishbot_description/share/fishbot_description/cmake/fishbot_descriptionConfig-version.cmake
[0.564s] -- Up-to-date: /home/xc/桌面/roscar_nav/install/fishbot_description/share/fishbot_description/package.xml
[0.566s] Invoked command in '/home/xc/桌面/roscar_nav/build/fishbot_description' returned '0': CMAKE_PREFIX_PATH=${CMAKE_PREFIX_PATH}:/opt/ros/humble /usr/bin/cmake --install /home/xc/桌面/roscar_nav/build/fishbot_description
