[0.913s] DEBUG:colcon:Command line arguments: ['/usr/bin/colcon', 'build', '--packages-select', 'xcar_bringup', 'xcar_description']
[0.913s] DEBUG:colcon:Parsed command line arguments: Namespace(log_base=None, log_level=None, verb_name='build', build_base='build', install_base='install', merge_install=False, symlink_install=False, test_result_base=None, continue_on_error=False, executor='parallel', parallel_workers=4, event_handlers=None, ignore_user_meta=False, metas=['./colcon.meta'], base_paths=['.'], packages_ignore=None, packages_ignore_regex=None, paths=None, packages_up_to=None, packages_up_to_regex=None, packages_above=None, packages_above_and_dependencies=None, packages_above_depth=None, packages_select_by_dep=None, packages_skip_by_dep=None, packages_skip_up_to=None, packages_select_build_failed=False, packages_skip_build_finished=False, packages_select_test_failures=False, packages_skip_test_passed=False, packages_select=['xcar_bringup', 'xcar_description'], packages_skip=None, packages_select_regex=None, packages_skip_regex=None, packages_start=None, packages_end=None, allow_overriding=[], cmake_args=None, cmake_target=None, cmake_target_skip_unavailable=False, cmake_clean_cache=False, cmake_clean_first=False, cmake_force_configure=False, ament_cmake_args=None, catkin_cmake_args=None, catkin_skip_building_tests=False, verb_parser=<colcon_defaults.argument_parser.defaults.DefaultArgumentsDecorator object at 0xffffa45cbb50>, verb_extension=<colcon_core.verb.build.BuildVerb object at 0xffffa4730c10>, main=<bound method BuildVerb.main of <colcon_core.verb.build.BuildVerb object at 0xffffa4730c10>>)
[2.037s] Level 1:colcon.colcon_core.package_discovery:discover_packages(colcon_meta) check parameters
[2.038s] Level 1:colcon.colcon_core.package_discovery:discover_packages(recursive) check parameters
[2.038s] Level 1:colcon.colcon_core.package_discovery:discover_packages(ignore) check parameters
[2.038s] Level 1:colcon.colcon_core.package_discovery:discover_packages(path) check parameters
[2.039s] Level 1:colcon.colcon_core.package_discovery:discover_packages(colcon_meta) discover
[2.039s] Level 1:colcon.colcon_core.package_discovery:discover_packages(recursive) discover
[2.039s] INFO:colcon.colcon_core.package_discovery:Crawling recursively for packages in '/home/xc/桌面/roscar_nav'
[2.040s] Level 1:colcon.colcon_core.package_identification:_identify(.) by extensions ['ignore', 'ignore_ament_install']
[2.040s] Level 1:colcon.colcon_core.package_identification:_identify(.) by extension 'ignore'
[2.041s] Level 1:colcon.colcon_core.package_identification:_identify(.) by extension 'ignore_ament_install'
[2.041s] Level 1:colcon.colcon_core.package_identification:_identify(.) by extensions ['colcon_pkg']
[2.041s] Level 1:colcon.colcon_core.package_identification:_identify(.) by extension 'colcon_pkg'
[2.042s] Level 1:colcon.colcon_core.package_identification:_identify(.) by extensions ['colcon_meta']
[2.042s] Level 1:colcon.colcon_core.package_identification:_identify(.) by extension 'colcon_meta'
[2.042s] Level 1:colcon.colcon_core.package_identification:_identify(.) by extensions ['ros']
[2.042s] Level 1:colcon.colcon_core.package_identification:_identify(.) by extension 'ros'
[2.089s] Level 1:colcon.colcon_core.package_identification:_identify(.) by extensions ['cmake', 'python']
[2.090s] Level 1:colcon.colcon_core.package_identification:_identify(.) by extension 'cmake'
[2.090s] Level 1:colcon.colcon_core.package_identification:_identify(.) by extension 'python'
[2.090s] Level 1:colcon.colcon_core.package_identification:_identify(.) by extensions ['python_setup_py']
[2.091s] Level 1:colcon.colcon_core.package_identification:_identify(.) by extension 'python_setup_py'
[2.091s] Level 1:colcon.colcon_core.package_identification:_identify(build) by extensions ['ignore', 'ignore_ament_install']
[2.092s] Level 1:colcon.colcon_core.package_identification:_identify(build) by extension 'ignore'
[2.092s] Level 1:colcon.colcon_core.package_identification:_identify(build) ignored
[2.092s] Level 1:colcon.colcon_core.package_identification:_identify(install) by extensions ['ignore', 'ignore_ament_install']
[2.093s] Level 1:colcon.colcon_core.package_identification:_identify(install) by extension 'ignore'
[2.093s] Level 1:colcon.colcon_core.package_identification:_identify(install) ignored
[2.094s] Level 1:colcon.colcon_core.package_identification:_identify(log) by extensions ['ignore', 'ignore_ament_install']
[2.094s] Level 1:colcon.colcon_core.package_identification:_identify(log) by extension 'ignore'
[2.094s] Level 1:colcon.colcon_core.package_identification:_identify(log) ignored
[2.095s] Level 1:colcon.colcon_core.package_identification:_identify(src) by extensions ['ignore', 'ignore_ament_install']
[2.095s] Level 1:colcon.colcon_core.package_identification:_identify(src) by extension 'ignore'
[2.096s] Level 1:colcon.colcon_core.package_identification:_identify(src) by extension 'ignore_ament_install'
[2.096s] Level 1:colcon.colcon_core.package_identification:_identify(src) by extensions ['colcon_pkg']
[2.096s] Level 1:colcon.colcon_core.package_identification:_identify(src) by extension 'colcon_pkg'
[2.096s] Level 1:colcon.colcon_core.package_identification:_identify(src) by extensions ['colcon_meta']
[2.096s] Level 1:colcon.colcon_core.package_identification:_identify(src) by extension 'colcon_meta'
[2.097s] Level 1:colcon.colcon_core.package_identification:_identify(src) by extensions ['ros']
[2.097s] Level 1:colcon.colcon_core.package_identification:_identify(src) by extension 'ros'
[2.097s] Level 1:colcon.colcon_core.package_identification:_identify(src) by extensions ['cmake', 'python']
[2.097s] Level 1:colcon.colcon_core.package_identification:_identify(src) by extension 'cmake'
[2.098s] Level 1:colcon.colcon_core.package_identification:_identify(src) by extension 'python'
[2.098s] Level 1:colcon.colcon_core.package_identification:_identify(src) by extensions ['python_setup_py']
[2.098s] Level 1:colcon.colcon_core.package_identification:_identify(src) by extension 'python_setup_py'
[2.099s] Level 1:colcon.colcon_core.package_identification:_identify(src/build) by extensions ['ignore', 'ignore_ament_install']
[2.099s] Level 1:colcon.colcon_core.package_identification:_identify(src/build) by extension 'ignore'
[2.099s] Level 1:colcon.colcon_core.package_identification:_identify(src/build) ignored
[2.100s] Level 1:colcon.colcon_core.package_identification:_identify(src/install) by extensions ['ignore', 'ignore_ament_install']
[2.100s] Level 1:colcon.colcon_core.package_identification:_identify(src/install) by extension 'ignore'
[2.100s] Level 1:colcon.colcon_core.package_identification:_identify(src/install) ignored
[2.101s] Level 1:colcon.colcon_core.package_identification:_identify(src/lidar_pkg) by extensions ['ignore', 'ignore_ament_install']
[2.101s] Level 1:colcon.colcon_core.package_identification:_identify(src/lidar_pkg) by extension 'ignore'
[2.101s] Level 1:colcon.colcon_core.package_identification:_identify(src/lidar_pkg) by extension 'ignore_ament_install'
[2.102s] Level 1:colcon.colcon_core.package_identification:_identify(src/lidar_pkg) by extensions ['colcon_pkg']
[2.102s] Level 1:colcon.colcon_core.package_identification:_identify(src/lidar_pkg) by extension 'colcon_pkg'
[2.102s] Level 1:colcon.colcon_core.package_identification:_identify(src/lidar_pkg) by extensions ['colcon_meta']
[2.102s] Level 1:colcon.colcon_core.package_identification:_identify(src/lidar_pkg) by extension 'colcon_meta'
[2.103s] Level 1:colcon.colcon_core.package_identification:_identify(src/lidar_pkg) by extensions ['ros']
[2.103s] Level 1:colcon.colcon_core.package_identification:_identify(src/lidar_pkg) by extension 'ros'
[2.112s] DEBUG:colcon.colcon_core.package_identification:Package 'src/lidar_pkg' with type 'ros.ament_cmake' and name 'lidar_pkg'
[2.113s] Level 1:colcon.colcon_core.package_identification:_identify(src/log) by extensions ['ignore', 'ignore_ament_install']
[2.113s] Level 1:colcon.colcon_core.package_identification:_identify(src/log) by extension 'ignore'
[2.114s] Level 1:colcon.colcon_core.package_identification:_identify(src/log) ignored
[2.115s] Level 1:colcon.colcon_core.package_identification:_identify(src/slam_pkg) by extensions ['ignore', 'ignore_ament_install']
[2.115s] Level 1:colcon.colcon_core.package_identification:_identify(src/slam_pkg) by extension 'ignore'
[2.115s] Level 1:colcon.colcon_core.package_identification:_identify(src/slam_pkg) by extension 'ignore_ament_install'
[2.116s] Level 1:colcon.colcon_core.package_identification:_identify(src/slam_pkg) by extensions ['colcon_pkg']
[2.116s] Level 1:colcon.colcon_core.package_identification:_identify(src/slam_pkg) by extension 'colcon_pkg'
[2.116s] Level 1:colcon.colcon_core.package_identification:_identify(src/slam_pkg) by extensions ['colcon_meta']
[2.117s] Level 1:colcon.colcon_core.package_identification:_identify(src/slam_pkg) by extension 'colcon_meta'
[2.117s] Level 1:colcon.colcon_core.package_identification:_identify(src/slam_pkg) by extensions ['ros']
[2.117s] Level 1:colcon.colcon_core.package_identification:_identify(src/slam_pkg) by extension 'ros'
[2.119s] DEBUG:colcon.colcon_core.package_identification:Package 'src/slam_pkg' with type 'ros.ament_cmake' and name 'slam_pkg'
[2.120s] Level 1:colcon.colcon_core.package_identification:_identify(src/xcar_bringup) by extensions ['ignore', 'ignore_ament_install']
[2.120s] Level 1:colcon.colcon_core.package_identification:_identify(src/xcar_bringup) by extension 'ignore'
[2.120s] Level 1:colcon.colcon_core.package_identification:_identify(src/xcar_bringup) by extension 'ignore_ament_install'
[2.121s] Level 1:colcon.colcon_core.package_identification:_identify(src/xcar_bringup) by extensions ['colcon_pkg']
[2.121s] Level 1:colcon.colcon_core.package_identification:_identify(src/xcar_bringup) by extension 'colcon_pkg'
[2.121s] Level 1:colcon.colcon_core.package_identification:_identify(src/xcar_bringup) by extensions ['colcon_meta']
[2.121s] Level 1:colcon.colcon_core.package_identification:_identify(src/xcar_bringup) by extension 'colcon_meta'
[2.122s] Level 1:colcon.colcon_core.package_identification:_identify(src/xcar_bringup) by extensions ['ros']
[2.122s] Level 1:colcon.colcon_core.package_identification:_identify(src/xcar_bringup) by extension 'ros'
[2.125s] DEBUG:colcon.colcon_core.package_identification:Package 'src/xcar_bringup' with type 'ros.ament_cmake' and name 'xcar_bringup'
[2.126s] Level 1:colcon.colcon_core.package_identification:_identify(src/xcar_description) by extensions ['ignore', 'ignore_ament_install']
[2.126s] Level 1:colcon.colcon_core.package_identification:_identify(src/xcar_description) by extension 'ignore'
[2.127s] Level 1:colcon.colcon_core.package_identification:_identify(src/xcar_description) by extension 'ignore_ament_install'
[2.127s] Level 1:colcon.colcon_core.package_identification:_identify(src/xcar_description) by extensions ['colcon_pkg']
[2.127s] Level 1:colcon.colcon_core.package_identification:_identify(src/xcar_description) by extension 'colcon_pkg'
[2.127s] Level 1:colcon.colcon_core.package_identification:_identify(src/xcar_description) by extensions ['colcon_meta']
[2.128s] Level 1:colcon.colcon_core.package_identification:_identify(src/xcar_description) by extension 'colcon_meta'
[2.128s] Level 1:colcon.colcon_core.package_identification:_identify(src/xcar_description) by extensions ['ros']
[2.128s] Level 1:colcon.colcon_core.package_identification:_identify(src/xcar_description) by extension 'ros'
[2.130s] DEBUG:colcon.colcon_core.package_identification:Package 'src/xcar_description' with type 'ros.ament_cmake' and name 'xcar_description'
[2.131s] Level 1:colcon.colcon_core.package_discovery:discover_packages(recursive) using defaults
[2.131s] Level 1:colcon.colcon_core.package_discovery:discover_packages(ignore) discover
[2.131s] Level 1:colcon.colcon_core.package_discovery:discover_packages(ignore) using defaults
[2.131s] Level 1:colcon.colcon_core.package_discovery:discover_packages(path) discover
[2.131s] Level 1:colcon.colcon_core.package_discovery:discover_packages(path) using defaults
[2.248s] INFO:colcon.colcon_core.package_selection:Skipping not selected package 'lidar_pkg' in 'src/lidar_pkg'
[2.248s] INFO:colcon.colcon_core.package_selection:Skipping not selected package 'slam_pkg' in 'src/slam_pkg'
[2.250s] Level 1:colcon.colcon_core.package_discovery:discover_packages(prefix_path) check parameters
[2.250s] Level 1:colcon.colcon_core.package_discovery:discover_packages(prefix_path) discover
[2.255s] WARNING:colcon.colcon_ros.prefix_path.ament:The path '/home/xc/桌面/roscar_nav/install/fishbot_description' in the environment variable AMENT_PREFIX_PATH doesn't exist
[2.256s] WARNING:colcon.colcon_ros.prefix_path.ament:The path '/home/xc/桌面/roscar_nav/install/fishbot_bringup' in the environment variable AMENT_PREFIX_PATH doesn't exist
[2.257s] WARNING:colcon.colcon_ros.prefix_path.catkin:The path '/home/xc/桌面/roscar_nav/install/fishbot_description' in the environment variable CMAKE_PREFIX_PATH doesn't exist
[2.257s] WARNING:colcon.colcon_ros.prefix_path.catkin:The path '/home/xc/桌面/roscar_nav/install/fishbot_bringup' in the environment variable CMAKE_PREFIX_PATH doesn't exist
[2.261s] DEBUG:colcon.colcon_installed_package_information.package_discovery:Found 2 installed packages in /home/xc/桌面/roscar_nav/install
[2.271s] DEBUG:colcon.colcon_installed_package_information.package_discovery:Found 281 installed packages in /opt/ros/humble
[2.278s] Level 1:colcon.colcon_core.package_discovery:discover_packages(prefix_path) using defaults
[2.477s] Level 5:colcon.colcon_core.verb:set package 'xcar_bringup' build argument 'cmake_args' from command line to 'None'
[2.477s] Level 5:colcon.colcon_core.verb:set package 'xcar_bringup' build argument 'cmake_target' from command line to 'None'
[2.478s] Level 5:colcon.colcon_core.verb:set package 'xcar_bringup' build argument 'cmake_target_skip_unavailable' from command line to 'False'
[2.478s] Level 5:colcon.colcon_core.verb:set package 'xcar_bringup' build argument 'cmake_clean_cache' from command line to 'False'
[2.478s] Level 5:colcon.colcon_core.verb:set package 'xcar_bringup' build argument 'cmake_clean_first' from command line to 'False'
[2.478s] Level 5:colcon.colcon_core.verb:set package 'xcar_bringup' build argument 'cmake_force_configure' from command line to 'False'
[2.478s] Level 5:colcon.colcon_core.verb:set package 'xcar_bringup' build argument 'ament_cmake_args' from command line to 'None'
[2.478s] Level 5:colcon.colcon_core.verb:set package 'xcar_bringup' build argument 'catkin_cmake_args' from command line to 'None'
[2.479s] Level 5:colcon.colcon_core.verb:set package 'xcar_bringup' build argument 'catkin_skip_building_tests' from command line to 'False'
[2.479s] DEBUG:colcon.colcon_core.verb:Building package 'xcar_bringup' with the following arguments: {'ament_cmake_args': None, 'build_base': '/home/xc/桌面/roscar_nav/build/xcar_bringup', 'catkin_cmake_args': None, 'catkin_skip_building_tests': False, 'cmake_args': None, 'cmake_clean_cache': False, 'cmake_clean_first': False, 'cmake_force_configure': False, 'cmake_target': None, 'cmake_target_skip_unavailable': False, 'install_base': '/home/xc/桌面/roscar_nav/install/xcar_bringup', 'merge_install': False, 'path': '/home/xc/桌面/roscar_nav/src/xcar_bringup', 'symlink_install': False, 'test_result_base': None}
[2.481s] Level 5:colcon.colcon_core.verb:set package 'xcar_description' build argument 'cmake_args' from command line to 'None'
[2.481s] Level 5:colcon.colcon_core.verb:set package 'xcar_description' build argument 'cmake_target' from command line to 'None'
[2.481s] Level 5:colcon.colcon_core.verb:set package 'xcar_description' build argument 'cmake_target_skip_unavailable' from command line to 'False'
[2.482s] Level 5:colcon.colcon_core.verb:set package 'xcar_description' build argument 'cmake_clean_cache' from command line to 'False'
[2.482s] Level 5:colcon.colcon_core.verb:set package 'xcar_description' build argument 'cmake_clean_first' from command line to 'False'
[2.482s] Level 5:colcon.colcon_core.verb:set package 'xcar_description' build argument 'cmake_force_configure' from command line to 'False'
[2.482s] Level 5:colcon.colcon_core.verb:set package 'xcar_description' build argument 'ament_cmake_args' from command line to 'None'
[2.483s] Level 5:colcon.colcon_core.verb:set package 'xcar_description' build argument 'catkin_cmake_args' from command line to 'None'
[2.483s] Level 5:colcon.colcon_core.verb:set package 'xcar_description' build argument 'catkin_skip_building_tests' from command line to 'False'
[2.483s] DEBUG:colcon.colcon_core.verb:Building package 'xcar_description' with the following arguments: {'ament_cmake_args': None, 'build_base': '/home/xc/桌面/roscar_nav/build/xcar_description', 'catkin_cmake_args': None, 'catkin_skip_building_tests': False, 'cmake_args': None, 'cmake_clean_cache': False, 'cmake_clean_first': False, 'cmake_force_configure': False, 'cmake_target': None, 'cmake_target_skip_unavailable': False, 'install_base': '/home/xc/桌面/roscar_nav/install/xcar_description', 'merge_install': False, 'path': '/home/xc/桌面/roscar_nav/src/xcar_description', 'symlink_install': False, 'test_result_base': None}
[2.484s] INFO:colcon.colcon_core.executor:Executing jobs using 'parallel' executor
[2.487s] DEBUG:colcon.colcon_parallel_executor.executor.parallel:run_until_complete
[2.489s] INFO:colcon.colcon_ros.task.ament_cmake.build:Building ROS package in '/home/xc/桌面/roscar_nav/src/xcar_bringup' with build type 'ament_cmake'
[2.489s] INFO:colcon.colcon_cmake.task.cmake.build:Building CMake package in '/home/xc/桌面/roscar_nav/src/xcar_bringup'
[2.500s] INFO:colcon.colcon_core.plugin_system:Skipping extension 'colcon_core.shell.bat': Not used on non-Windows systems
[2.500s] INFO:colcon.colcon_core.shell:Skip shell extension 'powershell' for command environment: Not usable outside of PowerShell
[2.501s] DEBUG:colcon.colcon_core.shell:Skip shell extension 'dsv' for command environment
[2.522s] INFO:colcon.colcon_ros.task.ament_cmake.build:Building ROS package in '/home/xc/桌面/roscar_nav/src/xcar_description' with build type 'ament_cmake'
[2.522s] INFO:colcon.colcon_cmake.task.cmake.build:Building CMake package in '/home/xc/桌面/roscar_nav/src/xcar_description'
[2.524s] INFO:colcon.colcon_core.shell:Skip shell extension 'powershell' for command environment: Not usable outside of PowerShell
[2.524s] DEBUG:colcon.colcon_core.shell:Skip shell extension 'dsv' for command environment
[2.556s] DEBUG:colcon.colcon_core.event_handler.log_command:Invoking command in '/home/xc/桌面/roscar_nav/build/xcar_bringup': CMAKE_PREFIX_PATH=${CMAKE_PREFIX_PATH}:/opt/ros/humble /usr/bin/cmake /home/xc/桌面/roscar_nav/src/xcar_bringup -DCMAKE_INSTALL_PREFIX=/home/xc/桌面/roscar_nav/install/xcar_bringup
[2.587s] DEBUG:colcon.colcon_core.event_handler.log_command:Invoking command in '/home/xc/桌面/roscar_nav/build/xcar_description': CMAKE_PREFIX_PATH=${CMAKE_PREFIX_PATH}:/opt/ros/humble /usr/bin/cmake /home/xc/桌面/roscar_nav/src/xcar_description -DCMAKE_INSTALL_PREFIX=/home/xc/桌面/roscar_nav/install/xcar_description
[7.345s] DEBUG:colcon.colcon_core.event_handler.log_command:Invoked command in '/home/xc/桌面/roscar_nav/build/xcar_description' returned '0': CMAKE_PREFIX_PATH=${CMAKE_PREFIX_PATH}:/opt/ros/humble /usr/bin/cmake /home/xc/桌面/roscar_nav/src/xcar_description -DCMAKE_INSTALL_PREFIX=/home/xc/桌面/roscar_nav/install/xcar_description
[7.358s] DEBUG:colcon.colcon_core.event_handler.log_command:Invoking command in '/home/xc/桌面/roscar_nav/build/xcar_description': CMAKE_PREFIX_PATH=${CMAKE_PREFIX_PATH}:/opt/ros/humble /usr/bin/cmake --build /home/xc/桌面/roscar_nav/build/xcar_description -- -j4 -l4
[7.588s] DEBUG:colcon.colcon_core.event_handler.log_command:Invoked command in '/home/xc/桌面/roscar_nav/build/xcar_description' returned '0': CMAKE_PREFIX_PATH=${CMAKE_PREFIX_PATH}:/opt/ros/humble /usr/bin/cmake --build /home/xc/桌面/roscar_nav/build/xcar_description -- -j4 -l4
[7.669s] DEBUG:colcon.colcon_core.event_handler.log_command:Invoking command in '/home/xc/桌面/roscar_nav/build/xcar_description': CMAKE_PREFIX_PATH=${CMAKE_PREFIX_PATH}:/opt/ros/humble /usr/bin/cmake --install /home/xc/桌面/roscar_nav/build/xcar_description
[7.736s] Level 1:colcon.colcon_core.environment:create_environment_scripts_only(xcar_description)
[7.748s] DEBUG:colcon.colcon_core.event_handler.log_command:Invoked command in '/home/xc/桌面/roscar_nav/build/xcar_description' returned '0': CMAKE_PREFIX_PATH=${CMAKE_PREFIX_PATH}:/opt/ros/humble /usr/bin/cmake --install /home/xc/桌面/roscar_nav/build/xcar_description
[7.753s] Level 1:colcon.colcon_core.environment:checking '/home/xc/桌面/roscar_nav/install/xcar_description' for CMake module files
[7.756s] Level 1:colcon.colcon_core.environment:checking '/home/xc/桌面/roscar_nav/install/xcar_description' for CMake config files
[7.759s] Level 1:colcon.colcon_core.shell:create_environment_hook('xcar_description', 'cmake_prefix_path')
[7.760s] INFO:colcon.colcon_core.shell:Creating environment hook '/home/xc/桌面/roscar_nav/install/xcar_description/share/xcar_description/hook/cmake_prefix_path.ps1'
[7.764s] INFO:colcon.colcon_core.shell:Creating environment descriptor '/home/xc/桌面/roscar_nav/install/xcar_description/share/xcar_description/hook/cmake_prefix_path.dsv'
[7.766s] INFO:colcon.colcon_core.shell:Creating environment hook '/home/xc/桌面/roscar_nav/install/xcar_description/share/xcar_description/hook/cmake_prefix_path.sh'
[7.773s] Level 1:colcon.colcon_core.environment:checking '/home/xc/桌面/roscar_nav/install/xcar_description/bin'
[7.774s] Level 1:colcon.colcon_core.environment:checking '/home/xc/桌面/roscar_nav/install/xcar_description/lib/pkgconfig/xcar_description.pc'
[7.775s] Level 1:colcon.colcon_core.environment:checking '/home/xc/桌面/roscar_nav/install/xcar_description/lib/python3.10/site-packages'
[7.781s] Level 1:colcon.colcon_core.environment:checking '/home/xc/桌面/roscar_nav/install/xcar_description/bin'
[7.783s] INFO:colcon.colcon_core.shell:Creating package script '/home/xc/桌面/roscar_nav/install/xcar_description/share/xcar_description/package.ps1'
[7.787s] INFO:colcon.colcon_core.shell:Creating package descriptor '/home/xc/桌面/roscar_nav/install/xcar_description/share/xcar_description/package.dsv'
[7.790s] INFO:colcon.colcon_core.shell:Creating package script '/home/xc/桌面/roscar_nav/install/xcar_description/share/xcar_description/package.sh'
[7.794s] INFO:colcon.colcon_core.shell:Creating package script '/home/xc/桌面/roscar_nav/install/xcar_description/share/xcar_description/package.bash'
[7.798s] INFO:colcon.colcon_core.shell:Creating package script '/home/xc/桌面/roscar_nav/install/xcar_description/share/xcar_description/package.zsh'
[7.802s] Level 1:colcon.colcon_core.environment:create_file_with_runtime_dependencies(/home/xc/桌面/roscar_nav/install/xcar_description/share/colcon-core/packages/xcar_description)
[7.805s] Level 1:colcon.colcon_core.environment:create_environment_scripts_only(xcar_description)
[7.806s] Level 1:colcon.colcon_core.environment:checking '/home/xc/桌面/roscar_nav/install/xcar_description' for CMake module files
[7.809s] Level 1:colcon.colcon_core.environment:checking '/home/xc/桌面/roscar_nav/install/xcar_description' for CMake config files
[7.812s] Level 1:colcon.colcon_core.shell:create_environment_hook('xcar_description', 'cmake_prefix_path')
[7.814s] INFO:colcon.colcon_core.shell:Creating environment hook '/home/xc/桌面/roscar_nav/install/xcar_description/share/xcar_description/hook/cmake_prefix_path.ps1'
[7.816s] INFO:colcon.colcon_core.shell:Creating environment descriptor '/home/xc/桌面/roscar_nav/install/xcar_description/share/xcar_description/hook/cmake_prefix_path.dsv'
[7.820s] INFO:colcon.colcon_core.shell:Creating environment hook '/home/xc/桌面/roscar_nav/install/xcar_description/share/xcar_description/hook/cmake_prefix_path.sh'
[7.827s] Level 1:colcon.colcon_core.environment:checking '/home/xc/桌面/roscar_nav/install/xcar_description/bin'
[7.828s] Level 1:colcon.colcon_core.environment:checking '/home/xc/桌面/roscar_nav/install/xcar_description/lib/pkgconfig/xcar_description.pc'
[7.829s] Level 1:colcon.colcon_core.environment:checking '/home/xc/桌面/roscar_nav/install/xcar_description/lib/python3.10/site-packages'
[7.832s] Level 1:colcon.colcon_core.environment:checking '/home/xc/桌面/roscar_nav/install/xcar_description/bin'
[7.834s] INFO:colcon.colcon_core.shell:Creating package script '/home/xc/桌面/roscar_nav/install/xcar_description/share/xcar_description/package.ps1'
[7.839s] INFO:colcon.colcon_core.shell:Creating package descriptor '/home/xc/桌面/roscar_nav/install/xcar_description/share/xcar_description/package.dsv'
[7.847s] INFO:colcon.colcon_core.shell:Creating package script '/home/xc/桌面/roscar_nav/install/xcar_description/share/xcar_description/package.sh'
[7.849s] INFO:colcon.colcon_core.shell:Creating package script '/home/xc/桌面/roscar_nav/install/xcar_description/share/xcar_description/package.bash'
[7.853s] INFO:colcon.colcon_core.shell:Creating package script '/home/xc/桌面/roscar_nav/install/xcar_description/share/xcar_description/package.zsh'
[7.860s] Level 1:colcon.colcon_core.environment:create_file_with_runtime_dependencies(/home/xc/桌面/roscar_nav/install/xcar_description/share/colcon-core/packages/xcar_description)
[17.564s] DEBUG:colcon.colcon_core.event_handler.log_command:Invoked command in '/home/xc/桌面/roscar_nav/build/xcar_bringup' returned '0': CMAKE_PREFIX_PATH=${CMAKE_PREFIX_PATH}:/opt/ros/humble /usr/bin/cmake /home/xc/桌面/roscar_nav/src/xcar_bringup -DCMAKE_INSTALL_PREFIX=/home/xc/桌面/roscar_nav/install/xcar_bringup
[17.575s] DEBUG:colcon.colcon_core.event_handler.log_command:Invoking command in '/home/xc/桌面/roscar_nav/build/xcar_bringup': CMAKE_PREFIX_PATH=${CMAKE_PREFIX_PATH}:/opt/ros/humble /usr/bin/cmake --build /home/xc/桌面/roscar_nav/build/xcar_bringup -- -j4 -l4
[67.137s] DEBUG:colcon.colcon_core.event_handler.log_command:Invoked command in '/home/xc/桌面/roscar_nav/build/xcar_bringup' returned '0': CMAKE_PREFIX_PATH=${CMAKE_PREFIX_PATH}:/opt/ros/humble /usr/bin/cmake --build /home/xc/桌面/roscar_nav/build/xcar_bringup -- -j4 -l4
[67.141s] DEBUG:colcon.colcon_core.event_handler.log_command:Invoking command in '/home/xc/桌面/roscar_nav/build/xcar_bringup': CMAKE_PREFIX_PATH=${CMAKE_PREFIX_PATH}:/opt/ros/humble /usr/bin/cmake --install /home/xc/桌面/roscar_nav/build/xcar_bringup
[67.278s] Level 1:colcon.colcon_core.environment:create_environment_scripts_only(xcar_bringup)
[67.279s] Level 1:colcon.colcon_core.environment:checking '/home/xc/桌面/roscar_nav/install/xcar_bringup' for CMake module files
[67.283s] DEBUG:colcon.colcon_core.event_handler.log_command:Invoked command in '/home/xc/桌面/roscar_nav/build/xcar_bringup' returned '0': CMAKE_PREFIX_PATH=${CMAKE_PREFIX_PATH}:/opt/ros/humble /usr/bin/cmake --install /home/xc/桌面/roscar_nav/build/xcar_bringup
[67.286s] Level 1:colcon.colcon_core.environment:checking '/home/xc/桌面/roscar_nav/install/xcar_bringup' for CMake config files
[67.288s] Level 1:colcon.colcon_core.shell:create_environment_hook('xcar_bringup', 'cmake_prefix_path')
[67.289s] INFO:colcon.colcon_core.shell:Creating environment hook '/home/xc/桌面/roscar_nav/install/xcar_bringup/share/xcar_bringup/hook/cmake_prefix_path.ps1'
[67.292s] INFO:colcon.colcon_core.shell:Creating environment descriptor '/home/xc/桌面/roscar_nav/install/xcar_bringup/share/xcar_bringup/hook/cmake_prefix_path.dsv'
[67.294s] INFO:colcon.colcon_core.shell:Creating environment hook '/home/xc/桌面/roscar_nav/install/xcar_bringup/share/xcar_bringup/hook/cmake_prefix_path.sh'
[67.298s] Level 1:colcon.colcon_core.environment:checking '/home/xc/桌面/roscar_nav/install/xcar_bringup/lib'
[67.299s] Level 1:colcon.colcon_core.environment:checking '/home/xc/桌面/roscar_nav/install/xcar_bringup/bin'
[67.300s] Level 1:colcon.colcon_core.environment:checking '/home/xc/桌面/roscar_nav/install/xcar_bringup/lib/pkgconfig/xcar_bringup.pc'
[67.302s] Level 1:colcon.colcon_core.environment:checking '/home/xc/桌面/roscar_nav/install/xcar_bringup/lib/python3.10/site-packages'
[67.304s] Level 1:colcon.colcon_core.environment:checking '/home/xc/桌面/roscar_nav/install/xcar_bringup/bin'
[67.306s] INFO:colcon.colcon_core.shell:Creating package script '/home/xc/桌面/roscar_nav/install/xcar_bringup/share/xcar_bringup/package.ps1'
[67.309s] INFO:colcon.colcon_core.shell:Creating package descriptor '/home/xc/桌面/roscar_nav/install/xcar_bringup/share/xcar_bringup/package.dsv'
[67.312s] INFO:colcon.colcon_core.shell:Creating package script '/home/xc/桌面/roscar_nav/install/xcar_bringup/share/xcar_bringup/package.sh'
[67.315s] INFO:colcon.colcon_core.shell:Creating package script '/home/xc/桌面/roscar_nav/install/xcar_bringup/share/xcar_bringup/package.bash'
[67.317s] INFO:colcon.colcon_core.shell:Creating package script '/home/xc/桌面/roscar_nav/install/xcar_bringup/share/xcar_bringup/package.zsh'
[67.319s] Level 1:colcon.colcon_core.environment:create_file_with_runtime_dependencies(/home/xc/桌面/roscar_nav/install/xcar_bringup/share/colcon-core/packages/xcar_bringup)
[67.322s] Level 1:colcon.colcon_core.environment:create_environment_scripts_only(xcar_bringup)
[67.323s] Level 1:colcon.colcon_core.environment:checking '/home/xc/桌面/roscar_nav/install/xcar_bringup' for CMake module files
[67.327s] Level 1:colcon.colcon_core.environment:checking '/home/xc/桌面/roscar_nav/install/xcar_bringup' for CMake config files
[67.329s] Level 1:colcon.colcon_core.shell:create_environment_hook('xcar_bringup', 'cmake_prefix_path')
[67.330s] INFO:colcon.colcon_core.shell:Creating environment hook '/home/xc/桌面/roscar_nav/install/xcar_bringup/share/xcar_bringup/hook/cmake_prefix_path.ps1'
[67.333s] INFO:colcon.colcon_core.shell:Creating environment descriptor '/home/xc/桌面/roscar_nav/install/xcar_bringup/share/xcar_bringup/hook/cmake_prefix_path.dsv'
[67.335s] INFO:colcon.colcon_core.shell:Creating environment hook '/home/xc/桌面/roscar_nav/install/xcar_bringup/share/xcar_bringup/hook/cmake_prefix_path.sh'
[67.339s] Level 1:colcon.colcon_core.environment:checking '/home/xc/桌面/roscar_nav/install/xcar_bringup/lib'
[67.340s] Level 1:colcon.colcon_core.environment:checking '/home/xc/桌面/roscar_nav/install/xcar_bringup/bin'
[67.341s] Level 1:colcon.colcon_core.environment:checking '/home/xc/桌面/roscar_nav/install/xcar_bringup/lib/pkgconfig/xcar_bringup.pc'
[67.342s] Level 1:colcon.colcon_core.environment:checking '/home/xc/桌面/roscar_nav/install/xcar_bringup/lib/python3.10/site-packages'
[67.344s] Level 1:colcon.colcon_core.environment:checking '/home/xc/桌面/roscar_nav/install/xcar_bringup/bin'
[67.346s] INFO:colcon.colcon_core.shell:Creating package script '/home/xc/桌面/roscar_nav/install/xcar_bringup/share/xcar_bringup/package.ps1'
[67.349s] INFO:colcon.colcon_core.shell:Creating package descriptor '/home/xc/桌面/roscar_nav/install/xcar_bringup/share/xcar_bringup/package.dsv'
[67.406s] INFO:colcon.colcon_core.shell:Creating package script '/home/xc/桌面/roscar_nav/install/xcar_bringup/share/xcar_bringup/package.sh'
[67.410s] INFO:colcon.colcon_core.shell:Creating package script '/home/xc/桌面/roscar_nav/install/xcar_bringup/share/xcar_bringup/package.bash'
[67.417s] INFO:colcon.colcon_core.shell:Creating package script '/home/xc/桌面/roscar_nav/install/xcar_bringup/share/xcar_bringup/package.zsh'
[67.425s] Level 1:colcon.colcon_core.environment:create_file_with_runtime_dependencies(/home/xc/桌面/roscar_nav/install/xcar_bringup/share/colcon-core/packages/xcar_bringup)
[67.427s] DEBUG:colcon.colcon_parallel_executor.executor.parallel:closing loop
[67.429s] DEBUG:colcon.colcon_parallel_executor.executor.parallel:loop closed
[67.443s] DEBUG:colcon.colcon_parallel_executor.executor.parallel:run_until_complete finished with '0'
[67.443s] DEBUG:colcon.colcon_core.event_reactor:joining thread
[67.475s] INFO:colcon.colcon_core.plugin_system:Skipping extension 'colcon_notification.desktop_notification.terminal_notifier': Not used on non-Darwin systems
[67.506s] INFO:colcon.colcon_core.plugin_system:Skipping extension 'colcon_notification.desktop_notification.win32': Not used on non-Windows systems
[67.507s] INFO:colcon.colcon_notification.desktop_notification:Sending desktop notification using 'notify2'
[67.565s] DEBUG:colcon.colcon_core.event_reactor:joined thread
[67.567s] INFO:colcon.colcon_core.shell:Creating prefix script '/home/xc/桌面/roscar_nav/install/local_setup.ps1'
[67.576s] INFO:colcon.colcon_core.shell:Creating prefix util module '/home/xc/桌面/roscar_nav/install/_local_setup_util_ps1.py'
[67.630s] INFO:colcon.colcon_core.shell:Creating prefix chain script '/home/xc/桌面/roscar_nav/install/setup.ps1'
[67.660s] INFO:colcon.colcon_core.shell:Creating prefix script '/home/xc/桌面/roscar_nav/install/local_setup.sh'
[67.673s] INFO:colcon.colcon_core.shell:Creating prefix util module '/home/xc/桌面/roscar_nav/install/_local_setup_util_sh.py'
[67.679s] INFO:colcon.colcon_core.shell:Creating prefix chain script '/home/xc/桌面/roscar_nav/install/setup.sh'
[67.738s] INFO:colcon.colcon_core.shell:Creating prefix script '/home/xc/桌面/roscar_nav/install/local_setup.bash'
[67.745s] INFO:colcon.colcon_core.shell:Creating prefix chain script '/home/xc/桌面/roscar_nav/install/setup.bash'
[67.797s] INFO:colcon.colcon_core.shell:Creating prefix script '/home/xc/桌面/roscar_nav/install/local_setup.zsh'
[67.801s] INFO:colcon.colcon_core.shell:Creating prefix chain script '/home/xc/桌面/roscar_nav/install/setup.zsh'
