[0.087s] Invoking command in '/home/xc/桌面/roscar_nav/build/lidar_pkg': CMAKE_PREFIX_PATH=/opt/ros/humble /usr/bin/cmake /home/xc/桌面/roscar_nav/src/lidar_pkg_ros2-main -DCMAKE_INSTALL_PREFIX=/home/xc/桌面/roscar_nav/install/lidar_pkg
[1.563s] -- The C compiler identification is GNU 11.4.0
[2.322s] -- The CXX compiler identification is GNU 11.4.0
[2.395s] -- Detecting C compiler ABI info
[3.110s] -- Detecting C compiler ABI info - done
[3.142s] -- Check for working C compiler: /usr/bin/cc - skipped
[3.143s] -- Detecting C compile features
[3.154s] -- Detecting C compile features - done
[3.180s] -- Detecting CXX compiler ABI info
[3.866s] -- Detecting CXX compiler ABI info - done
[3.892s] -- Check for working CXX compiler: /usr/bin/c++ - skipped
[3.893s] -- Detecting CXX compile features
[3.894s] -- Detecting CXX compile features - done
[4.025s] -- Found ament_cmake: 1.3.12 (/opt/ros/humble/share/ament_cmake/cmake)
[5.506s] -- Found Python3: /usr/bin/python3 (found version "3.10.12") found components: Interpreter 
[6.695s] -- Found rclcpp: 16.0.15 (/opt/ros/humble/share/rclcpp/cmake)
[7.614s] -- Found rosidl_generator_c: 3.1.7 (/opt/ros/humble/share/rosidl_generator_c/cmake)
[7.711s] -- Found rosidl_adapter: 3.1.7 (/opt/ros/humble/share/rosidl_adapter/cmake)
[7.883s] -- Found rosidl_generator_cpp: 3.1.7 (/opt/ros/humble/share/rosidl_generator_cpp/cmake)
[8.206s] -- Using all available rosidl_typesupport_c: rosidl_typesupport_fastrtps_c;rosidl_typesupport_introspection_c
[8.368s] -- Using all available rosidl_typesupport_cpp: rosidl_typesupport_fastrtps_cpp;rosidl_typesupport_introspection_cpp
[9.875s] -- Found rmw_implementation_cmake: 6.1.2 (/opt/ros/humble/share/rmw_implementation_cmake/cmake)
[9.906s] -- Found rmw_fastrtps_cpp: 6.2.9 (/opt/ros/humble/share/rmw_fastrtps_cpp/cmake)
[10.732s] -- Found OpenSSL: /usr/lib/aarch64-linux-gnu/libcrypto.so (found version "3.0.2")  
[11.013s] -- Found FastRTPS: /opt/ros/humble/include  
[11.452s] -- Using RMW implementation 'rmw_fastrtps_cpp' as default
[11.588s] -- Looking for pthread.h
[12.011s] -- Looking for pthread.h - found
[12.014s] -- Performing Test CMAKE_HAVE_LIBC_PTHREAD
[12.549s] -- Performing Test CMAKE_HAVE_LIBC_PTHREAD - Success
[12.557s] -- Found Threads: TRUE  
[14.140s] -- Found sensor_msgs: 4.9.0 (/opt/ros/humble/share/sensor_msgs/cmake)
[14.968s] -- Found OpenCV: /usr (found version "4.5.4") 
[14.986s] -- Found ament_lint_auto: 0.12.14 (/opt/ros/humble/share/ament_lint_auto/cmake)
[15.431s] -- Added test 'cppcheck' to perform static code analysis on C / C++ code
[15.431s] -- Configured cppcheck include dirs: 
[15.432s] -- Configured cppcheck exclude dirs and/or files: 
[15.435s] -- Added test 'flake8' to check Python code syntax and style conventions
[15.440s] -- Added test 'lint_cmake' to check CMake code style
[15.455s] -- Added test 'pep257' to check Python code against some of the docstring style conventions in PEP 257
[15.460s] -- Added test 'uncrustify' to check C / C++ code style
[15.461s] -- Configured uncrustify additional arguments: 
[15.465s] -- Added test 'xmllint' to check XML markup files
[15.472s] -- Configuring done
[15.566s] -- Generating done
[15.595s] -- Build files have been written to: /home/xc/桌面/roscar_nav/build/lidar_pkg
[15.653s] Invoked command in '/home/xc/桌面/roscar_nav/build/lidar_pkg' returned '0': CMAKE_PREFIX_PATH=/opt/ros/humble /usr/bin/cmake /home/xc/桌面/roscar_nav/src/lidar_pkg_ros2-main -DCMAKE_INSTALL_PREFIX=/home/xc/桌面/roscar_nav/install/lidar_pkg
[15.668s] Invoking command in '/home/xc/桌面/roscar_nav/build/lidar_pkg': CMAKE_PREFIX_PATH=/opt/ros/humble /usr/bin/cmake --build /home/xc/桌面/roscar_nav/build/lidar_pkg -- -j4 -l4
[15.895s] [ 50%] [32mBuilding CXX object CMakeFiles/lidar_node.dir/src/lidar_node.cpp.o[0m
[36.237s] [01m[K/home/xc/桌面/roscar_nav/src/lidar_pkg_ros2-main/src/lidar_node.cpp:[m[K In constructor ‘[01m[KLidarNode::LidarNode()[m[K’:
[36.239s] [01m[K/home/xc/桌面/roscar_nav/src/lidar_pkg_ros2-main/src/lidar_node.cpp:155:12:[m[K [01;35m[Kwarning: [m[K‘[01m[KLidarNode::last_point_angle_[m[K’ will be initialized after [[01;35m[K-Wreorder[m[K]
[36.240s]   155 |     double [01;35m[Klast_point_angle_[m[K;
[36.241s]       |            [01;35m[K^~~~~~~~~~~~~~~~~[m[K
[36.242s] [01m[K/home/xc/桌面/roscar_nav/src/lidar_pkg_ros2-main/src/lidar_node.cpp:130:9:[m[K [01;35m[Kwarning: [m[K  ‘[01m[Kint LidarNode::scan_count_[m[K’ [[01;35m[K-Wreorder[m[K]
[36.243s]   130 |     int [01;35m[Kscan_count_[m[K = 0;
[36.244s]       |         [01;35m[K^~~~~~~~~~~[m[K
[36.244s] [01m[K/home/xc/桌面/roscar_nav/src/lidar_pkg_ros2-main/src/lidar_node.cpp:34:5:[m[K [01;35m[Kwarning: [m[K  when initialized here [[01;35m[K-Wreorder[m[K]
[36.245s]    34 |     [01;35m[KLidarNode[m[K()
[36.246s]       |     [01;35m[K^~~~~~~~~[m[K
[36.320s] [01m[K/home/xc/桌面/roscar_nav/src/lidar_pkg_ros2-main/src/lidar_node.cpp:[m[K In member function ‘[01m[Kvoid LidarNode::publishScan()[m[K’:
[36.321s] [01m[K/home/xc/桌面/roscar_nav/src/lidar_pkg_ros2-main/src/lidar_node.cpp:444:20:[m[K [01;35m[Kwarning: [m[Kunused variable ‘[01m[Kraw_size[m[K’ [[01;35m[K-Wunused-variable[m[K]
[36.322s]   444 |             size_t [01;35m[Kraw_size[m[K = full_scan_buffer_.size();
[36.323s]       |                    [01;35m[K^~~~~~~~[m[K
[48.505s] [100%] [32m[1mLinking CXX executable lidar_node[0m
[51.806s] [100%] Built target lidar_node
[51.862s] Invoked command in '/home/xc/桌面/roscar_nav/build/lidar_pkg' returned '0': CMAKE_PREFIX_PATH=/opt/ros/humble /usr/bin/cmake --build /home/xc/桌面/roscar_nav/build/lidar_pkg -- -j4 -l4
[51.883s] Invoking command in '/home/xc/桌面/roscar_nav/build/lidar_pkg': CMAKE_PREFIX_PATH=/opt/ros/humble /usr/bin/cmake --install /home/xc/桌面/roscar_nav/build/lidar_pkg
[51.897s] -- Install configuration: ""
[51.898s] -- Installing: /home/xc/桌面/roscar_nav/install/lidar_pkg/lib/lidar_pkg/lidar_node
[51.910s] -- Set runtime path of "/home/xc/桌面/roscar_nav/install/lidar_pkg/lib/lidar_pkg/lidar_node" to ""
[51.911s] -- Installing: /home/xc/桌面/roscar_nav/install/lidar_pkg/share/lidar_pkg/launch
[51.912s] -- Installing: /home/xc/桌面/roscar_nav/install/lidar_pkg/share/lidar_pkg/launch/monitor.launch.py
[51.913s] -- Installing: /home/xc/桌面/roscar_nav/install/lidar_pkg/share/lidar_pkg/launch/lidar.launch.py
[51.914s] -- Installing: /home/xc/桌面/roscar_nav/install/lidar_pkg/share/lidar_pkg/urdf
[51.915s] -- Installing: /home/xc/桌面/roscar_nav/install/lidar_pkg/share/lidar_pkg/urdf/lidar.urdf
[51.916s] -- Installing: /home/xc/桌面/roscar_nav/install/lidar_pkg/share/lidar_pkg/rviz
[51.917s] -- Installing: /home/xc/桌面/roscar_nav/install/lidar_pkg/share/lidar_pkg/rviz/lidar.rviz
[51.918s] -- Installing: /home/xc/桌面/roscar_nav/install/lidar_pkg/share/lidar_pkg/config
[51.919s] -- Installing: /home/xc/桌面/roscar_nav/install/lidar_pkg/share/lidar_pkg/config/lidar_params.yaml
[51.922s] -- Installing: /home/xc/桌面/roscar_nav/install/lidar_pkg/share/ament_index/resource_index/package_run_dependencies/lidar_pkg
[51.924s] -- Installing: /home/xc/桌面/roscar_nav/install/lidar_pkg/share/ament_index/resource_index/parent_prefix_path/lidar_pkg
[51.926s] -- Installing: /home/xc/桌面/roscar_nav/install/lidar_pkg/share/lidar_pkg/environment/ament_prefix_path.sh
[51.928s] -- Installing: /home/xc/桌面/roscar_nav/install/lidar_pkg/share/lidar_pkg/environment/ament_prefix_path.dsv
[51.930s] -- Installing: /home/xc/桌面/roscar_nav/install/lidar_pkg/share/lidar_pkg/environment/path.sh
[51.931s] -- Installing: /home/xc/桌面/roscar_nav/install/lidar_pkg/share/lidar_pkg/environment/path.dsv
[51.933s] -- Installing: /home/xc/桌面/roscar_nav/install/lidar_pkg/share/lidar_pkg/local_setup.bash
[51.935s] -- Installing: /home/xc/桌面/roscar_nav/install/lidar_pkg/share/lidar_pkg/local_setup.sh
[51.936s] -- Installing: /home/xc/桌面/roscar_nav/install/lidar_pkg/share/lidar_pkg/local_setup.zsh
[51.938s] -- Installing: /home/xc/桌面/roscar_nav/install/lidar_pkg/share/lidar_pkg/local_setup.dsv
[51.940s] -- Installing: /home/xc/桌面/roscar_nav/install/lidar_pkg/share/lidar_pkg/package.dsv
[51.942s] -- Installing: /home/xc/桌面/roscar_nav/install/lidar_pkg/share/ament_index/resource_index/packages/lidar_pkg
[51.944s] -- Installing: /home/xc/桌面/roscar_nav/install/lidar_pkg/share/lidar_pkg/cmake/lidar_pkgConfig.cmake
[51.945s] -- Installing: /home/xc/桌面/roscar_nav/install/lidar_pkg/share/lidar_pkg/cmake/lidar_pkgConfig-version.cmake
[51.947s] -- Installing: /home/xc/桌面/roscar_nav/install/lidar_pkg/share/lidar_pkg/package.xml
[51.958s] Invoked command in '/home/xc/桌面/roscar_nav/build/lidar_pkg' returned '0': CMAKE_PREFIX_PATH=/opt/ros/humble /usr/bin/cmake --install /home/xc/桌面/roscar_nav/build/lidar_pkg
