[0.185s] Invoking command in '/home/xc/桌面/roscar_nav/build/lidar_pkg': CMAKE_PREFIX_PATH=${CMAKE_PREFIX_PATH}:/opt/ros/humble /usr/bin/cmake --build /home/xc/桌面/roscar_nav/build/lidar_pkg -- -j4 -l4
[0.668s] [100%] Built target lidar_node
[0.921s] Invoked command in '/home/xc/桌面/roscar_nav/build/lidar_pkg' returned '0': CMAKE_PREFIX_PATH=${CMAKE_PREFIX_PATH}:/opt/ros/humble /usr/bin/cmake --build /home/xc/桌面/roscar_nav/build/lidar_pkg -- -j4 -l4
[0.932s] Invoking command in '/home/xc/桌面/roscar_nav/build/lidar_pkg': CMAKE_PREFIX_PATH=${CMAKE_PREFIX_PATH}:/opt/ros/humble /usr/bin/cmake --install /home/xc/桌面/roscar_nav/build/lidar_pkg
[0.996s] -- Install configuration: ""
[0.998s] -- Up-to-date: /home/xc/桌面/roscar_nav/install/lidar_pkg/lib/lidar_pkg/lidar_node
[0.999s] -- Up-to-date: /home/xc/桌面/roscar_nav/install/lidar_pkg/share/lidar_pkg/launch
[1.001s] -- Up-to-date: /home/xc/桌面/roscar_nav/install/lidar_pkg/share/lidar_pkg/launch/monitor.launch.py
[1.002s] -- Up-to-date: /home/xc/桌面/roscar_nav/install/lidar_pkg/share/lidar_pkg/launch/lidar.launch.py
[1.003s] -- Up-to-date: /home/xc/桌面/roscar_nav/install/lidar_pkg/share/lidar_pkg/urdf
[1.003s] -- Up-to-date: /home/xc/桌面/roscar_nav/install/lidar_pkg/share/lidar_pkg/urdf/lidar.urdf
[1.004s] -- Up-to-date: /home/xc/桌面/roscar_nav/install/lidar_pkg/share/lidar_pkg/rviz
[1.005s] -- Up-to-date: /home/xc/桌面/roscar_nav/install/lidar_pkg/share/lidar_pkg/rviz/lidar.rviz
[1.006s] -- Up-to-date: /home/xc/桌面/roscar_nav/install/lidar_pkg/share/lidar_pkg/config
[1.007s] -- Up-to-date: /home/xc/桌面/roscar_nav/install/lidar_pkg/share/lidar_pkg/config/lidar_params.yaml
[1.008s] -- Up-to-date: /home/xc/桌面/roscar_nav/install/lidar_pkg/share/ament_index/resource_index/package_run_dependencies/lidar_pkg
[1.009s] -- Up-to-date: /home/xc/桌面/roscar_nav/install/lidar_pkg/share/ament_index/resource_index/parent_prefix_path/lidar_pkg
[1.011s] -- Up-to-date: /home/xc/桌面/roscar_nav/install/lidar_pkg/share/lidar_pkg/environment/ament_prefix_path.sh
[1.013s] -- Up-to-date: /home/xc/桌面/roscar_nav/install/lidar_pkg/share/lidar_pkg/environment/ament_prefix_path.dsv
[1.014s] -- Up-to-date: /home/xc/桌面/roscar_nav/install/lidar_pkg/share/lidar_pkg/environment/path.sh
[1.015s] -- Up-to-date: /home/xc/桌面/roscar_nav/install/lidar_pkg/share/lidar_pkg/environment/path.dsv
[1.017s] -- Up-to-date: /home/xc/桌面/roscar_nav/install/lidar_pkg/share/lidar_pkg/local_setup.bash
[1.019s] -- Up-to-date: /home/xc/桌面/roscar_nav/install/lidar_pkg/share/lidar_pkg/local_setup.sh
[1.020s] -- Up-to-date: /home/xc/桌面/roscar_nav/install/lidar_pkg/share/lidar_pkg/local_setup.zsh
[1.022s] -- Up-to-date: /home/xc/桌面/roscar_nav/install/lidar_pkg/share/lidar_pkg/local_setup.dsv
[1.024s] -- Installing: /home/xc/桌面/roscar_nav/install/lidar_pkg/share/lidar_pkg/package.dsv
[1.025s] -- Up-to-date: /home/xc/桌面/roscar_nav/install/lidar_pkg/share/ament_index/resource_index/packages/lidar_pkg
[1.026s] -- Up-to-date: /home/xc/桌面/roscar_nav/install/lidar_pkg/share/lidar_pkg/cmake/lidar_pkgConfig.cmake
[1.027s] -- Up-to-date: /home/xc/桌面/roscar_nav/install/lidar_pkg/share/lidar_pkg/cmake/lidar_pkgConfig-version.cmake
[1.029s] -- Up-to-date: /home/xc/桌面/roscar_nav/install/lidar_pkg/share/lidar_pkg/package.xml
[1.093s] Invoked command in '/home/xc/桌面/roscar_nav/build/lidar_pkg' returned '0': CMAKE_PREFIX_PATH=${CMAKE_PREFIX_PATH}:/opt/ros/humble /usr/bin/cmake --install /home/xc/桌面/roscar_nav/build/lidar_pkg
