[0.430s] DEBUG:colcon:Command line arguments: ['/usr/bin/colcon', 'build']
[0.431s] DEBUG:colcon:Parsed command line arguments: Namespace(log_base=None, log_level=None, verb_name='build', build_base='build', install_base='install', merge_install=False, symlink_install=False, test_result_base=None, continue_on_error=False, executor='parallel', parallel_workers=4, event_handlers=None, ignore_user_meta=False, metas=['./colcon.meta'], base_paths=['.'], packages_ignore=None, packages_ignore_regex=None, paths=None, packages_up_to=None, packages_up_to_regex=None, packages_above=None, packages_above_and_dependencies=None, packages_above_depth=None, packages_select_by_dep=None, packages_skip_by_dep=None, packages_skip_up_to=None, packages_select_build_failed=False, packages_skip_build_finished=False, packages_select_test_failures=False, packages_skip_test_passed=False, packages_select=None, packages_skip=None, packages_select_regex=None, packages_skip_regex=None, packages_start=None, packages_end=None, allow_overriding=[], cmake_args=None, cmake_target=None, cmake_target_skip_unavailable=False, cmake_clean_cache=False, cmake_clean_first=False, cmake_force_configure=False, ament_cmake_args=None, catkin_cmake_args=None, catkin_skip_building_tests=False, verb_parser=<colcon_defaults.argument_parser.defaults.DefaultArgumentsDecorator object at 0xffffaedab940>, verb_extension=<colcon_core.verb.build.BuildVerb object at 0xffffaef10a00>, main=<bound method BuildVerb.main of <colcon_core.verb.build.BuildVerb object at 0xffffaef10a00>>)
[1.274s] Level 1:colcon.colcon_core.package_discovery:discover_packages(colcon_meta) check parameters
[1.274s] Level 1:colcon.colcon_core.package_discovery:discover_packages(recursive) check parameters
[1.275s] Level 1:colcon.colcon_core.package_discovery:discover_packages(ignore) check parameters
[1.275s] Level 1:colcon.colcon_core.package_discovery:discover_packages(path) check parameters
[1.275s] Level 1:colcon.colcon_core.package_discovery:discover_packages(colcon_meta) discover
[1.275s] Level 1:colcon.colcon_core.package_discovery:discover_packages(recursive) discover
[1.276s] INFO:colcon.colcon_core.package_discovery:Crawling recursively for packages in '/home/xc/桌面/roscar_nav'
[1.276s] Level 1:colcon.colcon_core.package_identification:_identify(.) by extensions ['ignore', 'ignore_ament_install']
[1.277s] Level 1:colcon.colcon_core.package_identification:_identify(.) by extension 'ignore'
[1.277s] Level 1:colcon.colcon_core.package_identification:_identify(.) by extension 'ignore_ament_install'
[1.278s] Level 1:colcon.colcon_core.package_identification:_identify(.) by extensions ['colcon_pkg']
[1.278s] Level 1:colcon.colcon_core.package_identification:_identify(.) by extension 'colcon_pkg'
[1.278s] Level 1:colcon.colcon_core.package_identification:_identify(.) by extensions ['colcon_meta']
[1.278s] Level 1:colcon.colcon_core.package_identification:_identify(.) by extension 'colcon_meta'
[1.278s] Level 1:colcon.colcon_core.package_identification:_identify(.) by extensions ['ros']
[1.279s] Level 1:colcon.colcon_core.package_identification:_identify(.) by extension 'ros'
[1.324s] Level 1:colcon.colcon_core.package_identification:_identify(.) by extensions ['cmake', 'python']
[1.325s] Level 1:colcon.colcon_core.package_identification:_identify(.) by extension 'cmake'
[1.325s] Level 1:colcon.colcon_core.package_identification:_identify(.) by extension 'python'
[1.325s] Level 1:colcon.colcon_core.package_identification:_identify(.) by extensions ['python_setup_py']
[1.325s] Level 1:colcon.colcon_core.package_identification:_identify(.) by extension 'python_setup_py'
[1.326s] Level 1:colcon.colcon_core.package_identification:_identify(build) by extensions ['ignore', 'ignore_ament_install']
[1.326s] Level 1:colcon.colcon_core.package_identification:_identify(build) by extension 'ignore'
[1.326s] Level 1:colcon.colcon_core.package_identification:_identify(build) ignored
[1.327s] Level 1:colcon.colcon_core.package_identification:_identify(install) by extensions ['ignore', 'ignore_ament_install']
[1.327s] Level 1:colcon.colcon_core.package_identification:_identify(install) by extension 'ignore'
[1.327s] Level 1:colcon.colcon_core.package_identification:_identify(install) ignored
[1.328s] Level 1:colcon.colcon_core.package_identification:_identify(log) by extensions ['ignore', 'ignore_ament_install']
[1.328s] Level 1:colcon.colcon_core.package_identification:_identify(log) by extension 'ignore'
[1.328s] Level 1:colcon.colcon_core.package_identification:_identify(log) ignored
[1.329s] Level 1:colcon.colcon_core.package_identification:_identify(src) by extensions ['ignore', 'ignore_ament_install']
[1.329s] Level 1:colcon.colcon_core.package_identification:_identify(src) by extension 'ignore'
[1.329s] Level 1:colcon.colcon_core.package_identification:_identify(src) by extension 'ignore_ament_install'
[1.329s] Level 1:colcon.colcon_core.package_identification:_identify(src) by extensions ['colcon_pkg']
[1.330s] Level 1:colcon.colcon_core.package_identification:_identify(src) by extension 'colcon_pkg'
[1.330s] Level 1:colcon.colcon_core.package_identification:_identify(src) by extensions ['colcon_meta']
[1.330s] Level 1:colcon.colcon_core.package_identification:_identify(src) by extension 'colcon_meta'
[1.330s] Level 1:colcon.colcon_core.package_identification:_identify(src) by extensions ['ros']
[1.330s] Level 1:colcon.colcon_core.package_identification:_identify(src) by extension 'ros'
[1.330s] Level 1:colcon.colcon_core.package_identification:_identify(src) by extensions ['cmake', 'python']
[1.331s] Level 1:colcon.colcon_core.package_identification:_identify(src) by extension 'cmake'
[1.331s] Level 1:colcon.colcon_core.package_identification:_identify(src) by extension 'python'
[1.331s] Level 1:colcon.colcon_core.package_identification:_identify(src) by extensions ['python_setup_py']
[1.331s] Level 1:colcon.colcon_core.package_identification:_identify(src) by extension 'python_setup_py'
[1.331s] Level 1:colcon.colcon_core.package_identification:_identify(src/fishbot_bringup) by extensions ['ignore', 'ignore_ament_install']
[1.332s] Level 1:colcon.colcon_core.package_identification:_identify(src/fishbot_bringup) by extension 'ignore'
[1.332s] Level 1:colcon.colcon_core.package_identification:_identify(src/fishbot_bringup) by extension 'ignore_ament_install'
[1.332s] Level 1:colcon.colcon_core.package_identification:_identify(src/fishbot_bringup) by extensions ['colcon_pkg']
[1.332s] Level 1:colcon.colcon_core.package_identification:_identify(src/fishbot_bringup) by extension 'colcon_pkg'
[1.332s] Level 1:colcon.colcon_core.package_identification:_identify(src/fishbot_bringup) by extensions ['colcon_meta']
[1.333s] Level 1:colcon.colcon_core.package_identification:_identify(src/fishbot_bringup) by extension 'colcon_meta'
[1.333s] Level 1:colcon.colcon_core.package_identification:_identify(src/fishbot_bringup) by extensions ['ros']
[1.333s] Level 1:colcon.colcon_core.package_identification:_identify(src/fishbot_bringup) by extension 'ros'
[1.341s] DEBUG:colcon.colcon_core.package_identification:Package 'src/fishbot_bringup' with type 'ros.ament_cmake' and name 'fishbot_bringup'
[1.342s] Level 1:colcon.colcon_core.package_identification:_identify(src/fishbot_description) by extensions ['ignore', 'ignore_ament_install']
[1.342s] Level 1:colcon.colcon_core.package_identification:_identify(src/fishbot_description) by extension 'ignore'
[1.342s] Level 1:colcon.colcon_core.package_identification:_identify(src/fishbot_description) by extension 'ignore_ament_install'
[1.342s] Level 1:colcon.colcon_core.package_identification:_identify(src/fishbot_description) by extensions ['colcon_pkg']
[1.342s] Level 1:colcon.colcon_core.package_identification:_identify(src/fishbot_description) by extension 'colcon_pkg'
[1.343s] Level 1:colcon.colcon_core.package_identification:_identify(src/fishbot_description) by extensions ['colcon_meta']
[1.343s] Level 1:colcon.colcon_core.package_identification:_identify(src/fishbot_description) by extension 'colcon_meta'
[1.343s] Level 1:colcon.colcon_core.package_identification:_identify(src/fishbot_description) by extensions ['ros']
[1.343s] Level 1:colcon.colcon_core.package_identification:_identify(src/fishbot_description) by extension 'ros'
[1.345s] DEBUG:colcon.colcon_core.package_identification:Package 'src/fishbot_description' with type 'ros.ament_cmake' and name 'fishbot_description'
[1.346s] Level 1:colcon.colcon_core.package_identification:_identify(src/lidar_pkg_ros2-main) by extensions ['ignore', 'ignore_ament_install']
[1.346s] Level 1:colcon.colcon_core.package_identification:_identify(src/lidar_pkg_ros2-main) by extension 'ignore'
[1.346s] Level 1:colcon.colcon_core.package_identification:_identify(src/lidar_pkg_ros2-main) by extension 'ignore_ament_install'
[1.347s] Level 1:colcon.colcon_core.package_identification:_identify(src/lidar_pkg_ros2-main) by extensions ['colcon_pkg']
[1.347s] Level 1:colcon.colcon_core.package_identification:_identify(src/lidar_pkg_ros2-main) by extension 'colcon_pkg'
[1.347s] Level 1:colcon.colcon_core.package_identification:_identify(src/lidar_pkg_ros2-main) by extensions ['colcon_meta']
[1.347s] Level 1:colcon.colcon_core.package_identification:_identify(src/lidar_pkg_ros2-main) by extension 'colcon_meta'
[1.347s] Level 1:colcon.colcon_core.package_identification:_identify(src/lidar_pkg_ros2-main) by extensions ['ros']
[1.347s] Level 1:colcon.colcon_core.package_identification:_identify(src/lidar_pkg_ros2-main) by extension 'ros'
[1.350s] DEBUG:colcon.colcon_core.package_identification:Package 'src/lidar_pkg_ros2-main' with type 'ros.ament_cmake' and name 'lidar_pkg'
[1.351s] Level 1:colcon.colcon_core.package_identification:_identify(src/slam_pkg) by extensions ['ignore', 'ignore_ament_install']
[1.351s] Level 1:colcon.colcon_core.package_identification:_identify(src/slam_pkg) by extension 'ignore'
[1.352s] Level 1:colcon.colcon_core.package_identification:_identify(src/slam_pkg) by extension 'ignore_ament_install'
[1.352s] Level 1:colcon.colcon_core.package_identification:_identify(src/slam_pkg) by extensions ['colcon_pkg']
[1.352s] Level 1:colcon.colcon_core.package_identification:_identify(src/slam_pkg) by extension 'colcon_pkg'
[1.352s] Level 1:colcon.colcon_core.package_identification:_identify(src/slam_pkg) by extensions ['colcon_meta']
[1.352s] Level 1:colcon.colcon_core.package_identification:_identify(src/slam_pkg) by extension 'colcon_meta'
[1.352s] Level 1:colcon.colcon_core.package_identification:_identify(src/slam_pkg) by extensions ['ros']
[1.352s] Level 1:colcon.colcon_core.package_identification:_identify(src/slam_pkg) by extension 'ros'
[1.354s] DEBUG:colcon.colcon_core.package_identification:Package 'src/slam_pkg' with type 'ros.ament_cmake' and name 'slam_pkg'
[1.355s] Level 1:colcon.colcon_core.package_discovery:discover_packages(recursive) using defaults
[1.355s] Level 1:colcon.colcon_core.package_discovery:discover_packages(ignore) discover
[1.355s] Level 1:colcon.colcon_core.package_discovery:discover_packages(ignore) using defaults
[1.355s] Level 1:colcon.colcon_core.package_discovery:discover_packages(path) discover
[1.355s] Level 1:colcon.colcon_core.package_discovery:discover_packages(path) using defaults
[1.469s] Level 1:colcon.colcon_core.package_discovery:discover_packages(prefix_path) check parameters
[1.470s] Level 1:colcon.colcon_core.package_discovery:discover_packages(prefix_path) discover
[1.483s] DEBUG:colcon.colcon_installed_package_information.package_discovery:Found 281 installed packages in /opt/ros/humble
[1.490s] Level 1:colcon.colcon_core.package_discovery:discover_packages(prefix_path) using defaults
[1.654s] Level 5:colcon.colcon_core.verb:set package 'fishbot_bringup' build argument 'cmake_args' from command line to 'None'
[1.654s] Level 5:colcon.colcon_core.verb:set package 'fishbot_bringup' build argument 'cmake_target' from command line to 'None'
[1.654s] Level 5:colcon.colcon_core.verb:set package 'fishbot_bringup' build argument 'cmake_target_skip_unavailable' from command line to 'False'
[1.654s] Level 5:colcon.colcon_core.verb:set package 'fishbot_bringup' build argument 'cmake_clean_cache' from command line to 'False'
[1.655s] Level 5:colcon.colcon_core.verb:set package 'fishbot_bringup' build argument 'cmake_clean_first' from command line to 'False'
[1.655s] Level 5:colcon.colcon_core.verb:set package 'fishbot_bringup' build argument 'cmake_force_configure' from command line to 'False'
[1.655s] Level 5:colcon.colcon_core.verb:set package 'fishbot_bringup' build argument 'ament_cmake_args' from command line to 'None'
[1.655s] Level 5:colcon.colcon_core.verb:set package 'fishbot_bringup' build argument 'catkin_cmake_args' from command line to 'None'
[1.655s] Level 5:colcon.colcon_core.verb:set package 'fishbot_bringup' build argument 'catkin_skip_building_tests' from command line to 'False'
[1.655s] DEBUG:colcon.colcon_core.verb:Building package 'fishbot_bringup' with the following arguments: {'ament_cmake_args': None, 'build_base': '/home/xc/桌面/roscar_nav/build/fishbot_bringup', 'catkin_cmake_args': None, 'catkin_skip_building_tests': False, 'cmake_args': None, 'cmake_clean_cache': False, 'cmake_clean_first': False, 'cmake_force_configure': False, 'cmake_target': None, 'cmake_target_skip_unavailable': False, 'install_base': '/home/xc/桌面/roscar_nav/install/fishbot_bringup', 'merge_install': False, 'path': '/home/xc/桌面/roscar_nav/src/fishbot_bringup', 'symlink_install': False, 'test_result_base': None}
[1.657s] Level 5:colcon.colcon_core.verb:set package 'fishbot_description' build argument 'cmake_args' from command line to 'None'
[1.657s] Level 5:colcon.colcon_core.verb:set package 'fishbot_description' build argument 'cmake_target' from command line to 'None'
[1.657s] Level 5:colcon.colcon_core.verb:set package 'fishbot_description' build argument 'cmake_target_skip_unavailable' from command line to 'False'
[1.657s] Level 5:colcon.colcon_core.verb:set package 'fishbot_description' build argument 'cmake_clean_cache' from command line to 'False'
[1.657s] Level 5:colcon.colcon_core.verb:set package 'fishbot_description' build argument 'cmake_clean_first' from command line to 'False'
[1.657s] Level 5:colcon.colcon_core.verb:set package 'fishbot_description' build argument 'cmake_force_configure' from command line to 'False'
[1.657s] Level 5:colcon.colcon_core.verb:set package 'fishbot_description' build argument 'ament_cmake_args' from command line to 'None'
[1.657s] Level 5:colcon.colcon_core.verb:set package 'fishbot_description' build argument 'catkin_cmake_args' from command line to 'None'
[1.658s] Level 5:colcon.colcon_core.verb:set package 'fishbot_description' build argument 'catkin_skip_building_tests' from command line to 'False'
[1.658s] DEBUG:colcon.colcon_core.verb:Building package 'fishbot_description' with the following arguments: {'ament_cmake_args': None, 'build_base': '/home/xc/桌面/roscar_nav/build/fishbot_description', 'catkin_cmake_args': None, 'catkin_skip_building_tests': False, 'cmake_args': None, 'cmake_clean_cache': False, 'cmake_clean_first': False, 'cmake_force_configure': False, 'cmake_target': None, 'cmake_target_skip_unavailable': False, 'install_base': '/home/xc/桌面/roscar_nav/install/fishbot_description', 'merge_install': False, 'path': '/home/xc/桌面/roscar_nav/src/fishbot_description', 'symlink_install': False, 'test_result_base': None}
[1.659s] Level 5:colcon.colcon_core.verb:set package 'lidar_pkg' build argument 'cmake_args' from command line to 'None'
[1.659s] Level 5:colcon.colcon_core.verb:set package 'lidar_pkg' build argument 'cmake_target' from command line to 'None'
[1.659s] Level 5:colcon.colcon_core.verb:set package 'lidar_pkg' build argument 'cmake_target_skip_unavailable' from command line to 'False'
[1.660s] Level 5:colcon.colcon_core.verb:set package 'lidar_pkg' build argument 'cmake_clean_cache' from command line to 'False'
[1.660s] Level 5:colcon.colcon_core.verb:set package 'lidar_pkg' build argument 'cmake_clean_first' from command line to 'False'
[1.660s] Level 5:colcon.colcon_core.verb:set package 'lidar_pkg' build argument 'cmake_force_configure' from command line to 'False'
[1.660s] Level 5:colcon.colcon_core.verb:set package 'lidar_pkg' build argument 'ament_cmake_args' from command line to 'None'
[1.660s] Level 5:colcon.colcon_core.verb:set package 'lidar_pkg' build argument 'catkin_cmake_args' from command line to 'None'
[1.660s] Level 5:colcon.colcon_core.verb:set package 'lidar_pkg' build argument 'catkin_skip_building_tests' from command line to 'False'
[1.660s] DEBUG:colcon.colcon_core.verb:Building package 'lidar_pkg' with the following arguments: {'ament_cmake_args': None, 'build_base': '/home/xc/桌面/roscar_nav/build/lidar_pkg', 'catkin_cmake_args': None, 'catkin_skip_building_tests': False, 'cmake_args': None, 'cmake_clean_cache': False, 'cmake_clean_first': False, 'cmake_force_configure': False, 'cmake_target': None, 'cmake_target_skip_unavailable': False, 'install_base': '/home/xc/桌面/roscar_nav/install/lidar_pkg', 'merge_install': False, 'path': '/home/xc/桌面/roscar_nav/src/lidar_pkg_ros2-main', 'symlink_install': False, 'test_result_base': None}
[1.662s] Level 5:colcon.colcon_core.verb:set package 'slam_pkg' build argument 'cmake_args' from command line to 'None'
[1.662s] Level 5:colcon.colcon_core.verb:set package 'slam_pkg' build argument 'cmake_target' from command line to 'None'
[1.662s] Level 5:colcon.colcon_core.verb:set package 'slam_pkg' build argument 'cmake_target_skip_unavailable' from command line to 'False'
[1.662s] Level 5:colcon.colcon_core.verb:set package 'slam_pkg' build argument 'cmake_clean_cache' from command line to 'False'
[1.662s] Level 5:colcon.colcon_core.verb:set package 'slam_pkg' build argument 'cmake_clean_first' from command line to 'False'
[1.662s] Level 5:colcon.colcon_core.verb:set package 'slam_pkg' build argument 'cmake_force_configure' from command line to 'False'
[1.662s] Level 5:colcon.colcon_core.verb:set package 'slam_pkg' build argument 'ament_cmake_args' from command line to 'None'
[1.662s] Level 5:colcon.colcon_core.verb:set package 'slam_pkg' build argument 'catkin_cmake_args' from command line to 'None'
[1.663s] Level 5:colcon.colcon_core.verb:set package 'slam_pkg' build argument 'catkin_skip_building_tests' from command line to 'False'
[1.663s] DEBUG:colcon.colcon_core.verb:Building package 'slam_pkg' with the following arguments: {'ament_cmake_args': None, 'build_base': '/home/xc/桌面/roscar_nav/build/slam_pkg', 'catkin_cmake_args': None, 'catkin_skip_building_tests': False, 'cmake_args': None, 'cmake_clean_cache': False, 'cmake_clean_first': False, 'cmake_force_configure': False, 'cmake_target': None, 'cmake_target_skip_unavailable': False, 'install_base': '/home/xc/桌面/roscar_nav/install/slam_pkg', 'merge_install': False, 'path': '/home/xc/桌面/roscar_nav/src/slam_pkg', 'symlink_install': False, 'test_result_base': None}
[1.663s] INFO:colcon.colcon_core.executor:Executing jobs using 'parallel' executor
[1.666s] DEBUG:colcon.colcon_parallel_executor.executor.parallel:run_until_complete
[1.668s] INFO:colcon.colcon_ros.task.ament_cmake.build:Building ROS package in '/home/xc/桌面/roscar_nav/src/fishbot_bringup' with build type 'ament_cmake'
[1.668s] INFO:colcon.colcon_cmake.task.cmake.build:Building CMake package in '/home/xc/桌面/roscar_nav/src/fishbot_bringup'
[1.676s] INFO:colcon.colcon_core.plugin_system:Skipping extension 'colcon_core.shell.bat': Not used on non-Windows systems
[1.677s] INFO:colcon.colcon_core.shell:Skip shell extension 'powershell' for command environment: Not usable outside of PowerShell
[1.678s] DEBUG:colcon.colcon_core.shell:Skip shell extension 'dsv' for command environment
[1.695s] INFO:colcon.colcon_ros.task.ament_cmake.build:Building ROS package in '/home/xc/桌面/roscar_nav/src/fishbot_description' with build type 'ament_cmake'
[1.696s] INFO:colcon.colcon_cmake.task.cmake.build:Building CMake package in '/home/xc/桌面/roscar_nav/src/fishbot_description'
[1.697s] INFO:colcon.colcon_core.shell:Skip shell extension 'powershell' for command environment: Not usable outside of PowerShell
[1.698s] DEBUG:colcon.colcon_core.shell:Skip shell extension 'dsv' for command environment
[1.792s] INFO:colcon.colcon_ros.task.ament_cmake.build:Building ROS package in '/home/xc/桌面/roscar_nav/src/lidar_pkg_ros2-main' with build type 'ament_cmake'
[1.794s] INFO:colcon.colcon_cmake.task.cmake.build:Building CMake package in '/home/xc/桌面/roscar_nav/src/lidar_pkg_ros2-main'
[1.797s] INFO:colcon.colcon_core.shell:Skip shell extension 'powershell' for command environment: Not usable outside of PowerShell
[1.797s] DEBUG:colcon.colcon_core.shell:Skip shell extension 'dsv' for command environment
[1.884s] INFO:colcon.colcon_ros.task.ament_cmake.build:Building ROS package in '/home/xc/桌面/roscar_nav/src/slam_pkg' with build type 'ament_cmake'
[1.886s] INFO:colcon.colcon_cmake.task.cmake.build:Building CMake package in '/home/xc/桌面/roscar_nav/src/slam_pkg'
[1.887s] INFO:colcon.colcon_core.shell:Skip shell extension 'powershell' for command environment: Not usable outside of PowerShell
[1.889s] DEBUG:colcon.colcon_core.shell:Skip shell extension 'dsv' for command environment
[2.092s] DEBUG:colcon.colcon_core.event_handler.log_command:Invoking command in '/home/xc/桌面/roscar_nav/build/fishbot_bringup': CMAKE_PREFIX_PATH=/opt/ros/humble /usr/bin/cmake --build /home/xc/桌面/roscar_nav/build/fishbot_bringup -- -j4 -l4
[2.107s] DEBUG:colcon.colcon_core.event_handler.log_command:Invoking command in '/home/xc/桌面/roscar_nav/build/fishbot_description': CMAKE_PREFIX_PATH=/opt/ros/humble /usr/bin/cmake --build /home/xc/桌面/roscar_nav/build/fishbot_description -- -j4 -l4
[2.126s] DEBUG:colcon.colcon_core.event_handler.log_command:Invoking command in '/home/xc/桌面/roscar_nav/build/lidar_pkg': CMAKE_PREFIX_PATH=/opt/ros/humble /usr/bin/cmake --build /home/xc/桌面/roscar_nav/build/lidar_pkg -- -j4 -l4
[2.250s] DEBUG:colcon.colcon_core.event_handler.log_command:Invoking command in '/home/xc/桌面/roscar_nav/build/slam_pkg': CMAKE_PREFIX_PATH=/opt/ros/humble /usr/bin/cmake --build /home/xc/桌面/roscar_nav/build/slam_pkg -- -j4 -l4
[2.298s] DEBUG:colcon.colcon_core.event_handler.log_command:Invoked command in '/home/xc/桌面/roscar_nav/build/fishbot_description' returned '0': CMAKE_PREFIX_PATH=/opt/ros/humble /usr/bin/cmake --build /home/xc/桌面/roscar_nav/build/fishbot_description -- -j4 -l4
[2.354s] DEBUG:colcon.colcon_core.event_handler.log_command:Invoking command in '/home/xc/桌面/roscar_nav/build/fishbot_description': CMAKE_PREFIX_PATH=/opt/ros/humble /usr/bin/cmake --install /home/xc/桌面/roscar_nav/build/fishbot_description
[2.408s] Level 1:colcon.colcon_core.environment:create_environment_scripts_only(fishbot_description)
[2.422s] DEBUG:colcon.colcon_core.event_handler.log_command:Invoked command in '/home/xc/桌面/roscar_nav/build/fishbot_description' returned '0': CMAKE_PREFIX_PATH=/opt/ros/humble /usr/bin/cmake --install /home/xc/桌面/roscar_nav/build/fishbot_description
[2.432s] Level 1:colcon.colcon_core.environment:checking '/home/xc/桌面/roscar_nav/install/fishbot_description' for CMake module files
[2.435s] Level 1:colcon.colcon_core.environment:checking '/home/xc/桌面/roscar_nav/install/fishbot_description' for CMake config files
[2.443s] Level 1:colcon.colcon_core.shell:create_environment_hook('fishbot_description', 'cmake_prefix_path')
[2.445s] INFO:colcon.colcon_core.shell:Creating environment hook '/home/xc/桌面/roscar_nav/install/fishbot_description/share/fishbot_description/hook/cmake_prefix_path.ps1'
[2.449s] INFO:colcon.colcon_core.shell:Creating environment descriptor '/home/xc/桌面/roscar_nav/install/fishbot_description/share/fishbot_description/hook/cmake_prefix_path.dsv'
[2.455s] INFO:colcon.colcon_core.shell:Creating environment hook '/home/xc/桌面/roscar_nav/install/fishbot_description/share/fishbot_description/hook/cmake_prefix_path.sh'
[2.461s] Level 1:colcon.colcon_core.environment:checking '/home/xc/桌面/roscar_nav/install/fishbot_description/bin'
[2.461s] Level 1:colcon.colcon_core.environment:checking '/home/xc/桌面/roscar_nav/install/fishbot_description/lib/pkgconfig/fishbot_description.pc'
[2.463s] Level 1:colcon.colcon_core.environment:checking '/home/xc/桌面/roscar_nav/install/fishbot_description/lib/python3.10/site-packages'
[2.465s] Level 1:colcon.colcon_core.environment:checking '/home/xc/桌面/roscar_nav/install/fishbot_description/bin'
[2.468s] INFO:colcon.colcon_core.shell:Creating package script '/home/xc/桌面/roscar_nav/install/fishbot_description/share/fishbot_description/package.ps1'
[2.529s] INFO:colcon.colcon_core.shell:Creating package descriptor '/home/xc/桌面/roscar_nav/install/fishbot_description/share/fishbot_description/package.dsv'
[2.537s] INFO:colcon.colcon_core.shell:Creating package script '/home/xc/桌面/roscar_nav/install/fishbot_description/share/fishbot_description/package.sh'
[2.543s] INFO:colcon.colcon_core.shell:Creating package script '/home/xc/桌面/roscar_nav/install/fishbot_description/share/fishbot_description/package.bash'
[2.548s] INFO:colcon.colcon_core.shell:Creating package script '/home/xc/桌面/roscar_nav/install/fishbot_description/share/fishbot_description/package.zsh'
[2.554s] Level 1:colcon.colcon_core.environment:create_file_with_runtime_dependencies(/home/xc/桌面/roscar_nav/install/fishbot_description/share/colcon-core/packages/fishbot_description)
[2.630s] Level 1:colcon.colcon_core.environment:create_environment_scripts_only(fishbot_description)
[2.633s] Level 1:colcon.colcon_core.environment:checking '/home/xc/桌面/roscar_nav/install/fishbot_description' for CMake module files
[2.638s] Level 1:colcon.colcon_core.environment:checking '/home/xc/桌面/roscar_nav/install/fishbot_description' for CMake config files
[2.641s] Level 1:colcon.colcon_core.shell:create_environment_hook('fishbot_description', 'cmake_prefix_path')
[2.709s] INFO:colcon.colcon_core.shell:Creating environment hook '/home/xc/桌面/roscar_nav/install/fishbot_description/share/fishbot_description/hook/cmake_prefix_path.ps1'
[2.714s] INFO:colcon.colcon_core.shell:Creating environment descriptor '/home/xc/桌面/roscar_nav/install/fishbot_description/share/fishbot_description/hook/cmake_prefix_path.dsv'
[2.719s] INFO:colcon.colcon_core.shell:Creating environment hook '/home/xc/桌面/roscar_nav/install/fishbot_description/share/fishbot_description/hook/cmake_prefix_path.sh'
[2.792s] Level 1:colcon.colcon_core.environment:checking '/home/xc/桌面/roscar_nav/install/fishbot_description/bin'
[2.793s] Level 1:colcon.colcon_core.environment:checking '/home/xc/桌面/roscar_nav/install/fishbot_description/lib/pkgconfig/fishbot_description.pc'
[2.795s] Level 1:colcon.colcon_core.environment:checking '/home/xc/桌面/roscar_nav/install/fishbot_description/lib/python3.10/site-packages'
[2.798s] Level 1:colcon.colcon_core.environment:checking '/home/xc/桌面/roscar_nav/install/fishbot_description/bin'
[2.800s] INFO:colcon.colcon_core.shell:Creating package script '/home/xc/桌面/roscar_nav/install/fishbot_description/share/fishbot_description/package.ps1'
[2.804s] INFO:colcon.colcon_core.shell:Creating package descriptor '/home/xc/桌面/roscar_nav/install/fishbot_description/share/fishbot_description/package.dsv'
[2.847s] INFO:colcon.colcon_core.shell:Creating package script '/home/xc/桌面/roscar_nav/install/fishbot_description/share/fishbot_description/package.sh'
[2.853s] INFO:colcon.colcon_core.shell:Creating package script '/home/xc/桌面/roscar_nav/install/fishbot_description/share/fishbot_description/package.bash'
[2.856s] INFO:colcon.colcon_core.shell:Creating package script '/home/xc/桌面/roscar_nav/install/fishbot_description/share/fishbot_description/package.zsh'
[2.897s] Level 1:colcon.colcon_core.environment:create_file_with_runtime_dependencies(/home/xc/桌面/roscar_nav/install/fishbot_description/share/colcon-core/packages/fishbot_description)
[2.908s] DEBUG:colcon.colcon_core.event_handler.log_command:Invoked command in '/home/xc/桌面/roscar_nav/build/fishbot_bringup' returned '0': CMAKE_PREFIX_PATH=/opt/ros/humble /usr/bin/cmake --build /home/xc/桌面/roscar_nav/build/fishbot_bringup -- -j4 -l4
[2.919s] DEBUG:colcon.colcon_core.event_handler.log_command:Invoking command in '/home/xc/桌面/roscar_nav/build/fishbot_bringup': CMAKE_PREFIX_PATH=/opt/ros/humble /usr/bin/cmake --install /home/xc/桌面/roscar_nav/build/fishbot_bringup
[2.921s] DEBUG:colcon.colcon_core.event_handler.log_command:Invoked command in '/home/xc/桌面/roscar_nav/build/slam_pkg' returned '0': CMAKE_PREFIX_PATH=/opt/ros/humble /usr/bin/cmake --build /home/xc/桌面/roscar_nav/build/slam_pkg -- -j4 -l4
[2.931s] DEBUG:colcon.colcon_core.event_handler.log_command:Invoking command in '/home/xc/桌面/roscar_nav/build/slam_pkg': CMAKE_PREFIX_PATH=/opt/ros/humble /usr/bin/cmake --install /home/xc/桌面/roscar_nav/build/slam_pkg
[2.934s] DEBUG:colcon.colcon_core.event_handler.log_command:Invoked command in '/home/xc/桌面/roscar_nav/build/lidar_pkg' returned '0': CMAKE_PREFIX_PATH=/opt/ros/humble /usr/bin/cmake --build /home/xc/桌面/roscar_nav/build/lidar_pkg -- -j4 -l4
[2.945s] DEBUG:colcon.colcon_core.event_handler.log_command:Invoking command in '/home/xc/桌面/roscar_nav/build/lidar_pkg': CMAKE_PREFIX_PATH=/opt/ros/humble /usr/bin/cmake --install /home/xc/桌面/roscar_nav/build/lidar_pkg
[2.984s] Level 1:colcon.colcon_core.environment:create_environment_scripts_only(fishbot_bringup)
[2.985s] Level 1:colcon.colcon_core.environment:checking '/home/xc/桌面/roscar_nav/install/fishbot_bringup' for CMake module files
[2.988s] DEBUG:colcon.colcon_core.event_handler.log_command:Invoked command in '/home/xc/桌面/roscar_nav/build/fishbot_bringup' returned '0': CMAKE_PREFIX_PATH=/opt/ros/humble /usr/bin/cmake --install /home/xc/桌面/roscar_nav/build/fishbot_bringup
[2.993s] Level 1:colcon.colcon_core.environment:checking '/home/xc/桌面/roscar_nav/install/fishbot_bringup' for CMake config files
[3.000s] Level 1:colcon.colcon_core.shell:create_environment_hook('fishbot_bringup', 'cmake_prefix_path')
[3.001s] INFO:colcon.colcon_core.shell:Creating environment hook '/home/xc/桌面/roscar_nav/install/fishbot_bringup/share/fishbot_bringup/hook/cmake_prefix_path.ps1'
[3.032s] INFO:colcon.colcon_core.shell:Creating environment descriptor '/home/xc/桌面/roscar_nav/install/fishbot_bringup/share/fishbot_bringup/hook/cmake_prefix_path.dsv'
[3.038s] INFO:colcon.colcon_core.shell:Creating environment hook '/home/xc/桌面/roscar_nav/install/fishbot_bringup/share/fishbot_bringup/hook/cmake_prefix_path.sh'
[3.044s] Level 1:colcon.colcon_core.environment:checking '/home/xc/桌面/roscar_nav/install/fishbot_bringup/lib'
[3.046s] Level 1:colcon.colcon_core.environment:checking '/home/xc/桌面/roscar_nav/install/fishbot_bringup/bin'
[3.046s] Level 1:colcon.colcon_core.environment:checking '/home/xc/桌面/roscar_nav/install/fishbot_bringup/lib/pkgconfig/fishbot_bringup.pc'
[3.048s] Level 1:colcon.colcon_core.environment:checking '/home/xc/桌面/roscar_nav/install/fishbot_bringup/lib/python3.10/site-packages'
[3.050s] Level 1:colcon.colcon_core.environment:checking '/home/xc/桌面/roscar_nav/install/fishbot_bringup/bin'
[3.068s] INFO:colcon.colcon_core.shell:Creating package script '/home/xc/桌面/roscar_nav/install/fishbot_bringup/share/fishbot_bringup/package.ps1'
[3.075s] INFO:colcon.colcon_core.shell:Creating package descriptor '/home/xc/桌面/roscar_nav/install/fishbot_bringup/share/fishbot_bringup/package.dsv'
[3.083s] INFO:colcon.colcon_core.shell:Creating package script '/home/xc/桌面/roscar_nav/install/fishbot_bringup/share/fishbot_bringup/package.sh'
[3.086s] INFO:colcon.colcon_core.shell:Creating package script '/home/xc/桌面/roscar_nav/install/fishbot_bringup/share/fishbot_bringup/package.bash'
[3.099s] INFO:colcon.colcon_core.shell:Creating package script '/home/xc/桌面/roscar_nav/install/fishbot_bringup/share/fishbot_bringup/package.zsh'
[3.103s] Level 1:colcon.colcon_core.environment:create_file_with_runtime_dependencies(/home/xc/桌面/roscar_nav/install/fishbot_bringup/share/colcon-core/packages/fishbot_bringup)
[3.109s] Level 1:colcon.colcon_core.environment:create_environment_scripts_only(fishbot_bringup)
[3.111s] Level 1:colcon.colcon_core.environment:checking '/home/xc/桌面/roscar_nav/install/fishbot_bringup' for CMake module files
[3.115s] Level 1:colcon.colcon_core.environment:checking '/home/xc/桌面/roscar_nav/install/fishbot_bringup' for CMake config files
[3.118s] Level 1:colcon.colcon_core.shell:create_environment_hook('fishbot_bringup', 'cmake_prefix_path')
[3.119s] INFO:colcon.colcon_core.shell:Creating environment hook '/home/xc/桌面/roscar_nav/install/fishbot_bringup/share/fishbot_bringup/hook/cmake_prefix_path.ps1'
[3.130s] INFO:colcon.colcon_core.shell:Creating environment descriptor '/home/xc/桌面/roscar_nav/install/fishbot_bringup/share/fishbot_bringup/hook/cmake_prefix_path.dsv'
[3.137s] INFO:colcon.colcon_core.shell:Creating environment hook '/home/xc/桌面/roscar_nav/install/fishbot_bringup/share/fishbot_bringup/hook/cmake_prefix_path.sh'
[3.143s] Level 1:colcon.colcon_core.environment:checking '/home/xc/桌面/roscar_nav/install/fishbot_bringup/lib'
[3.144s] Level 1:colcon.colcon_core.environment:checking '/home/xc/桌面/roscar_nav/install/fishbot_bringup/bin'
[3.144s] Level 1:colcon.colcon_core.environment:checking '/home/xc/桌面/roscar_nav/install/fishbot_bringup/lib/pkgconfig/fishbot_bringup.pc'
[3.145s] Level 1:colcon.colcon_core.environment:checking '/home/xc/桌面/roscar_nav/install/fishbot_bringup/lib/python3.10/site-packages'
[3.147s] Level 1:colcon.colcon_core.environment:checking '/home/xc/桌面/roscar_nav/install/fishbot_bringup/bin'
[3.150s] INFO:colcon.colcon_core.shell:Creating package script '/home/xc/桌面/roscar_nav/install/fishbot_bringup/share/fishbot_bringup/package.ps1'
[3.153s] INFO:colcon.colcon_core.shell:Creating package descriptor '/home/xc/桌面/roscar_nav/install/fishbot_bringup/share/fishbot_bringup/package.dsv'
[3.184s] INFO:colcon.colcon_core.shell:Creating package script '/home/xc/桌面/roscar_nav/install/fishbot_bringup/share/fishbot_bringup/package.sh'
[3.188s] INFO:colcon.colcon_core.shell:Creating package script '/home/xc/桌面/roscar_nav/install/fishbot_bringup/share/fishbot_bringup/package.bash'
[3.192s] INFO:colcon.colcon_core.shell:Creating package script '/home/xc/桌面/roscar_nav/install/fishbot_bringup/share/fishbot_bringup/package.zsh'
[3.195s] Level 1:colcon.colcon_core.environment:create_file_with_runtime_dependencies(/home/xc/桌面/roscar_nav/install/fishbot_bringup/share/colcon-core/packages/fishbot_bringup)
[3.201s] Level 1:colcon.colcon_core.environment:create_environment_scripts_only(slam_pkg)
[3.202s] Level 1:colcon.colcon_core.environment:checking '/home/xc/桌面/roscar_nav/install/slam_pkg' for CMake module files
[3.206s] Level 1:colcon.colcon_core.environment:checking '/home/xc/桌面/roscar_nav/install/slam_pkg' for CMake config files
[3.208s] Level 1:colcon.colcon_core.shell:create_environment_hook('slam_pkg', 'cmake_prefix_path')
[3.210s] INFO:colcon.colcon_core.shell:Creating environment hook '/home/xc/桌面/roscar_nav/install/slam_pkg/share/slam_pkg/hook/cmake_prefix_path.ps1'
[3.244s] INFO:colcon.colcon_core.shell:Creating environment descriptor '/home/xc/桌面/roscar_nav/install/slam_pkg/share/slam_pkg/hook/cmake_prefix_path.dsv'
[3.249s] DEBUG:colcon.colcon_core.event_handler.log_command:Invoked command in '/home/xc/桌面/roscar_nav/build/slam_pkg' returned '0': CMAKE_PREFIX_PATH=/opt/ros/humble /usr/bin/cmake --install /home/xc/桌面/roscar_nav/build/slam_pkg
[3.252s] INFO:colcon.colcon_core.shell:Creating environment hook '/home/xc/桌面/roscar_nav/install/slam_pkg/share/slam_pkg/hook/cmake_prefix_path.sh'
[3.258s] Level 1:colcon.colcon_core.environment:checking '/home/xc/桌面/roscar_nav/install/slam_pkg/bin'
[3.259s] Level 1:colcon.colcon_core.environment:checking '/home/xc/桌面/roscar_nav/install/slam_pkg/lib/pkgconfig/slam_pkg.pc'
[3.261s] Level 1:colcon.colcon_core.environment:checking '/home/xc/桌面/roscar_nav/install/slam_pkg/lib/python3.10/site-packages'
[3.264s] Level 1:colcon.colcon_core.environment:checking '/home/xc/桌面/roscar_nav/install/slam_pkg/bin'
[3.266s] INFO:colcon.colcon_core.shell:Creating package script '/home/xc/桌面/roscar_nav/install/slam_pkg/share/slam_pkg/package.ps1'
[3.319s] INFO:colcon.colcon_core.shell:Creating package descriptor '/home/xc/桌面/roscar_nav/install/slam_pkg/share/slam_pkg/package.dsv'
[3.326s] INFO:colcon.colcon_core.shell:Creating package script '/home/xc/桌面/roscar_nav/install/slam_pkg/share/slam_pkg/package.sh'
[3.331s] INFO:colcon.colcon_core.shell:Creating package script '/home/xc/桌面/roscar_nav/install/slam_pkg/share/slam_pkg/package.bash'
[3.335s] INFO:colcon.colcon_core.shell:Creating package script '/home/xc/桌面/roscar_nav/install/slam_pkg/share/slam_pkg/package.zsh'
[3.338s] Level 1:colcon.colcon_core.environment:create_file_with_runtime_dependencies(/home/xc/桌面/roscar_nav/install/slam_pkg/share/colcon-core/packages/slam_pkg)
[3.343s] Level 1:colcon.colcon_core.environment:create_environment_scripts_only(slam_pkg)
[3.391s] Level 1:colcon.colcon_core.environment:checking '/home/xc/桌面/roscar_nav/install/slam_pkg' for CMake module files
[3.397s] Level 1:colcon.colcon_core.environment:checking '/home/xc/桌面/roscar_nav/install/slam_pkg' for CMake config files
[3.400s] Level 1:colcon.colcon_core.shell:create_environment_hook('slam_pkg', 'cmake_prefix_path')
[3.402s] INFO:colcon.colcon_core.shell:Creating environment hook '/home/xc/桌面/roscar_nav/install/slam_pkg/share/slam_pkg/hook/cmake_prefix_path.ps1'
[3.405s] INFO:colcon.colcon_core.shell:Creating environment descriptor '/home/xc/桌面/roscar_nav/install/slam_pkg/share/slam_pkg/hook/cmake_prefix_path.dsv'
[3.419s] INFO:colcon.colcon_core.shell:Creating environment hook '/home/xc/桌面/roscar_nav/install/slam_pkg/share/slam_pkg/hook/cmake_prefix_path.sh'
[3.424s] Level 1:colcon.colcon_core.environment:checking '/home/xc/桌面/roscar_nav/install/slam_pkg/bin'
[3.425s] Level 1:colcon.colcon_core.environment:checking '/home/xc/桌面/roscar_nav/install/slam_pkg/lib/pkgconfig/slam_pkg.pc'
[3.426s] Level 1:colcon.colcon_core.environment:checking '/home/xc/桌面/roscar_nav/install/slam_pkg/lib/python3.10/site-packages'
[3.428s] Level 1:colcon.colcon_core.environment:checking '/home/xc/桌面/roscar_nav/install/slam_pkg/bin'
[3.476s] INFO:colcon.colcon_core.shell:Creating package script '/home/xc/桌面/roscar_nav/install/slam_pkg/share/slam_pkg/package.ps1'
[3.485s] INFO:colcon.colcon_core.shell:Creating package descriptor '/home/xc/桌面/roscar_nav/install/slam_pkg/share/slam_pkg/package.dsv'
[3.488s] INFO:colcon.colcon_core.shell:Creating package script '/home/xc/桌面/roscar_nav/install/slam_pkg/share/slam_pkg/package.sh'
[3.492s] INFO:colcon.colcon_core.shell:Creating package script '/home/xc/桌面/roscar_nav/install/slam_pkg/share/slam_pkg/package.bash'
[3.543s] INFO:colcon.colcon_core.shell:Creating package script '/home/xc/桌面/roscar_nav/install/slam_pkg/share/slam_pkg/package.zsh'
[3.548s] Level 1:colcon.colcon_core.environment:create_file_with_runtime_dependencies(/home/xc/桌面/roscar_nav/install/slam_pkg/share/colcon-core/packages/slam_pkg)
[3.553s] Level 1:colcon.colcon_core.environment:create_environment_scripts_only(lidar_pkg)
[3.555s] Level 1:colcon.colcon_core.environment:checking '/home/xc/桌面/roscar_nav/install/lidar_pkg' for CMake module files
[3.560s] DEBUG:colcon.colcon_core.event_handler.log_command:Invoked command in '/home/xc/桌面/roscar_nav/build/lidar_pkg' returned '0': CMAKE_PREFIX_PATH=/opt/ros/humble /usr/bin/cmake --install /home/xc/桌面/roscar_nav/build/lidar_pkg
[3.562s] Level 1:colcon.colcon_core.environment:checking '/home/xc/桌面/roscar_nav/install/lidar_pkg' for CMake config files
[3.564s] Level 1:colcon.colcon_core.shell:create_environment_hook('lidar_pkg', 'cmake_prefix_path')
[3.566s] INFO:colcon.colcon_core.shell:Creating environment hook '/home/xc/桌面/roscar_nav/install/lidar_pkg/share/lidar_pkg/hook/cmake_prefix_path.ps1'
[3.634s] INFO:colcon.colcon_core.shell:Creating environment descriptor '/home/xc/桌面/roscar_nav/install/lidar_pkg/share/lidar_pkg/hook/cmake_prefix_path.dsv'
[3.640s] INFO:colcon.colcon_core.shell:Creating environment hook '/home/xc/桌面/roscar_nav/install/lidar_pkg/share/lidar_pkg/hook/cmake_prefix_path.sh'
[3.647s] Level 1:colcon.colcon_core.environment:checking '/home/xc/桌面/roscar_nav/install/lidar_pkg/lib'
[3.649s] Level 1:colcon.colcon_core.environment:checking '/home/xc/桌面/roscar_nav/install/lidar_pkg/bin'
[3.649s] Level 1:colcon.colcon_core.environment:checking '/home/xc/桌面/roscar_nav/install/lidar_pkg/lib/pkgconfig/lidar_pkg.pc'
[3.650s] Level 1:colcon.colcon_core.environment:checking '/home/xc/桌面/roscar_nav/install/lidar_pkg/lib/python3.10/site-packages'
[3.652s] Level 1:colcon.colcon_core.environment:checking '/home/xc/桌面/roscar_nav/install/lidar_pkg/bin'
[3.653s] INFO:colcon.colcon_core.shell:Creating package script '/home/xc/桌面/roscar_nav/install/lidar_pkg/share/lidar_pkg/package.ps1'
[3.656s] INFO:colcon.colcon_core.shell:Creating package descriptor '/home/xc/桌面/roscar_nav/install/lidar_pkg/share/lidar_pkg/package.dsv'
[3.659s] INFO:colcon.colcon_core.shell:Creating package script '/home/xc/桌面/roscar_nav/install/lidar_pkg/share/lidar_pkg/package.sh'
[3.662s] INFO:colcon.colcon_core.shell:Creating package script '/home/xc/桌面/roscar_nav/install/lidar_pkg/share/lidar_pkg/package.bash'
[3.667s] INFO:colcon.colcon_core.shell:Creating package script '/home/xc/桌面/roscar_nav/install/lidar_pkg/share/lidar_pkg/package.zsh'
[3.670s] Level 1:colcon.colcon_core.environment:create_file_with_runtime_dependencies(/home/xc/桌面/roscar_nav/install/lidar_pkg/share/colcon-core/packages/lidar_pkg)
[3.675s] Level 1:colcon.colcon_core.environment:create_environment_scripts_only(lidar_pkg)
[3.677s] Level 1:colcon.colcon_core.environment:checking '/home/xc/桌面/roscar_nav/install/lidar_pkg' for CMake module files
[3.682s] Level 1:colcon.colcon_core.environment:checking '/home/xc/桌面/roscar_nav/install/lidar_pkg' for CMake config files
[3.686s] Level 1:colcon.colcon_core.shell:create_environment_hook('lidar_pkg', 'cmake_prefix_path')
[3.687s] INFO:colcon.colcon_core.shell:Creating environment hook '/home/xc/桌面/roscar_nav/install/lidar_pkg/share/lidar_pkg/hook/cmake_prefix_path.ps1'
[3.690s] INFO:colcon.colcon_core.shell:Creating environment descriptor '/home/xc/桌面/roscar_nav/install/lidar_pkg/share/lidar_pkg/hook/cmake_prefix_path.dsv'
[3.693s] INFO:colcon.colcon_core.shell:Creating environment hook '/home/xc/桌面/roscar_nav/install/lidar_pkg/share/lidar_pkg/hook/cmake_prefix_path.sh'
[3.699s] Level 1:colcon.colcon_core.environment:checking '/home/xc/桌面/roscar_nav/install/lidar_pkg/lib'
[3.700s] Level 1:colcon.colcon_core.environment:checking '/home/xc/桌面/roscar_nav/install/lidar_pkg/bin'
[3.700s] Level 1:colcon.colcon_core.environment:checking '/home/xc/桌面/roscar_nav/install/lidar_pkg/lib/pkgconfig/lidar_pkg.pc'
[3.701s] Level 1:colcon.colcon_core.environment:checking '/home/xc/桌面/roscar_nav/install/lidar_pkg/lib/python3.10/site-packages'
[3.702s] Level 1:colcon.colcon_core.environment:checking '/home/xc/桌面/roscar_nav/install/lidar_pkg/bin'
[3.704s] INFO:colcon.colcon_core.shell:Creating package script '/home/xc/桌面/roscar_nav/install/lidar_pkg/share/lidar_pkg/package.ps1'
[3.707s] INFO:colcon.colcon_core.shell:Creating package descriptor '/home/xc/桌面/roscar_nav/install/lidar_pkg/share/lidar_pkg/package.dsv'
[3.710s] INFO:colcon.colcon_core.shell:Creating package script '/home/xc/桌面/roscar_nav/install/lidar_pkg/share/lidar_pkg/package.sh'
[3.715s] INFO:colcon.colcon_core.shell:Creating package script '/home/xc/桌面/roscar_nav/install/lidar_pkg/share/lidar_pkg/package.bash'
[3.718s] INFO:colcon.colcon_core.shell:Creating package script '/home/xc/桌面/roscar_nav/install/lidar_pkg/share/lidar_pkg/package.zsh'
[3.723s] Level 1:colcon.colcon_core.environment:create_file_with_runtime_dependencies(/home/xc/桌面/roscar_nav/install/lidar_pkg/share/colcon-core/packages/lidar_pkg)
[3.725s] DEBUG:colcon.colcon_parallel_executor.executor.parallel:closing loop
[3.727s] DEBUG:colcon.colcon_parallel_executor.executor.parallel:loop closed
[3.727s] DEBUG:colcon.colcon_parallel_executor.executor.parallel:run_until_complete finished with '0'
[3.728s] DEBUG:colcon.colcon_core.event_reactor:joining thread
[3.755s] INFO:colcon.colcon_core.plugin_system:Skipping extension 'colcon_notification.desktop_notification.terminal_notifier': Not used on non-Darwin systems
[3.755s] INFO:colcon.colcon_core.plugin_system:Skipping extension 'colcon_notification.desktop_notification.win32': Not used on non-Windows systems
[3.755s] INFO:colcon.colcon_notification.desktop_notification:Sending desktop notification using 'notify2'
[3.799s] DEBUG:colcon.colcon_core.event_reactor:joined thread
[3.800s] INFO:colcon.colcon_core.shell:Creating prefix script '/home/xc/桌面/roscar_nav/install/local_setup.ps1'
[3.805s] INFO:colcon.colcon_core.shell:Creating prefix util module '/home/xc/桌面/roscar_nav/install/_local_setup_util_ps1.py'
[3.812s] INFO:colcon.colcon_core.shell:Creating prefix chain script '/home/xc/桌面/roscar_nav/install/setup.ps1'
[3.817s] INFO:colcon.colcon_core.shell:Creating prefix script '/home/xc/桌面/roscar_nav/install/local_setup.sh'
[3.820s] INFO:colcon.colcon_core.shell:Creating prefix util module '/home/xc/桌面/roscar_nav/install/_local_setup_util_sh.py'
[3.918s] INFO:colcon.colcon_core.shell:Creating prefix chain script '/home/xc/桌面/roscar_nav/install/setup.sh'
[3.926s] INFO:colcon.colcon_core.shell:Creating prefix script '/home/xc/桌面/roscar_nav/install/local_setup.bash'
[3.930s] INFO:colcon.colcon_core.shell:Creating prefix chain script '/home/xc/桌面/roscar_nav/install/setup.bash'
[4.003s] INFO:colcon.colcon_core.shell:Creating prefix script '/home/xc/桌面/roscar_nav/install/local_setup.zsh'
[4.010s] INFO:colcon.colcon_core.shell:Creating prefix chain script '/home/xc/桌面/roscar_nav/install/setup.zsh'
