[0.647s] DEBUG:colcon:Command line arguments: ['/usr/bin/colcon', 'build']
[0.648s] DEBUG:colcon:Parsed command line arguments: Namespace(log_base=None, log_level=None, verb_name='build', build_base='build', install_base='install', merge_install=False, symlink_install=False, test_result_base=None, continue_on_error=False, executor='parallel', parallel_workers=4, event_handlers=None, ignore_user_meta=False, metas=['./colcon.meta'], base_paths=['.'], packages_ignore=None, packages_ignore_regex=None, paths=None, packages_up_to=None, packages_up_to_regex=None, packages_above=None, packages_above_and_dependencies=None, packages_above_depth=None, packages_select_by_dep=None, packages_skip_by_dep=None, packages_skip_up_to=None, packages_select_build_failed=False, packages_skip_build_finished=False, packages_select_test_failures=False, packages_skip_test_passed=False, packages_select=None, packages_skip=None, packages_select_regex=None, packages_skip_regex=None, packages_start=None, packages_end=None, allow_overriding=[], cmake_args=None, cmake_target=None, cmake_target_skip_unavailable=False, cmake_clean_cache=False, cmake_clean_first=False, cmake_force_configure=False, ament_cmake_args=None, catkin_cmake_args=None, catkin_skip_building_tests=False, verb_parser=<colcon_defaults.argument_parser.defaults.DefaultArgumentsDecorator object at 0xffffbc50f880>, verb_extension=<colcon_core.verb.build.BuildVerb object at 0xffffbc6788b0>, main=<bound method BuildVerb.main of <colcon_core.verb.build.BuildVerb object at 0xffffbc6788b0>>)
[2.083s] Level 1:colcon.colcon_core.package_discovery:discover_packages(colcon_meta) check parameters
[2.084s] Level 1:colcon.colcon_core.package_discovery:discover_packages(recursive) check parameters
[2.084s] Level 1:colcon.colcon_core.package_discovery:discover_packages(ignore) check parameters
[2.084s] Level 1:colcon.colcon_core.package_discovery:discover_packages(path) check parameters
[2.085s] Level 1:colcon.colcon_core.package_discovery:discover_packages(colcon_meta) discover
[2.085s] Level 1:colcon.colcon_core.package_discovery:discover_packages(recursive) discover
[2.085s] INFO:colcon.colcon_core.package_discovery:Crawling recursively for packages in '/home/xc/桌面/roscar_nav'
[2.086s] Level 1:colcon.colcon_core.package_identification:_identify(.) by extensions ['ignore', 'ignore_ament_install']
[2.087s] Level 1:colcon.colcon_core.package_identification:_identify(.) by extension 'ignore'
[2.088s] Level 1:colcon.colcon_core.package_identification:_identify(.) by extension 'ignore_ament_install'
[2.088s] Level 1:colcon.colcon_core.package_identification:_identify(.) by extensions ['colcon_pkg']
[2.088s] Level 1:colcon.colcon_core.package_identification:_identify(.) by extension 'colcon_pkg'
[2.089s] Level 1:colcon.colcon_core.package_identification:_identify(.) by extensions ['colcon_meta']
[2.089s] Level 1:colcon.colcon_core.package_identification:_identify(.) by extension 'colcon_meta'
[2.089s] Level 1:colcon.colcon_core.package_identification:_identify(.) by extensions ['ros']
[2.089s] Level 1:colcon.colcon_core.package_identification:_identify(.) by extension 'ros'
[2.139s] Level 1:colcon.colcon_core.package_identification:_identify(.) by extensions ['cmake', 'python']
[2.139s] Level 1:colcon.colcon_core.package_identification:_identify(.) by extension 'cmake'
[2.140s] Level 1:colcon.colcon_core.package_identification:_identify(.) by extension 'python'
[2.140s] Level 1:colcon.colcon_core.package_identification:_identify(.) by extensions ['python_setup_py']
[2.140s] Level 1:colcon.colcon_core.package_identification:_identify(.) by extension 'python_setup_py'
[2.140s] Level 1:colcon.colcon_core.package_identification:_identify(build) by extensions ['ignore', 'ignore_ament_install']
[2.141s] Level 1:colcon.colcon_core.package_identification:_identify(build) by extension 'ignore'
[2.141s] Level 1:colcon.colcon_core.package_identification:_identify(build) ignored
[2.142s] Level 1:colcon.colcon_core.package_identification:_identify(install) by extensions ['ignore', 'ignore_ament_install']
[2.142s] Level 1:colcon.colcon_core.package_identification:_identify(install) by extension 'ignore'
[2.142s] Level 1:colcon.colcon_core.package_identification:_identify(install) ignored
[2.143s] Level 1:colcon.colcon_core.package_identification:_identify(log) by extensions ['ignore', 'ignore_ament_install']
[2.143s] Level 1:colcon.colcon_core.package_identification:_identify(log) by extension 'ignore'
[2.143s] Level 1:colcon.colcon_core.package_identification:_identify(log) ignored
[2.144s] Level 1:colcon.colcon_core.package_identification:_identify(src) by extensions ['ignore', 'ignore_ament_install']
[2.144s] Level 1:colcon.colcon_core.package_identification:_identify(src) by extension 'ignore'
[2.144s] Level 1:colcon.colcon_core.package_identification:_identify(src) by extension 'ignore_ament_install'
[2.144s] Level 1:colcon.colcon_core.package_identification:_identify(src) by extensions ['colcon_pkg']
[2.144s] Level 1:colcon.colcon_core.package_identification:_identify(src) by extension 'colcon_pkg'
[2.145s] Level 1:colcon.colcon_core.package_identification:_identify(src) by extensions ['colcon_meta']
[2.145s] Level 1:colcon.colcon_core.package_identification:_identify(src) by extension 'colcon_meta'
[2.145s] Level 1:colcon.colcon_core.package_identification:_identify(src) by extensions ['ros']
[2.145s] Level 1:colcon.colcon_core.package_identification:_identify(src) by extension 'ros'
[2.145s] Level 1:colcon.colcon_core.package_identification:_identify(src) by extensions ['cmake', 'python']
[2.146s] Level 1:colcon.colcon_core.package_identification:_identify(src) by extension 'cmake'
[2.146s] Level 1:colcon.colcon_core.package_identification:_identify(src) by extension 'python'
[2.146s] Level 1:colcon.colcon_core.package_identification:_identify(src) by extensions ['python_setup_py']
[2.146s] Level 1:colcon.colcon_core.package_identification:_identify(src) by extension 'python_setup_py'
[2.146s] Level 1:colcon.colcon_core.package_identification:_identify(src/fishbot_bringup) by extensions ['ignore', 'ignore_ament_install']
[2.147s] Level 1:colcon.colcon_core.package_identification:_identify(src/fishbot_bringup) by extension 'ignore'
[2.147s] Level 1:colcon.colcon_core.package_identification:_identify(src/fishbot_bringup) by extension 'ignore_ament_install'
[2.147s] Level 1:colcon.colcon_core.package_identification:_identify(src/fishbot_bringup) by extensions ['colcon_pkg']
[2.147s] Level 1:colcon.colcon_core.package_identification:_identify(src/fishbot_bringup) by extension 'colcon_pkg'
[2.148s] Level 1:colcon.colcon_core.package_identification:_identify(src/fishbot_bringup) by extensions ['colcon_meta']
[2.148s] Level 1:colcon.colcon_core.package_identification:_identify(src/fishbot_bringup) by extension 'colcon_meta'
[2.148s] Level 1:colcon.colcon_core.package_identification:_identify(src/fishbot_bringup) by extensions ['ros']
[2.148s] Level 1:colcon.colcon_core.package_identification:_identify(src/fishbot_bringup) by extension 'ros'
[2.158s] DEBUG:colcon.colcon_core.package_identification:Package 'src/fishbot_bringup' with type 'ros.ament_cmake' and name 'fishbot_bringup'
[2.159s] Level 1:colcon.colcon_core.package_identification:_identify(src/fishbot_description) by extensions ['ignore', 'ignore_ament_install']
[2.159s] Level 1:colcon.colcon_core.package_identification:_identify(src/fishbot_description) by extension 'ignore'
[2.160s] Level 1:colcon.colcon_core.package_identification:_identify(src/fishbot_description) by extension 'ignore_ament_install'
[2.160s] Level 1:colcon.colcon_core.package_identification:_identify(src/fishbot_description) by extensions ['colcon_pkg']
[2.160s] Level 1:colcon.colcon_core.package_identification:_identify(src/fishbot_description) by extension 'colcon_pkg'
[2.160s] Level 1:colcon.colcon_core.package_identification:_identify(src/fishbot_description) by extensions ['colcon_meta']
[2.160s] Level 1:colcon.colcon_core.package_identification:_identify(src/fishbot_description) by extension 'colcon_meta'
[2.161s] Level 1:colcon.colcon_core.package_identification:_identify(src/fishbot_description) by extensions ['ros']
[2.161s] Level 1:colcon.colcon_core.package_identification:_identify(src/fishbot_description) by extension 'ros'
[2.163s] DEBUG:colcon.colcon_core.package_identification:Package 'src/fishbot_description' with type 'ros.ament_cmake' and name 'fishbot_description'
[2.164s] Level 1:colcon.colcon_core.package_identification:_identify(src/lidar_pkg_ros2-main) by extensions ['ignore', 'ignore_ament_install']
[2.165s] Level 1:colcon.colcon_core.package_identification:_identify(src/lidar_pkg_ros2-main) by extension 'ignore'
[2.165s] Level 1:colcon.colcon_core.package_identification:_identify(src/lidar_pkg_ros2-main) by extension 'ignore_ament_install'
[2.165s] Level 1:colcon.colcon_core.package_identification:_identify(src/lidar_pkg_ros2-main) by extensions ['colcon_pkg']
[2.165s] Level 1:colcon.colcon_core.package_identification:_identify(src/lidar_pkg_ros2-main) by extension 'colcon_pkg'
[2.165s] Level 1:colcon.colcon_core.package_identification:_identify(src/lidar_pkg_ros2-main) by extensions ['colcon_meta']
[2.166s] Level 1:colcon.colcon_core.package_identification:_identify(src/lidar_pkg_ros2-main) by extension 'colcon_meta'
[2.166s] Level 1:colcon.colcon_core.package_identification:_identify(src/lidar_pkg_ros2-main) by extensions ['ros']
[2.166s] Level 1:colcon.colcon_core.package_identification:_identify(src/lidar_pkg_ros2-main) by extension 'ros'
[2.169s] DEBUG:colcon.colcon_core.package_identification:Package 'src/lidar_pkg_ros2-main' with type 'ros.ament_cmake' and name 'lidar_pkg'
[2.170s] Level 1:colcon.colcon_core.package_identification:_identify(src/slam_pkg) by extensions ['ignore', 'ignore_ament_install']
[2.170s] Level 1:colcon.colcon_core.package_identification:_identify(src/slam_pkg) by extension 'ignore'
[2.171s] Level 1:colcon.colcon_core.package_identification:_identify(src/slam_pkg) by extension 'ignore_ament_install'
[2.171s] Level 1:colcon.colcon_core.package_identification:_identify(src/slam_pkg) by extensions ['colcon_pkg']
[2.171s] Level 1:colcon.colcon_core.package_identification:_identify(src/slam_pkg) by extension 'colcon_pkg'
[2.171s] Level 1:colcon.colcon_core.package_identification:_identify(src/slam_pkg) by extensions ['colcon_meta']
[2.171s] Level 1:colcon.colcon_core.package_identification:_identify(src/slam_pkg) by extension 'colcon_meta'
[2.172s] Level 1:colcon.colcon_core.package_identification:_identify(src/slam_pkg) by extensions ['ros']
[2.172s] Level 1:colcon.colcon_core.package_identification:_identify(src/slam_pkg) by extension 'ros'
[2.174s] DEBUG:colcon.colcon_core.package_identification:Package 'src/slam_pkg' with type 'ros.ament_cmake' and name 'slam_pkg'
[2.175s] Level 1:colcon.colcon_core.package_discovery:discover_packages(recursive) using defaults
[2.175s] Level 1:colcon.colcon_core.package_discovery:discover_packages(ignore) discover
[2.175s] Level 1:colcon.colcon_core.package_discovery:discover_packages(ignore) using defaults
[2.175s] Level 1:colcon.colcon_core.package_discovery:discover_packages(path) discover
[2.175s] Level 1:colcon.colcon_core.package_discovery:discover_packages(path) using defaults
[2.330s] Level 1:colcon.colcon_core.package_discovery:discover_packages(prefix_path) check parameters
[2.331s] Level 1:colcon.colcon_core.package_discovery:discover_packages(prefix_path) discover
[2.346s] DEBUG:colcon.colcon_installed_package_information.package_discovery:Found 4 installed packages in /home/xc/桌面/roscar_nav/install
[2.357s] DEBUG:colcon.colcon_installed_package_information.package_discovery:Found 281 installed packages in /opt/ros/humble
[2.364s] Level 1:colcon.colcon_core.package_discovery:discover_packages(prefix_path) using defaults
[2.534s] Level 5:colcon.colcon_core.verb:set package 'fishbot_bringup' build argument 'cmake_args' from command line to 'None'
[2.535s] Level 5:colcon.colcon_core.verb:set package 'fishbot_bringup' build argument 'cmake_target' from command line to 'None'
[2.535s] Level 5:colcon.colcon_core.verb:set package 'fishbot_bringup' build argument 'cmake_target_skip_unavailable' from command line to 'False'
[2.535s] Level 5:colcon.colcon_core.verb:set package 'fishbot_bringup' build argument 'cmake_clean_cache' from command line to 'False'
[2.535s] Level 5:colcon.colcon_core.verb:set package 'fishbot_bringup' build argument 'cmake_clean_first' from command line to 'False'
[2.535s] Level 5:colcon.colcon_core.verb:set package 'fishbot_bringup' build argument 'cmake_force_configure' from command line to 'False'
[2.535s] Level 5:colcon.colcon_core.verb:set package 'fishbot_bringup' build argument 'ament_cmake_args' from command line to 'None'
[2.535s] Level 5:colcon.colcon_core.verb:set package 'fishbot_bringup' build argument 'catkin_cmake_args' from command line to 'None'
[2.535s] Level 5:colcon.colcon_core.verb:set package 'fishbot_bringup' build argument 'catkin_skip_building_tests' from command line to 'False'
[2.536s] DEBUG:colcon.colcon_core.verb:Building package 'fishbot_bringup' with the following arguments: {'ament_cmake_args': None, 'build_base': '/home/xc/桌面/roscar_nav/build/fishbot_bringup', 'catkin_cmake_args': None, 'catkin_skip_building_tests': False, 'cmake_args': None, 'cmake_clean_cache': False, 'cmake_clean_first': False, 'cmake_force_configure': False, 'cmake_target': None, 'cmake_target_skip_unavailable': False, 'install_base': '/home/xc/桌面/roscar_nav/install/fishbot_bringup', 'merge_install': False, 'path': '/home/xc/桌面/roscar_nav/src/fishbot_bringup', 'symlink_install': False, 'test_result_base': None}
[2.537s] Level 5:colcon.colcon_core.verb:set package 'fishbot_description' build argument 'cmake_args' from command line to 'None'
[2.537s] Level 5:colcon.colcon_core.verb:set package 'fishbot_description' build argument 'cmake_target' from command line to 'None'
[2.537s] Level 5:colcon.colcon_core.verb:set package 'fishbot_description' build argument 'cmake_target_skip_unavailable' from command line to 'False'
[2.538s] Level 5:colcon.colcon_core.verb:set package 'fishbot_description' build argument 'cmake_clean_cache' from command line to 'False'
[2.538s] Level 5:colcon.colcon_core.verb:set package 'fishbot_description' build argument 'cmake_clean_first' from command line to 'False'
[2.538s] Level 5:colcon.colcon_core.verb:set package 'fishbot_description' build argument 'cmake_force_configure' from command line to 'False'
[2.538s] Level 5:colcon.colcon_core.verb:set package 'fishbot_description' build argument 'ament_cmake_args' from command line to 'None'
[2.538s] Level 5:colcon.colcon_core.verb:set package 'fishbot_description' build argument 'catkin_cmake_args' from command line to 'None'
[2.538s] Level 5:colcon.colcon_core.verb:set package 'fishbot_description' build argument 'catkin_skip_building_tests' from command line to 'False'
[2.538s] DEBUG:colcon.colcon_core.verb:Building package 'fishbot_description' with the following arguments: {'ament_cmake_args': None, 'build_base': '/home/xc/桌面/roscar_nav/build/fishbot_description', 'catkin_cmake_args': None, 'catkin_skip_building_tests': False, 'cmake_args': None, 'cmake_clean_cache': False, 'cmake_clean_first': False, 'cmake_force_configure': False, 'cmake_target': None, 'cmake_target_skip_unavailable': False, 'install_base': '/home/xc/桌面/roscar_nav/install/fishbot_description', 'merge_install': False, 'path': '/home/xc/桌面/roscar_nav/src/fishbot_description', 'symlink_install': False, 'test_result_base': None}
[2.540s] Level 5:colcon.colcon_core.verb:set package 'lidar_pkg' build argument 'cmake_args' from command line to 'None'
[2.540s] Level 5:colcon.colcon_core.verb:set package 'lidar_pkg' build argument 'cmake_target' from command line to 'None'
[2.540s] Level 5:colcon.colcon_core.verb:set package 'lidar_pkg' build argument 'cmake_target_skip_unavailable' from command line to 'False'
[2.540s] Level 5:colcon.colcon_core.verb:set package 'lidar_pkg' build argument 'cmake_clean_cache' from command line to 'False'
[2.540s] Level 5:colcon.colcon_core.verb:set package 'lidar_pkg' build argument 'cmake_clean_first' from command line to 'False'
[2.540s] Level 5:colcon.colcon_core.verb:set package 'lidar_pkg' build argument 'cmake_force_configure' from command line to 'False'
[2.540s] Level 5:colcon.colcon_core.verb:set package 'lidar_pkg' build argument 'ament_cmake_args' from command line to 'None'
[2.540s] Level 5:colcon.colcon_core.verb:set package 'lidar_pkg' build argument 'catkin_cmake_args' from command line to 'None'
[2.540s] Level 5:colcon.colcon_core.verb:set package 'lidar_pkg' build argument 'catkin_skip_building_tests' from command line to 'False'
[2.541s] DEBUG:colcon.colcon_core.verb:Building package 'lidar_pkg' with the following arguments: {'ament_cmake_args': None, 'build_base': '/home/xc/桌面/roscar_nav/build/lidar_pkg', 'catkin_cmake_args': None, 'catkin_skip_building_tests': False, 'cmake_args': None, 'cmake_clean_cache': False, 'cmake_clean_first': False, 'cmake_force_configure': False, 'cmake_target': None, 'cmake_target_skip_unavailable': False, 'install_base': '/home/xc/桌面/roscar_nav/install/lidar_pkg', 'merge_install': False, 'path': '/home/xc/桌面/roscar_nav/src/lidar_pkg_ros2-main', 'symlink_install': False, 'test_result_base': None}
[2.542s] Level 5:colcon.colcon_core.verb:set package 'slam_pkg' build argument 'cmake_args' from command line to 'None'
[2.542s] Level 5:colcon.colcon_core.verb:set package 'slam_pkg' build argument 'cmake_target' from command line to 'None'
[2.542s] Level 5:colcon.colcon_core.verb:set package 'slam_pkg' build argument 'cmake_target_skip_unavailable' from command line to 'False'
[2.542s] Level 5:colcon.colcon_core.verb:set package 'slam_pkg' build argument 'cmake_clean_cache' from command line to 'False'
[2.542s] Level 5:colcon.colcon_core.verb:set package 'slam_pkg' build argument 'cmake_clean_first' from command line to 'False'
[2.543s] Level 5:colcon.colcon_core.verb:set package 'slam_pkg' build argument 'cmake_force_configure' from command line to 'False'
[2.543s] Level 5:colcon.colcon_core.verb:set package 'slam_pkg' build argument 'ament_cmake_args' from command line to 'None'
[2.543s] Level 5:colcon.colcon_core.verb:set package 'slam_pkg' build argument 'catkin_cmake_args' from command line to 'None'
[2.543s] Level 5:colcon.colcon_core.verb:set package 'slam_pkg' build argument 'catkin_skip_building_tests' from command line to 'False'
[2.543s] DEBUG:colcon.colcon_core.verb:Building package 'slam_pkg' with the following arguments: {'ament_cmake_args': None, 'build_base': '/home/xc/桌面/roscar_nav/build/slam_pkg', 'catkin_cmake_args': None, 'catkin_skip_building_tests': False, 'cmake_args': None, 'cmake_clean_cache': False, 'cmake_clean_first': False, 'cmake_force_configure': False, 'cmake_target': None, 'cmake_target_skip_unavailable': False, 'install_base': '/home/xc/桌面/roscar_nav/install/slam_pkg', 'merge_install': False, 'path': '/home/xc/桌面/roscar_nav/src/slam_pkg', 'symlink_install': False, 'test_result_base': None}
[2.543s] INFO:colcon.colcon_core.executor:Executing jobs using 'parallel' executor
[2.547s] DEBUG:colcon.colcon_parallel_executor.executor.parallel:run_until_complete
[2.548s] INFO:colcon.colcon_ros.task.ament_cmake.build:Building ROS package in '/home/xc/桌面/roscar_nav/src/fishbot_bringup' with build type 'ament_cmake'
[2.549s] INFO:colcon.colcon_cmake.task.cmake.build:Building CMake package in '/home/xc/桌面/roscar_nav/src/fishbot_bringup'
[2.568s] INFO:colcon.colcon_core.plugin_system:Skipping extension 'colcon_core.shell.bat': Not used on non-Windows systems
[2.569s] INFO:colcon.colcon_core.shell:Skip shell extension 'powershell' for command environment: Not usable outside of PowerShell
[2.569s] DEBUG:colcon.colcon_core.shell:Skip shell extension 'dsv' for command environment
[2.592s] INFO:colcon.colcon_ros.task.ament_cmake.build:Building ROS package in '/home/xc/桌面/roscar_nav/src/fishbot_description' with build type 'ament_cmake'
[2.592s] INFO:colcon.colcon_cmake.task.cmake.build:Building CMake package in '/home/xc/桌面/roscar_nav/src/fishbot_description'
[2.593s] INFO:colcon.colcon_core.shell:Skip shell extension 'powershell' for command environment: Not usable outside of PowerShell
[2.594s] DEBUG:colcon.colcon_core.shell:Skip shell extension 'dsv' for command environment
[2.614s] INFO:colcon.colcon_ros.task.ament_cmake.build:Building ROS package in '/home/xc/桌面/roscar_nav/src/lidar_pkg_ros2-main' with build type 'ament_cmake'
[2.615s] INFO:colcon.colcon_cmake.task.cmake.build:Building CMake package in '/home/xc/桌面/roscar_nav/src/lidar_pkg_ros2-main'
[2.616s] INFO:colcon.colcon_core.shell:Skip shell extension 'powershell' for command environment: Not usable outside of PowerShell
[2.616s] DEBUG:colcon.colcon_core.shell:Skip shell extension 'dsv' for command environment
[2.636s] INFO:colcon.colcon_ros.task.ament_cmake.build:Building ROS package in '/home/xc/桌面/roscar_nav/src/slam_pkg' with build type 'ament_cmake'
[2.637s] INFO:colcon.colcon_cmake.task.cmake.build:Building CMake package in '/home/xc/桌面/roscar_nav/src/slam_pkg'
[2.639s] INFO:colcon.colcon_core.shell:Skip shell extension 'powershell' for command environment: Not usable outside of PowerShell
[2.639s] DEBUG:colcon.colcon_core.shell:Skip shell extension 'dsv' for command environment
[2.911s] DEBUG:colcon.colcon_core.event_handler.log_command:Invoking command in '/home/xc/桌面/roscar_nav/build/fishbot_bringup': CMAKE_PREFIX_PATH=${CMAKE_PREFIX_PATH}:/opt/ros/humble /usr/bin/cmake --build /home/xc/桌面/roscar_nav/build/fishbot_bringup -- -j4 -l4
[3.008s] DEBUG:colcon.colcon_core.event_handler.log_command:Invoking command in '/home/xc/桌面/roscar_nav/build/fishbot_description': CMAKE_PREFIX_PATH=${CMAKE_PREFIX_PATH}:/opt/ros/humble /usr/bin/cmake --build /home/xc/桌面/roscar_nav/build/fishbot_description -- -j4 -l4
[3.023s] DEBUG:colcon.colcon_core.event_handler.log_command:Invoking command in '/home/xc/桌面/roscar_nav/build/lidar_pkg': CMAKE_PREFIX_PATH=${CMAKE_PREFIX_PATH}:/opt/ros/humble /usr/bin/cmake --build /home/xc/桌面/roscar_nav/build/lidar_pkg -- -j4 -l4
[3.071s] DEBUG:colcon.colcon_core.event_handler.log_command:Invoking command in '/home/xc/桌面/roscar_nav/build/slam_pkg': CMAKE_PREFIX_PATH=${CMAKE_PREFIX_PATH}:/opt/ros/humble /usr/bin/cmake --build /home/xc/桌面/roscar_nav/build/slam_pkg -- -j4 -l4
[3.301s] DEBUG:colcon.colcon_core.event_handler.log_command:Invoked command in '/home/xc/桌面/roscar_nav/build/slam_pkg' returned '0': CMAKE_PREFIX_PATH=${CMAKE_PREFIX_PATH}:/opt/ros/humble /usr/bin/cmake --build /home/xc/桌面/roscar_nav/build/slam_pkg -- -j4 -l4
[3.349s] DEBUG:colcon.colcon_core.event_handler.log_command:Invoking command in '/home/xc/桌面/roscar_nav/build/slam_pkg': CMAKE_PREFIX_PATH=${CMAKE_PREFIX_PATH}:/opt/ros/humble /usr/bin/cmake --install /home/xc/桌面/roscar_nav/build/slam_pkg
[3.359s] DEBUG:colcon.colcon_core.event_handler.log_command:Invoked command in '/home/xc/桌面/roscar_nav/build/fishbot_description' returned '0': CMAKE_PREFIX_PATH=${CMAKE_PREFIX_PATH}:/opt/ros/humble /usr/bin/cmake --build /home/xc/桌面/roscar_nav/build/fishbot_description -- -j4 -l4
[3.444s] Level 1:colcon.colcon_core.environment:create_environment_scripts_only(slam_pkg)
[3.469s] DEBUG:colcon.colcon_core.event_handler.log_command:Invoking command in '/home/xc/桌面/roscar_nav/build/fishbot_description': CMAKE_PREFIX_PATH=${CMAKE_PREFIX_PATH}:/opt/ros/humble /usr/bin/cmake --install /home/xc/桌面/roscar_nav/build/fishbot_description
[3.471s] DEBUG:colcon.colcon_core.event_handler.log_command:Invoked command in '/home/xc/桌面/roscar_nav/build/slam_pkg' returned '0': CMAKE_PREFIX_PATH=${CMAKE_PREFIX_PATH}:/opt/ros/humble /usr/bin/cmake --install /home/xc/桌面/roscar_nav/build/slam_pkg
[3.620s] Level 1:colcon.colcon_core.environment:checking '/home/xc/桌面/roscar_nav/install/slam_pkg' for CMake module files
[3.625s] Level 1:colcon.colcon_core.environment:checking '/home/xc/桌面/roscar_nav/install/slam_pkg' for CMake config files
[3.629s] Level 1:colcon.colcon_core.shell:create_environment_hook('slam_pkg', 'cmake_prefix_path')
[3.630s] INFO:colcon.colcon_core.shell:Creating environment hook '/home/xc/桌面/roscar_nav/install/slam_pkg/share/slam_pkg/hook/cmake_prefix_path.ps1'
[3.690s] INFO:colcon.colcon_core.shell:Creating environment descriptor '/home/xc/桌面/roscar_nav/install/slam_pkg/share/slam_pkg/hook/cmake_prefix_path.dsv'
[3.697s] INFO:colcon.colcon_core.shell:Creating environment hook '/home/xc/桌面/roscar_nav/install/slam_pkg/share/slam_pkg/hook/cmake_prefix_path.sh'
[3.706s] Level 1:colcon.colcon_core.environment:checking '/home/xc/桌面/roscar_nav/install/slam_pkg/bin'
[3.707s] Level 1:colcon.colcon_core.environment:checking '/home/xc/桌面/roscar_nav/install/slam_pkg/lib/pkgconfig/slam_pkg.pc'
[3.708s] Level 1:colcon.colcon_core.environment:checking '/home/xc/桌面/roscar_nav/install/slam_pkg/lib/python3.10/site-packages'
[3.710s] Level 1:colcon.colcon_core.environment:checking '/home/xc/桌面/roscar_nav/install/slam_pkg/bin'
[3.711s] INFO:colcon.colcon_core.shell:Creating package script '/home/xc/桌面/roscar_nav/install/slam_pkg/share/slam_pkg/package.ps1'
[3.780s] INFO:colcon.colcon_core.shell:Creating package descriptor '/home/xc/桌面/roscar_nav/install/slam_pkg/share/slam_pkg/package.dsv'
[3.788s] INFO:colcon.colcon_core.shell:Creating package script '/home/xc/桌面/roscar_nav/install/slam_pkg/share/slam_pkg/package.sh'
[3.803s] INFO:colcon.colcon_core.shell:Creating package script '/home/xc/桌面/roscar_nav/install/slam_pkg/share/slam_pkg/package.bash'
[3.836s] INFO:colcon.colcon_core.shell:Creating package script '/home/xc/桌面/roscar_nav/install/slam_pkg/share/slam_pkg/package.zsh'
[3.848s] Level 1:colcon.colcon_core.environment:create_file_with_runtime_dependencies(/home/xc/桌面/roscar_nav/install/slam_pkg/share/colcon-core/packages/slam_pkg)
[3.854s] Level 1:colcon.colcon_core.environment:create_environment_scripts_only(slam_pkg)
[3.856s] Level 1:colcon.colcon_core.environment:checking '/home/xc/桌面/roscar_nav/install/slam_pkg' for CMake module files
[3.859s] Level 1:colcon.colcon_core.environment:checking '/home/xc/桌面/roscar_nav/install/slam_pkg' for CMake config files
[3.862s] Level 1:colcon.colcon_core.shell:create_environment_hook('slam_pkg', 'cmake_prefix_path')
[3.863s] INFO:colcon.colcon_core.shell:Creating environment hook '/home/xc/桌面/roscar_nav/install/slam_pkg/share/slam_pkg/hook/cmake_prefix_path.ps1'
[3.945s] INFO:colcon.colcon_core.shell:Creating environment descriptor '/home/xc/桌面/roscar_nav/install/slam_pkg/share/slam_pkg/hook/cmake_prefix_path.dsv'
[3.952s] INFO:colcon.colcon_core.shell:Creating environment hook '/home/xc/桌面/roscar_nav/install/slam_pkg/share/slam_pkg/hook/cmake_prefix_path.sh'
[3.958s] Level 1:colcon.colcon_core.environment:checking '/home/xc/桌面/roscar_nav/install/slam_pkg/bin'
[3.961s] Level 1:colcon.colcon_core.environment:checking '/home/xc/桌面/roscar_nav/install/slam_pkg/lib/pkgconfig/slam_pkg.pc'
[3.962s] Level 1:colcon.colcon_core.environment:checking '/home/xc/桌面/roscar_nav/install/slam_pkg/lib/python3.10/site-packages'
[3.964s] Level 1:colcon.colcon_core.environment:checking '/home/xc/桌面/roscar_nav/install/slam_pkg/bin'
[3.967s] INFO:colcon.colcon_core.shell:Creating package script '/home/xc/桌面/roscar_nav/install/slam_pkg/share/slam_pkg/package.ps1'
[4.036s] INFO:colcon.colcon_core.shell:Creating package descriptor '/home/xc/桌面/roscar_nav/install/slam_pkg/share/slam_pkg/package.dsv'
[4.045s] INFO:colcon.colcon_core.shell:Creating package script '/home/xc/桌面/roscar_nav/install/slam_pkg/share/slam_pkg/package.sh'
[4.052s] INFO:colcon.colcon_core.shell:Creating package script '/home/xc/桌面/roscar_nav/install/slam_pkg/share/slam_pkg/package.bash'
[4.125s] INFO:colcon.colcon_core.shell:Creating package script '/home/xc/桌面/roscar_nav/install/slam_pkg/share/slam_pkg/package.zsh'
[4.133s] Level 1:colcon.colcon_core.environment:create_file_with_runtime_dependencies(/home/xc/桌面/roscar_nav/install/slam_pkg/share/colcon-core/packages/slam_pkg)
[4.142s] Level 1:colcon.colcon_core.environment:create_environment_scripts_only(fishbot_description)
[4.144s] Level 1:colcon.colcon_core.environment:checking '/home/xc/桌面/roscar_nav/install/fishbot_description' for CMake module files
[4.148s] Level 1:colcon.colcon_core.environment:checking '/home/xc/桌面/roscar_nav/install/fishbot_description' for CMake config files
[4.151s] Level 1:colcon.colcon_core.shell:create_environment_hook('fishbot_description', 'cmake_prefix_path')
[4.152s] INFO:colcon.colcon_core.shell:Creating environment hook '/home/xc/桌面/roscar_nav/install/fishbot_description/share/fishbot_description/hook/cmake_prefix_path.ps1'
[4.216s] INFO:colcon.colcon_core.shell:Creating environment descriptor '/home/xc/桌面/roscar_nav/install/fishbot_description/share/fishbot_description/hook/cmake_prefix_path.dsv'
[4.225s] DEBUG:colcon.colcon_core.event_handler.log_command:Invoked command in '/home/xc/桌面/roscar_nav/build/fishbot_description' returned '0': CMAKE_PREFIX_PATH=${CMAKE_PREFIX_PATH}:/opt/ros/humble /usr/bin/cmake --install /home/xc/桌面/roscar_nav/build/fishbot_description
[4.229s] INFO:colcon.colcon_core.shell:Creating environment hook '/home/xc/桌面/roscar_nav/install/fishbot_description/share/fishbot_description/hook/cmake_prefix_path.sh'
[4.304s] Level 1:colcon.colcon_core.environment:checking '/home/xc/桌面/roscar_nav/install/fishbot_description/bin'
[4.304s] Level 1:colcon.colcon_core.environment:checking '/home/xc/桌面/roscar_nav/install/fishbot_description/lib/pkgconfig/fishbot_description.pc'
[4.306s] Level 1:colcon.colcon_core.environment:checking '/home/xc/桌面/roscar_nav/install/fishbot_description/lib/python3.10/site-packages'
[4.310s] Level 1:colcon.colcon_core.environment:checking '/home/xc/桌面/roscar_nav/install/fishbot_description/bin'
[4.313s] INFO:colcon.colcon_core.shell:Creating package script '/home/xc/桌面/roscar_nav/install/fishbot_description/share/fishbot_description/package.ps1'
[4.321s] INFO:colcon.colcon_core.shell:Creating package descriptor '/home/xc/桌面/roscar_nav/install/fishbot_description/share/fishbot_description/package.dsv'
[4.326s] INFO:colcon.colcon_core.shell:Creating package script '/home/xc/桌面/roscar_nav/install/fishbot_description/share/fishbot_description/package.sh'
[4.409s] INFO:colcon.colcon_core.shell:Creating package script '/home/xc/桌面/roscar_nav/install/fishbot_description/share/fishbot_description/package.bash'
[4.415s] INFO:colcon.colcon_core.shell:Creating package script '/home/xc/桌面/roscar_nav/install/fishbot_description/share/fishbot_description/package.zsh'
[4.501s] Level 1:colcon.colcon_core.environment:create_file_with_runtime_dependencies(/home/xc/桌面/roscar_nav/install/fishbot_description/share/colcon-core/packages/fishbot_description)
[4.505s] Level 1:colcon.colcon_core.environment:create_environment_scripts_only(fishbot_description)
[4.507s] Level 1:colcon.colcon_core.environment:checking '/home/xc/桌面/roscar_nav/install/fishbot_description' for CMake module files
[4.512s] Level 1:colcon.colcon_core.environment:checking '/home/xc/桌面/roscar_nav/install/fishbot_description' for CMake config files
[4.515s] Level 1:colcon.colcon_core.shell:create_environment_hook('fishbot_description', 'cmake_prefix_path')
[4.516s] INFO:colcon.colcon_core.shell:Creating environment hook '/home/xc/桌面/roscar_nav/install/fishbot_description/share/fishbot_description/hook/cmake_prefix_path.ps1'
[4.520s] INFO:colcon.colcon_core.shell:Creating environment descriptor '/home/xc/桌面/roscar_nav/install/fishbot_description/share/fishbot_description/hook/cmake_prefix_path.dsv'
[4.594s] INFO:colcon.colcon_core.shell:Creating environment hook '/home/xc/桌面/roscar_nav/install/fishbot_description/share/fishbot_description/hook/cmake_prefix_path.sh'
[4.602s] Level 1:colcon.colcon_core.environment:checking '/home/xc/桌面/roscar_nav/install/fishbot_description/bin'
[4.605s] Level 1:colcon.colcon_core.environment:checking '/home/xc/桌面/roscar_nav/install/fishbot_description/lib/pkgconfig/fishbot_description.pc'
[4.608s] Level 1:colcon.colcon_core.environment:checking '/home/xc/桌面/roscar_nav/install/fishbot_description/lib/python3.10/site-packages'
[4.609s] Level 1:colcon.colcon_core.environment:checking '/home/xc/桌面/roscar_nav/install/fishbot_description/bin'
[4.611s] INFO:colcon.colcon_core.shell:Creating package script '/home/xc/桌面/roscar_nav/install/fishbot_description/share/fishbot_description/package.ps1'
[4.614s] INFO:colcon.colcon_core.shell:Creating package descriptor '/home/xc/桌面/roscar_nav/install/fishbot_description/share/fishbot_description/package.dsv'
[4.617s] INFO:colcon.colcon_core.shell:Creating package script '/home/xc/桌面/roscar_nav/install/fishbot_description/share/fishbot_description/package.sh'
[4.686s] INFO:colcon.colcon_core.shell:Creating package script '/home/xc/桌面/roscar_nav/install/fishbot_description/share/fishbot_description/package.bash'
[4.690s] INFO:colcon.colcon_core.shell:Creating package script '/home/xc/桌面/roscar_nav/install/fishbot_description/share/fishbot_description/package.zsh'
[4.694s] Level 1:colcon.colcon_core.environment:create_file_with_runtime_dependencies(/home/xc/桌面/roscar_nav/install/fishbot_description/share/colcon-core/packages/fishbot_description)
[4.785s] DEBUG:colcon.colcon_core.event_handler.log_command:Invoked command in '/home/xc/桌面/roscar_nav/build/fishbot_bringup' returned '0': CMAKE_PREFIX_PATH=${CMAKE_PREFIX_PATH}:/opt/ros/humble /usr/bin/cmake --build /home/xc/桌面/roscar_nav/build/fishbot_bringup -- -j4 -l4
[4.804s] DEBUG:colcon.colcon_core.event_handler.log_command:Invoking command in '/home/xc/桌面/roscar_nav/build/fishbot_bringup': CMAKE_PREFIX_PATH=${CMAKE_PREFIX_PATH}:/opt/ros/humble /usr/bin/cmake --install /home/xc/桌面/roscar_nav/build/fishbot_bringup
[4.805s] DEBUG:colcon.colcon_core.event_handler.log_command:Invoked command in '/home/xc/桌面/roscar_nav/build/lidar_pkg' returned '0': CMAKE_PREFIX_PATH=${CMAKE_PREFIX_PATH}:/opt/ros/humble /usr/bin/cmake --build /home/xc/桌面/roscar_nav/build/lidar_pkg -- -j4 -l4
[4.887s] DEBUG:colcon.colcon_core.event_handler.log_command:Invoking command in '/home/xc/桌面/roscar_nav/build/lidar_pkg': CMAKE_PREFIX_PATH=${CMAKE_PREFIX_PATH}:/opt/ros/humble /usr/bin/cmake --install /home/xc/桌面/roscar_nav/build/lidar_pkg
[4.929s] Level 1:colcon.colcon_core.environment:create_environment_scripts_only(fishbot_bringup)
[4.931s] Level 1:colcon.colcon_core.environment:checking '/home/xc/桌面/roscar_nav/install/fishbot_bringup' for CMake module files
[4.935s] DEBUG:colcon.colcon_core.event_handler.log_command:Invoked command in '/home/xc/桌面/roscar_nav/build/fishbot_bringup' returned '0': CMAKE_PREFIX_PATH=${CMAKE_PREFIX_PATH}:/opt/ros/humble /usr/bin/cmake --install /home/xc/桌面/roscar_nav/build/fishbot_bringup
[4.942s] Level 1:colcon.colcon_core.environment:checking '/home/xc/桌面/roscar_nav/install/fishbot_bringup' for CMake config files
[4.949s] Level 1:colcon.colcon_core.shell:create_environment_hook('fishbot_bringup', 'cmake_prefix_path')
[4.950s] INFO:colcon.colcon_core.shell:Creating environment hook '/home/xc/桌面/roscar_nav/install/fishbot_bringup/share/fishbot_bringup/hook/cmake_prefix_path.ps1'
[4.977s] INFO:colcon.colcon_core.shell:Creating environment descriptor '/home/xc/桌面/roscar_nav/install/fishbot_bringup/share/fishbot_bringup/hook/cmake_prefix_path.dsv'
[5.040s] INFO:colcon.colcon_core.shell:Creating environment hook '/home/xc/桌面/roscar_nav/install/fishbot_bringup/share/fishbot_bringup/hook/cmake_prefix_path.sh'
[5.046s] Level 1:colcon.colcon_core.environment:checking '/home/xc/桌面/roscar_nav/install/fishbot_bringup/lib'
[5.048s] Level 1:colcon.colcon_core.environment:checking '/home/xc/桌面/roscar_nav/install/fishbot_bringup/bin'
[5.049s] Level 1:colcon.colcon_core.environment:checking '/home/xc/桌面/roscar_nav/install/fishbot_bringup/lib/pkgconfig/fishbot_bringup.pc'
[5.051s] Level 1:colcon.colcon_core.environment:checking '/home/xc/桌面/roscar_nav/install/fishbot_bringup/lib/python3.10/site-packages'
[5.054s] Level 1:colcon.colcon_core.environment:checking '/home/xc/桌面/roscar_nav/install/fishbot_bringup/bin'
[5.056s] INFO:colcon.colcon_core.shell:Creating package script '/home/xc/桌面/roscar_nav/install/fishbot_bringup/share/fishbot_bringup/package.ps1'
[5.092s] INFO:colcon.colcon_core.shell:Creating package descriptor '/home/xc/桌面/roscar_nav/install/fishbot_bringup/share/fishbot_bringup/package.dsv'
[5.097s] INFO:colcon.colcon_core.shell:Creating package script '/home/xc/桌面/roscar_nav/install/fishbot_bringup/share/fishbot_bringup/package.sh'
[5.102s] INFO:colcon.colcon_core.shell:Creating package script '/home/xc/桌面/roscar_nav/install/fishbot_bringup/share/fishbot_bringup/package.bash'
[5.143s] INFO:colcon.colcon_core.shell:Creating package script '/home/xc/桌面/roscar_nav/install/fishbot_bringup/share/fishbot_bringup/package.zsh'
[5.150s] Level 1:colcon.colcon_core.environment:create_file_with_runtime_dependencies(/home/xc/桌面/roscar_nav/install/fishbot_bringup/share/colcon-core/packages/fishbot_bringup)
[5.155s] Level 1:colcon.colcon_core.environment:create_environment_scripts_only(fishbot_bringup)
[5.157s] Level 1:colcon.colcon_core.environment:checking '/home/xc/桌面/roscar_nav/install/fishbot_bringup' for CMake module files
[5.161s] Level 1:colcon.colcon_core.environment:checking '/home/xc/桌面/roscar_nav/install/fishbot_bringup' for CMake config files
[5.163s] Level 1:colcon.colcon_core.shell:create_environment_hook('fishbot_bringup', 'cmake_prefix_path')
[5.164s] INFO:colcon.colcon_core.shell:Creating environment hook '/home/xc/桌面/roscar_nav/install/fishbot_bringup/share/fishbot_bringup/hook/cmake_prefix_path.ps1'
[5.215s] INFO:colcon.colcon_core.shell:Creating environment descriptor '/home/xc/桌面/roscar_nav/install/fishbot_bringup/share/fishbot_bringup/hook/cmake_prefix_path.dsv'
[5.220s] INFO:colcon.colcon_core.shell:Creating environment hook '/home/xc/桌面/roscar_nav/install/fishbot_bringup/share/fishbot_bringup/hook/cmake_prefix_path.sh'
[5.227s] Level 1:colcon.colcon_core.environment:checking '/home/xc/桌面/roscar_nav/install/fishbot_bringup/lib'
[5.228s] Level 1:colcon.colcon_core.environment:checking '/home/xc/桌面/roscar_nav/install/fishbot_bringup/bin'
[5.228s] Level 1:colcon.colcon_core.environment:checking '/home/xc/桌面/roscar_nav/install/fishbot_bringup/lib/pkgconfig/fishbot_bringup.pc'
[5.230s] Level 1:colcon.colcon_core.environment:checking '/home/xc/桌面/roscar_nav/install/fishbot_bringup/lib/python3.10/site-packages'
[5.232s] Level 1:colcon.colcon_core.environment:checking '/home/xc/桌面/roscar_nav/install/fishbot_bringup/bin'
[5.292s] INFO:colcon.colcon_core.shell:Creating package script '/home/xc/桌面/roscar_nav/install/fishbot_bringup/share/fishbot_bringup/package.ps1'
[5.300s] INFO:colcon.colcon_core.shell:Creating package descriptor '/home/xc/桌面/roscar_nav/install/fishbot_bringup/share/fishbot_bringup/package.dsv'
[5.304s] INFO:colcon.colcon_core.shell:Creating package script '/home/xc/桌面/roscar_nav/install/fishbot_bringup/share/fishbot_bringup/package.sh'
[5.309s] INFO:colcon.colcon_core.shell:Creating package script '/home/xc/桌面/roscar_nav/install/fishbot_bringup/share/fishbot_bringup/package.bash'
[5.314s] INFO:colcon.colcon_core.shell:Creating package script '/home/xc/桌面/roscar_nav/install/fishbot_bringup/share/fishbot_bringup/package.zsh'
[5.348s] Level 1:colcon.colcon_core.environment:create_file_with_runtime_dependencies(/home/xc/桌面/roscar_nav/install/fishbot_bringup/share/colcon-core/packages/fishbot_bringup)
[5.352s] Level 1:colcon.colcon_core.environment:create_environment_scripts_only(lidar_pkg)
[5.353s] Level 1:colcon.colcon_core.environment:checking '/home/xc/桌面/roscar_nav/install/lidar_pkg' for CMake module files
[5.356s] DEBUG:colcon.colcon_core.event_handler.log_command:Invoked command in '/home/xc/桌面/roscar_nav/build/lidar_pkg' returned '0': CMAKE_PREFIX_PATH=${CMAKE_PREFIX_PATH}:/opt/ros/humble /usr/bin/cmake --install /home/xc/桌面/roscar_nav/build/lidar_pkg
[5.358s] Level 1:colcon.colcon_core.environment:checking '/home/xc/桌面/roscar_nav/install/lidar_pkg' for CMake config files
[5.361s] Level 1:colcon.colcon_core.shell:create_environment_hook('lidar_pkg', 'cmake_prefix_path')
[5.362s] INFO:colcon.colcon_core.shell:Creating environment hook '/home/xc/桌面/roscar_nav/install/lidar_pkg/share/lidar_pkg/hook/cmake_prefix_path.ps1'
[5.365s] INFO:colcon.colcon_core.shell:Creating environment descriptor '/home/xc/桌面/roscar_nav/install/lidar_pkg/share/lidar_pkg/hook/cmake_prefix_path.dsv'
[5.367s] INFO:colcon.colcon_core.shell:Creating environment hook '/home/xc/桌面/roscar_nav/install/lidar_pkg/share/lidar_pkg/hook/cmake_prefix_path.sh'
[5.371s] Level 1:colcon.colcon_core.environment:checking '/home/xc/桌面/roscar_nav/install/lidar_pkg/lib'
[5.371s] Level 1:colcon.colcon_core.environment:checking '/home/xc/桌面/roscar_nav/install/lidar_pkg/bin'
[5.372s] Level 1:colcon.colcon_core.environment:checking '/home/xc/桌面/roscar_nav/install/lidar_pkg/lib/pkgconfig/lidar_pkg.pc'
[5.373s] Level 1:colcon.colcon_core.environment:checking '/home/xc/桌面/roscar_nav/install/lidar_pkg/lib/python3.10/site-packages'
[5.374s] Level 1:colcon.colcon_core.environment:checking '/home/xc/桌面/roscar_nav/install/lidar_pkg/bin'
[5.376s] INFO:colcon.colcon_core.shell:Creating package script '/home/xc/桌面/roscar_nav/install/lidar_pkg/share/lidar_pkg/package.ps1'
[5.378s] INFO:colcon.colcon_core.shell:Creating package descriptor '/home/xc/桌面/roscar_nav/install/lidar_pkg/share/lidar_pkg/package.dsv'
[5.380s] INFO:colcon.colcon_core.shell:Creating package script '/home/xc/桌面/roscar_nav/install/lidar_pkg/share/lidar_pkg/package.sh'
[5.383s] INFO:colcon.colcon_core.shell:Creating package script '/home/xc/桌面/roscar_nav/install/lidar_pkg/share/lidar_pkg/package.bash'
[5.385s] INFO:colcon.colcon_core.shell:Creating package script '/home/xc/桌面/roscar_nav/install/lidar_pkg/share/lidar_pkg/package.zsh'
[5.387s] Level 1:colcon.colcon_core.environment:create_file_with_runtime_dependencies(/home/xc/桌面/roscar_nav/install/lidar_pkg/share/colcon-core/packages/lidar_pkg)
[5.390s] Level 1:colcon.colcon_core.environment:create_environment_scripts_only(lidar_pkg)
[5.392s] Level 1:colcon.colcon_core.environment:checking '/home/xc/桌面/roscar_nav/install/lidar_pkg' for CMake module files
[5.396s] Level 1:colcon.colcon_core.environment:checking '/home/xc/桌面/roscar_nav/install/lidar_pkg' for CMake config files
[5.399s] Level 1:colcon.colcon_core.shell:create_environment_hook('lidar_pkg', 'cmake_prefix_path')
[5.400s] INFO:colcon.colcon_core.shell:Creating environment hook '/home/xc/桌面/roscar_nav/install/lidar_pkg/share/lidar_pkg/hook/cmake_prefix_path.ps1'
[5.403s] INFO:colcon.colcon_core.shell:Creating environment descriptor '/home/xc/桌面/roscar_nav/install/lidar_pkg/share/lidar_pkg/hook/cmake_prefix_path.dsv'
[5.405s] INFO:colcon.colcon_core.shell:Creating environment hook '/home/xc/桌面/roscar_nav/install/lidar_pkg/share/lidar_pkg/hook/cmake_prefix_path.sh'
[5.408s] Level 1:colcon.colcon_core.environment:checking '/home/xc/桌面/roscar_nav/install/lidar_pkg/lib'
[5.408s] Level 1:colcon.colcon_core.environment:checking '/home/xc/桌面/roscar_nav/install/lidar_pkg/bin'
[5.409s] Level 1:colcon.colcon_core.environment:checking '/home/xc/桌面/roscar_nav/install/lidar_pkg/lib/pkgconfig/lidar_pkg.pc'
[5.410s] Level 1:colcon.colcon_core.environment:checking '/home/xc/桌面/roscar_nav/install/lidar_pkg/lib/python3.10/site-packages'
[5.411s] Level 1:colcon.colcon_core.environment:checking '/home/xc/桌面/roscar_nav/install/lidar_pkg/bin'
[5.413s] INFO:colcon.colcon_core.shell:Creating package script '/home/xc/桌面/roscar_nav/install/lidar_pkg/share/lidar_pkg/package.ps1'
[5.415s] INFO:colcon.colcon_core.shell:Creating package descriptor '/home/xc/桌面/roscar_nav/install/lidar_pkg/share/lidar_pkg/package.dsv'
[5.418s] INFO:colcon.colcon_core.shell:Creating package script '/home/xc/桌面/roscar_nav/install/lidar_pkg/share/lidar_pkg/package.sh'
[5.421s] INFO:colcon.colcon_core.shell:Creating package script '/home/xc/桌面/roscar_nav/install/lidar_pkg/share/lidar_pkg/package.bash'
[5.423s] INFO:colcon.colcon_core.shell:Creating package script '/home/xc/桌面/roscar_nav/install/lidar_pkg/share/lidar_pkg/package.zsh'
[5.425s] Level 1:colcon.colcon_core.environment:create_file_with_runtime_dependencies(/home/xc/桌面/roscar_nav/install/lidar_pkg/share/colcon-core/packages/lidar_pkg)
[5.427s] DEBUG:colcon.colcon_parallel_executor.executor.parallel:closing loop
[5.428s] DEBUG:colcon.colcon_parallel_executor.executor.parallel:loop closed
[5.429s] DEBUG:colcon.colcon_parallel_executor.executor.parallel:run_until_complete finished with '0'
[5.429s] DEBUG:colcon.colcon_core.event_reactor:joining thread
[5.474s] INFO:colcon.colcon_core.plugin_system:Skipping extension 'colcon_notification.desktop_notification.terminal_notifier': Not used on non-Darwin systems
[5.474s] INFO:colcon.colcon_core.plugin_system:Skipping extension 'colcon_notification.desktop_notification.win32': Not used on non-Windows systems
[5.475s] INFO:colcon.colcon_notification.desktop_notification:Sending desktop notification using 'notify2'
[5.541s] DEBUG:colcon.colcon_core.event_reactor:joined thread
[5.543s] INFO:colcon.colcon_core.shell:Creating prefix script '/home/xc/桌面/roscar_nav/install/local_setup.ps1'
[5.548s] INFO:colcon.colcon_core.shell:Creating prefix util module '/home/xc/桌面/roscar_nav/install/_local_setup_util_ps1.py'
[5.558s] INFO:colcon.colcon_core.shell:Creating prefix chain script '/home/xc/桌面/roscar_nav/install/setup.ps1'
[5.565s] INFO:colcon.colcon_core.shell:Creating prefix script '/home/xc/桌面/roscar_nav/install/local_setup.sh'
[5.571s] INFO:colcon.colcon_core.shell:Creating prefix util module '/home/xc/桌面/roscar_nav/install/_local_setup_util_sh.py'
[5.574s] INFO:colcon.colcon_core.shell:Creating prefix chain script '/home/xc/桌面/roscar_nav/install/setup.sh'
[5.582s] INFO:colcon.colcon_core.shell:Creating prefix script '/home/xc/桌面/roscar_nav/install/local_setup.bash'
[5.586s] INFO:colcon.colcon_core.shell:Creating prefix chain script '/home/xc/桌面/roscar_nav/install/setup.bash'
[5.594s] INFO:colcon.colcon_core.shell:Creating prefix script '/home/xc/桌面/roscar_nav/install/local_setup.zsh'
[5.598s] INFO:colcon.colcon_core.shell:Creating prefix chain script '/home/xc/桌面/roscar_nav/install/setup.zsh'
