-- Install configuration: ""
-- Up-to-date: /home/xc/桌面/roscar_nav/install/xcar_description/share/xcar_description/urdf
-- Installing: /home/xc/桌面/roscar_nav/install/xcar_description/share/xcar_description/urdf/xcar.urdf
-- Up-to-date: /home/xc/桌面/roscar_nav/install/xcar_description/share/xcar_description/launch
-- Up-to-date: /home/xc/桌面/roscar_nav/install/xcar_description/share/xcar_description/launch/display.launch.py
-- Up-to-date: /home/xc/桌面/roscar_nav/install/xcar_description/share/xcar_description/rviz
-- Installing: /home/xc/桌面/roscar_nav/install/xcar_description/share/xcar_description/rviz/display.rviz
-- Up-to-date: /home/xc/桌面/roscar_nav/install/xcar_description/share/ament_index/resource_index/package_run_dependencies/xcar_description
-- Up-to-date: /home/xc/桌面/roscar_nav/install/xcar_description/share/ament_index/resource_index/parent_prefix_path/xcar_description
-- Up-to-date: /home/xc/桌面/roscar_nav/install/xcar_description/share/xcar_description/environment/ament_prefix_path.sh
-- Up-to-date: /home/xc/桌面/roscar_nav/install/xcar_description/share/xcar_description/environment/ament_prefix_path.dsv
-- Up-to-date: /home/xc/桌面/roscar_nav/install/xcar_description/share/xcar_description/environment/path.sh
-- Up-to-date: /home/xc/桌面/roscar_nav/install/xcar_description/share/xcar_description/environment/path.dsv
-- Up-to-date: /home/xc/桌面/roscar_nav/install/xcar_description/share/xcar_description/local_setup.bash
-- Up-to-date: /home/xc/桌面/roscar_nav/install/xcar_description/share/xcar_description/local_setup.sh
-- Up-to-date: /home/xc/桌面/roscar_nav/install/xcar_description/share/xcar_description/local_setup.zsh
-- Up-to-date: /home/xc/桌面/roscar_nav/install/xcar_description/share/xcar_description/local_setup.dsv
-- Up-to-date: /home/xc/桌面/roscar_nav/install/xcar_description/share/xcar_description/package.dsv
-- Up-to-date: /home/xc/桌面/roscar_nav/install/xcar_description/share/ament_index/resource_index/packages/xcar_description
-- Up-to-date: /home/xc/桌面/roscar_nav/install/xcar_description/share/xcar_description/cmake/xcar_descriptionConfig.cmake
-- Up-to-date: /home/xc/桌面/roscar_nav/install/xcar_description/share/xcar_description/cmake/xcar_descriptionConfig-version.cmake
-- Up-to-date: /home/xc/桌面/roscar_nav/install/xcar_description/share/xcar_description/package.xml
