[0.061s] Invoking command in '/home/xc/桌面/roscar_nav/build/xcar_description': CMAKE_PREFIX_PATH=${CMAKE_PREFIX_PATH}:/opt/ros/humble /usr/bin/cmake --build /home/xc/桌面/roscar_nav/build/xcar_description -- -j4 -l4
[0.316s] Invoked command in '/home/xc/桌面/roscar_nav/build/xcar_description' returned '0': CMAKE_PREFIX_PATH=${CMAKE_PREFIX_PATH}:/opt/ros/humble /usr/bin/cmake --build /home/xc/桌面/roscar_nav/build/xcar_description -- -j4 -l4
[0.359s] Invoking command in '/home/xc/桌面/roscar_nav/build/xcar_description': CMAKE_PREFIX_PATH=${CMAKE_PREFIX_PATH}:/opt/ros/humble /usr/bin/cmake --install /home/xc/桌面/roscar_nav/build/xcar_description
[0.386s] -- Install configuration: ""
[0.387s] -- Up-to-date: /home/xc/桌面/roscar_nav/install/xcar_description/share/xcar_description/urdf
[0.388s] -- Installing: /home/xc/桌面/roscar_nav/install/xcar_description/share/xcar_description/urdf/xcar.urdf
[0.388s] -- Up-to-date: /home/xc/桌面/roscar_nav/install/xcar_description/share/xcar_description/launch
[0.389s] -- Up-to-date: /home/xc/桌面/roscar_nav/install/xcar_description/share/xcar_description/launch/display.launch.py
[0.390s] -- Up-to-date: /home/xc/桌面/roscar_nav/install/xcar_description/share/xcar_description/rviz
[0.391s] -- Installing: /home/xc/桌面/roscar_nav/install/xcar_description/share/xcar_description/rviz/display.rviz
[0.392s] -- Up-to-date: /home/xc/桌面/roscar_nav/install/xcar_description/share/ament_index/resource_index/package_run_dependencies/xcar_description
[0.392s] -- Up-to-date: /home/xc/桌面/roscar_nav/install/xcar_description/share/ament_index/resource_index/parent_prefix_path/xcar_description
[0.393s] -- Up-to-date: /home/xc/桌面/roscar_nav/install/xcar_description/share/xcar_description/environment/ament_prefix_path.sh
[0.393s] -- Up-to-date: /home/xc/桌面/roscar_nav/install/xcar_description/share/xcar_description/environment/ament_prefix_path.dsv
[0.394s] -- Up-to-date: /home/xc/桌面/roscar_nav/install/xcar_description/share/xcar_description/environment/path.sh
[0.395s] -- Up-to-date: /home/xc/桌面/roscar_nav/install/xcar_description/share/xcar_description/environment/path.dsv
[0.395s] -- Up-to-date: /home/xc/桌面/roscar_nav/install/xcar_description/share/xcar_description/local_setup.bash
[0.396s] -- Up-to-date: /home/xc/桌面/roscar_nav/install/xcar_description/share/xcar_description/local_setup.sh
[0.396s] -- Up-to-date: /home/xc/桌面/roscar_nav/install/xcar_description/share/xcar_description/local_setup.zsh
[0.397s] -- Up-to-date: /home/xc/桌面/roscar_nav/install/xcar_description/share/xcar_description/local_setup.dsv
[0.397s] -- Up-to-date: /home/xc/桌面/roscar_nav/install/xcar_description/share/xcar_description/package.dsv
[0.398s] -- Up-to-date: /home/xc/桌面/roscar_nav/install/xcar_description/share/ament_index/resource_index/packages/xcar_description
[0.398s] -- Up-to-date: /home/xc/桌面/roscar_nav/install/xcar_description/share/xcar_description/cmake/xcar_descriptionConfig.cmake
[0.399s] -- Up-to-date: /home/xc/桌面/roscar_nav/install/xcar_description/share/xcar_description/cmake/xcar_descriptionConfig-version.cmake
[0.399s] -- Up-to-date: /home/xc/桌面/roscar_nav/install/xcar_description/share/xcar_description/package.xml
[0.441s] Invoked command in '/home/xc/桌面/roscar_nav/build/xcar_description' returned '0': CMAKE_PREFIX_PATH=${CMAKE_PREFIX_PATH}:/opt/ros/humble /usr/bin/cmake --install /home/xc/桌面/roscar_nav/build/xcar_description
